#0 building with "default" instance using docker driver

#1 [internal] load build definition from Dockerfile
#1 transferring dockerfile: 632B done
#1 DONE 0.1s

#2 [internal] load metadata for docker.io/library/python@sha256:229a2c5bfa27522db7815ea81f9bed70af17ccb9de9fc7ad142b1877b5830d36
#2 ...

#3 [context python_wheels] load .dockerignore
#3 transferring python_wheels: 2B done
#3 DONE 0.1s

#4 [auth] library/python:pull token for registry-1.docker.io
#4 DONE 0.0s

#5 [auth] library/python:pull token for registry-1.docker.io
#5 DONE 0.0s

#2 [internal] load metadata for docker.io/library/python@sha256:229a2c5bfa27522db7815ea81f9bed70af17ccb9de9fc7ad142b1877b5830d36
#2 DONE 0.3s

#6 [internal] load .dockerignore
#6 transferring context:
#6 transferring context: 81B done
#6 DONE 0.1s

#7 [context python_wheels] load from client
#7 DONE 0.0s

#8 [auth] library/python:pull token for registry-1.docker.io
#8 DONE 0.0s

#9 [auth] library/python:pull token for registry-1.docker.io
#9 DONE 0.0s

#10 [stage-0 1/5] FROM docker.io/library/python@sha256:229a2c5bfa27522db7815ea81f9bed70af17ccb9de9fc7ad142b1877b5830d36
#10 resolve docker.io/library/python@sha256:229a2c5bfa27522db7815ea81f9bed70af17ccb9de9fc7ad142b1877b5830d36 0.1s done
#10 DONE 0.1s

#11 [stage-0 2/5] WORKDIR /app
#11 CACHED

#12 [internal] load build context
#12 transferring context: 9.93kB done
#12 DONE 0.1s

#13 [stage-0 3/5] COPY requirements.lock /app/requirements.lock
#13 DONE 0.1s

#7 [context python_wheels] load from client
#7 transferring python_wheels: 20.38MB 1.3s done
#7 DONE 1.4s

#14 [stage-0 4/5] RUN --network=none --mount=type=bind,from=python_wheels,target=/wheels     pip install --no-index --find-links=/wheels --no-cache-dir --no-compile --require-hashes --only-binary=:all: -r /app/requirements.lock     && pip check
#14 1.190 Looking in links: /wheels
#14 1.197 Processing /wheels/aiohappyeyeballs-2.7.1-py3-none-any.whl (from -r /app/requirements.lock (line 2))
#14 1.201 Processing /wheels/aiohttp-3.14.3-cp312-cp312-manylinux2014_x86_64.manylinux_2_17_x86_64.manylinux_2_28_x86_64.whl (from -r /app/requirements.lock (line 3))
#14 1.207 Processing /wheels/aiohttp_retry-2.9.1-py3-none-any.whl (from -r /app/requirements.lock (line 4))
#14 1.209 Processing /wheels/aiosignal-1.4.0-py3-none-any.whl (from -r /app/requirements.lock (line 5))
#14 1.211 Processing /wheels/aiosmtplib-5.1.3-py3-none-any.whl (from -r /app/requirements.lock (line 6))
#14 1.214 Processing /wheels/annotated_doc-0.0.5-py3-none-any.whl (from -r /app/requirements.lock (line 7))
#14 1.216 Processing /wheels/annotated_types-0.8.0-py3-none-any.whl (from -r /app/requirements.lock (line 8))
#14 1.218 Processing /wheels/anyio-4.15.1-py3-none-any.whl (from -r /app/requirements.lock (line 9))
#14 1.220 Processing /wheels/asgiref-3.12.1-py3-none-any.whl (from -r /app/requirements.lock (line 10))
#14 1.222 Processing /wheels/attrs-26.1.0-py3-none-any.whl (from -r /app/requirements.lock (line 11))
#14 1.224 Processing /wheels/certifi-2026.7.22-py3-none-any.whl (from -r /app/requirements.lock (line 12))
#14 1.225 Processing /wheels/cffi-2.1.1-cp312-cp312-manylinux2014_x86_64.manylinux_2_17_x86_64.whl (from -r /app/requirements.lock (line 13))
#14 1.227 Processing /wheels/charset_normalizer-3.5.1-cp312-cp312-manylinux2014_x86_64.manylinux_2_17_x86_64.manylinux_2_28_x86_64.whl (from -r /app/requirements.lock (line 14))
#14 1.231 Processing /wheels/click-8.5.0-py3-none-any.whl (from -r /app/requirements.lock (line 15))
#14 1.234 Processing /wheels/cryptography-50.0.1-cp311-abi3-manylinux_2_34_x86_64.whl (from -r /app/requirements.lock (line 16))
#14 1.244 Processing /wheels/Deprecated-1.2.18-py2.py3-none-any.whl (from -r /app/requirements.lock (line 17))
#14 1.247 Processing /wheels/fastapi-0.141.1-py3-none-any.whl (from -r /app/requirements.lock (line 18))
#14 1.253 Processing /wheels/filelock-3.32.5-py3-none-any.whl (from -r /app/requirements.lock (line 19))
#14 1.254 Processing /wheels/frozenlist-1.8.0-cp312-cp312-manylinux1_x86_64.manylinux_2_28_x86_64.manylinux_2_5_x86_64.whl (from -r /app/requirements.lock (line 20))
#14 1.257 Processing /wheels/h11-0.16.0-py3-none-any.whl (from -r /app/requirements.lock (line 21))
#14 1.259 Processing /wheels/httpcore-1.0.9-py3-none-any.whl (from -r /app/requirements.lock (line 22))
#14 1.262 Processing /wheels/httpx-0.28.1-py3-none-any.whl (from -r /app/requirements.lock (line 23))
#14 1.264 Processing /wheels/idna-3.19-py3-none-any.whl (from -r /app/requirements.lock (line 24))
#14 1.267 Processing /wheels/multidict-6.7.1-cp312-cp312-manylinux2014_x86_64.manylinux_2_17_x86_64.manylinux_2_28_x86_64.whl (from -r /app/requirements.lock (line 25))
#14 1.270 Processing /wheels/packaging-25.0-py3-none-any.whl (from -r /app/requirements.lock (line 26))
#14 1.272 Processing /wheels/phonenumbers-9.0.38-py2.py3-none-any.whl (from -r /app/requirements.lock (line 27))
#14 1.280 Processing /wheels/pkce-1.0.3-py3-none-any.whl (from -r /app/requirements.lock (line 28))
#14 1.282 Processing /wheels/propcache-0.5.2-cp312-cp312-manylinux2014_x86_64.manylinux_2_17_x86_64.manylinux_2_28_x86_64.whl (from -r /app/requirements.lock (line 29))
#14 1.285 Processing /wheels/pycparser-3.0-py3-none-any.whl (from -r /app/requirements.lock (line 30))
#14 1.287 Processing /wheels/pycryptodome-3.20.0-cp35-abi3-manylinux_2_17_x86_64.manylinux2014_x86_64.whl (from -r /app/requirements.lock (line 31))
#14 1.295 Processing /wheels/pydantic-2.13.5-py3-none-any.whl (from -r /app/requirements.lock (line 32))
#14 1.300 Processing /wheels/pydantic_core-2.46.5-cp312-cp312-manylinux_2_17_x86_64.manylinux2014_x86_64.whl (from -r /app/requirements.lock (line 33))
#14 1.306 Processing /wheels/pyjwt-2.13.0-py3-none-any.whl (from -r /app/requirements.lock (line 34))
#14 1.309 Processing /wheels/pyotp-2.10.0-py3-none-any.whl (from -r /app/requirements.lock (line 35))
#14 1.311 Processing /wheels/python_dateutil-2.9.0.post0-py2.py3-none-any.whl (from -r /app/requirements.lock (line 36))
#14 1.314 Processing /wheels/requests-2.34.2-py3-none-any.whl (from -r /app/requirements.lock (line 37))
#14 1.316 Processing /wheels/requests_file-3.0.1-py2.py3-none-any.whl (from -r /app/requirements.lock (line 38))
#14 1.318 Processing /wheels/six-1.17.0-py2.py3-none-any.whl (from -r /app/requirements.lock (line 39))
#14 1.319 Processing /wheels/sniffio-1.3.1-py3-none-any.whl (from -r /app/requirements.lock (line 40))
#14 1.321 Processing /wheels/starlette-1.6.0-py3-none-any.whl (from -r /app/requirements.lock (line 41))
#14 1.324 Processing /wheels/supertokens_python-0.31.3-py3-none-any.whl (from -r /app/requirements.lock (line 42))
#14 1.333 Processing /wheels/tldextract-5.3.2-py3-none-any.whl (from -r /app/requirements.lock (line 43))
#14 1.335 Processing /wheels/twilio-9.11.0-py2.py3-none-any.whl (from -r /app/requirements.lock (line 44))
#14 1.345 Processing /wheels/typing_inspection-0.4.4-py3-none-any.whl (from -r /app/requirements.lock (line 45))
#14 1.346 Processing /wheels/typing_extensions-4.16.0-py3-none-any.whl (from -r /app/requirements.lock (line 46))
#14 1.348 Processing /wheels/urllib3-2.7.0-py3-none-any.whl (from -r /app/requirements.lock (line 47))
#14 1.350 Processing /wheels/uvicorn-0.52.4-py3-none-any.whl (from -r /app/requirements.lock (line 48))
#14 1.353 Processing /wheels/wrapt-1.17.3-cp312-cp312-manylinux1_x86_64.manylinux_2_28_x86_64.manylinux_2_5_x86_64.whl (from -r /app/requirements.lock (line 49))
#14 1.355 Processing /wheels/yarl-1.24.5-cp312-cp312-manylinux2014_x86_64.manylinux_2_17_x86_64.manylinux_2_28_x86_64.whl (from -r /app/requirements.lock (line 50))
#14 1.499 Installing collected packages: wrapt, urllib3, typing_extensions, sniffio, six, PyOTP, PyJWT, pycryptodome, pycparser, propcache, pkce, phonenumbers, packaging, multidict, idna, h11, frozenlist, filelock, click, charset-normalizer, certifi, attrs, asgiref, annotated-types, annotated-doc, aiosmtplib, aiohappyeyeballs, yarl, uvicorn, typing-inspection, requests, python-dateutil, pydantic_core, httpcore, Deprecated, cffi, anyio, aiosignal, starlette, requests-file, pydantic, httpx, cryptography, aiohttp, tldextract, fastapi, aiohttp-retry, twilio, supertokens_python
#14 3.212 Successfully installed Deprecated-1.2.18 PyJWT-2.13.0 PyOTP-2.10.0 aiohappyeyeballs-2.7.1 aiohttp-3.14.3 aiohttp-retry-2.9.1 aiosignal-1.4.0 aiosmtplib-5.1.3 annotated-doc-0.0.5 annotated-types-0.8.0 anyio-4.15.1 asgiref-3.12.1 attrs-26.1.0 certifi-2026.7.22 cffi-2.1.1 charset-normalizer-3.5.1 click-8.5.0 cryptography-50.0.1 fastapi-0.141.1 filelock-3.32.5 frozenlist-1.8.0 h11-0.16.0 httpcore-1.0.9 httpx-0.28.1 idna-3.19 multidict-6.7.1 packaging-25.0 phonenumbers-9.0.38 pkce-1.0.3 propcache-0.5.2 pycparser-3.0 pycryptodome-3.20.0 pydantic-2.13.5 pydantic_core-2.46.5 python-dateutil-2.9.0.post0 requests-2.34.2 requests-file-3.0.1 six-1.17.0 sniffio-1.3.1 starlette-1.6.0 supertokens_python-0.31.3 tldextract-5.3.2 twilio-9.11.0 typing-inspection-0.4.4 typing_extensions-4.16.0 urllib3-2.7.0 uvicorn-0.52.4 wrapt-1.17.3 yarl-1.24.5
#14 3.213 WARNING: Running pip as the 'root' user can result in broken permissions and conflicting behaviour with the system package manager, possibly rendering your system unusable. It is recommended to use a virtual environment instead: https://pip.pypa.io/warnings/venv. Use the --root-user-action option if you know what you are doing and want to suppress this warning.
#14 3.971 No broken requirements found.
#14 DONE 4.1s

#15 [stage-0 5/5] COPY app.py /app/app.py
#15 DONE 0.1s

#16 exporting to image
#16 exporting layers
#16 exporting layers 2.5s done
#16 exporting manifest sha256:094724f838d3e5faaa5d149cbb966f35b71e1903abedb94ed3988e45d066a242 0.0s done
#16 exporting config sha256:c2702bcd3295ab11ba14d8bc5f6a358013006d0b7068f388f453e95ea5064346 0.0s done
#16 naming to moby-dangling@sha256:094724f838d3e5faaa5d149cbb966f35b71e1903abedb94ed3988e45d066a242 done
#16 unpacking to moby-dangling@sha256:094724f838d3e5faaa5d149cbb966f35b71e1903abedb94ed3988e45d066a242
#16 unpacking to moby-dangling@sha256:094724f838d3e5faaa5d149cbb966f35b71e1903abedb94ed3988e45d066a242 0.9s done
#16 DONE 3.5s

#17 resolving provenance for metadata file
#17 DONE 0.0s
