#0 building with "default" instance using docker driver

#1 [internal] load build definition from Dockerfile
#1 transferring dockerfile: 852B done
#1 DONE 0.1s

#2 [internal] load metadata for docker.io/library/gradle@sha256:67b8c4bfd2b064e58a7307e2da1fc3881bc03ecc7a57cf61d8b570a02ebfaea2
#2 DONE 0.2s

#3 [auth] library/gradle:pull token for registry-1.docker.io
#3 DONE 0.0s

#4 [auth] library/gradle:pull token for registry-1.docker.io
#4 DONE 0.0s

#5 [internal] load .dockerignore
#5 transferring context: 2B done
#5 DONE 0.1s

#6 [auth] library/gradle:pull token for registry-1.docker.io
#6 DONE 0.0s

#7 [auth] library/gradle:pull token for registry-1.docker.io
#7 DONE 0.0s

#8 [1/7] FROM docker.io/library/gradle@sha256:67b8c4bfd2b064e58a7307e2da1fc3881bc03ecc7a57cf61d8b570a02ebfaea2
#8 resolve docker.io/library/gradle@sha256:67b8c4bfd2b064e58a7307e2da1fc3881bc03ecc7a57cf61d8b570a02ebfaea2 0.0s done
#8 DONE 0.0s

#9 [internal] load build context
#9 transferring context: 60.08MB 3.7s done
#9 DONE 3.7s

#10 [2/7] RUN mkdir -p /opt/expertauth/logs /opt/expertauth/.started /run/expertauth && chown -R gradle:gradle /opt/expertauth
#10 CACHED

#11 [3/7] COPY --chown=gradle:gradle lib /opt/expertauth/lib
#11 DONE 0.3s

#12 [4/7] COPY --chown=gradle:gradle plugin /opt/expertauth/plugin
#12 DONE 0.1s

#13 [5/7] COPY --chown=gradle:gradle version.yaml /opt/expertauth/version.yaml
#13 DONE 0.1s

#14 [6/7] COPY --chown=gradle:gradle licenses /opt/expertauth/licenses
#14 DONE 0.2s

#15 [7/7] WORKDIR /opt/expertauth
#15 DONE 0.1s

#16 exporting to image
#16 exporting layers
#16 exporting layers 1.4s done
#16 exporting manifest sha256:3e15c927a6625389e03bceb27d898d9a688bdf9d6431cb00b0668530ae56c97e 0.0s done
#16 exporting config sha256:b732b59c826a5527efae6df858e713dbcf5f0490e95cda537cdd721556b0aa37 0.0s done
#16 naming to moby-dangling@sha256:3e15c927a6625389e03bceb27d898d9a688bdf9d6431cb00b0668530ae56c97e done
#16 unpacking to moby-dangling@sha256:3e15c927a6625389e03bceb27d898d9a688bdf9d6431cb00b0668530ae56c97e
#16 unpacking to moby-dangling@sha256:3e15c927a6625389e03bceb27d898d9a688bdf9d6431cb00b0668530ae56c97e 0.4s done
#16 DONE 1.9s

#17 resolving provenance for metadata file
#17 DONE 0.0s
