[
    {
        "Id": "sha256:e02ab9bcd78eb1e2f24d8ba7dc0a6424ec98261ba192f205d11f5aed291fed55",
        "RepoTags": [],
        "RepoDigests": [],
        "Comment": "buildkit.dockerfile.v0",
        "Created": "2026-09-09T10:12:11.932029987Z",
        "Config": {
            "User": "node",
            "ExposedPorts": {
                "3000/tcp": {}
            },
            "Env": [
                "PATH=/usr/local/sbin:/usr/local/bin:/usr/sbin:/usr/bin:/sbin:/bin",
                "NODE_VERSION=22.23.2",
                "YARN_VERSION=1.22.22",
                "NODE_ENV=production"
            ],
            "Entrypoint": [
                "docker-entrypoint.sh"
            ],
            "Cmd": [
                "node",
                "server.js"
            ],
            "WorkingDir": "/app",
            "Labels": {
                "org.expertauth.build-run": "c373d5625e4648e3898b48fa8c808841",
                "org.expertauth.project": "expert-auth",
                "org.expertauth.purpose": "node-foundation"
            },
            "ArgsEscaped": true
        },
        "Architecture": "amd64",
        "Os": "linux",
        "Size": 95759071,
        "RootFS": {
            "Type": "layers",
            "Layers": [
                "sha256:66462cc862fe2053b9863fefa3866e07bb5dfb06f6b3ce3177cc096e4021aabe",
                "sha256:971f4222c89e76e28d9b107cb29729a5abb9fd7adea0d4a1c419ce9b73204feb",
                "sha256:d84f419161f986391e64d28f3e40dd54381ea37495b0a25daef6353bd8df4d92",
                "sha256:a45e8410aa35d5194fcdeb7f7969789ac3cc9431d5b69be8602492a2097909d7",
                "sha256:a8a755e4d6c4443f2aa3d52c6581a3253c71013f240d1a02edd519c317a66c4b",
                "sha256:871cf1e5a799be0a8dca5da16f8f0fcd7aa0a6687a2b1175900426afc84f1d50",
                "sha256:9eb1bdf30cf4fd4d9c136116fb8264cdf58e544ee7d5a3598e394b4dd733ef14",
                "sha256:9480e9ae32b25df7676109f98305d3bd7c05b08f26fc3e761fb2f34417b54122",
                "sha256:1d7711968ef8cdfe29d953b25ad26e10a8b1a0d9914b72fde47a065abf03d5db",
                "sha256:34a6c7e28437ae788250879cec9d29273265a1f2a282a383dbc0040a937f0e3d",
                "sha256:c4cf7574afc7d8b6d8d0f12a87388e0672b176ec815b3f00848d09d8b546e817",
                "sha256:494e77fafa63d49d3b05cbc4fed8efc78e51c51735c0e9c3dece6c99a8b92410"
            ]
        },
        "Metadata": {
            "LastTagTime": "2026-09-09T10:12:12.433694564Z"
        },
        "Descriptor": {
            "mediaType": "application/vnd.oci.image.manifest.v1+json",
            "digest": "sha256:e02ab9bcd78eb1e2f24d8ba7dc0a6424ec98261ba192f205d11f5aed291fed55",
            "size": 2570,
            "annotations": {
                "config.digest": "sha256:732e8f286a754ddc06ce0da84810a0dc5a126488c884a8280d232bac5e674452"
            }
        },
        "Identity": {
            "Build": [
                {
                    "Ref": "npyac6t9mzzrqf1t8i4mjqwoi",
                    "CreatedAt": "2026-09-09T10:12:12.570033438Z"
                }
            ]
        }
    }
]
