#0 building with "default" instance using docker driver

#1 [internal] load build definition from Dockerfile
#1 transferring dockerfile: 615B done
#1 DONE 0.0s

#2 [context node_packages] load .dockerignore
#2 transferring node_packages: 2B done
#2 DONE 0.0s

#3 [internal] load metadata for docker.io/library/node@sha256:d649c27dae7ba0137b3cef5dd75baa422c08dc3d9e3fc0c23dfb172dc3cc6436
#3 DONE 0.2s

#4 [auth] library/node:pull token for registry-1.docker.io
#4 DONE 0.0s

#5 [auth] library/node:pull token for registry-1.docker.io
#5 DONE 0.0s

#6 [internal] load .dockerignore
#6 transferring context: 100B done
#6 DONE 0.0s

#7 [context node_packages] load from client
#7 DONE 0.0s

#8 [internal] load build context
#8 DONE 0.0s

#9 [auth] library/node:pull token for registry-1.docker.io
#9 DONE 0.0s

#10 [auth] library/node:pull token for registry-1.docker.io
#10 DONE 0.0s

#11 [stage-0 1/8] FROM docker.io/library/node@sha256:d649c27dae7ba0137b3cef5dd75baa422c08dc3d9e3fc0c23dfb172dc3cc6436
#11 resolve docker.io/library/node@sha256:d649c27dae7ba0137b3cef5dd75baa422c08dc3d9e3fc0c23dfb172dc3cc6436 0.0s done
#11 DONE 0.0s

#8 [internal] load build context
#8 transferring context: 16.51kB done
#8 DONE 0.0s

#7 [context node_packages] load from client
#7 transferring node_packages: 38.29kB 0.1s done
#7 DONE 0.1s

#12 [stage-0 2/8] WORKDIR /app
#12 CACHED

#13 [stage-0 3/8] COPY --chmod=0644 package.json package-lock.json ./
#13 CACHED

#14 [stage-0 4/8] RUN --network=none --mount=type=bind,from=node_packages,target=/npm-cache,rw     npm ci --offline --cache=/npm-cache --ignore-scripts --no-audit --no-fund
#14 CACHED

#15 [stage-0 5/8] COPY --chmod=0644 server.js email-delivery.js client.jsx build.mjs ./
#15 DONE 0.1s

#16 [stage-0 6/8] RUN --network=none mkdir -m 0755 public
#16 DONE 0.1s

#17 [stage-0 7/8] COPY --chmod=0644 public/index.html ./public/index.html
#17 DONE 0.1s

#18 [stage-0 8/8] RUN --network=none node build.mjs
#18 DONE 0.3s

#19 exporting to image
#19 exporting layers
#19 exporting layers 0.4s done
#19 exporting manifest sha256:e02ab9bcd78eb1e2f24d8ba7dc0a6424ec98261ba192f205d11f5aed291fed55 0.0s done
#19 exporting config sha256:732e8f286a754ddc06ce0da84810a0dc5a126488c884a8280d232bac5e674452 0.0s done
#19 naming to moby-dangling@sha256:e02ab9bcd78eb1e2f24d8ba7dc0a6424ec98261ba192f205d11f5aed291fed55 done
#19 unpacking to moby-dangling@sha256:e02ab9bcd78eb1e2f24d8ba7dc0a6424ec98261ba192f205d11f5aed291fed55 0.1s done
#19 DONE 0.6s

#20 resolving provenance for metadata file
#20 DONE 0.0s
