TAP version 13
# Subtest: NODE-LIVE-001 readiness performs an authenticated database query
ok 1 - NODE-LIVE-001 readiness performs an authenticated database query
  ---
  duration_ms: 34.063266
  type: 'test'
  ...
# Subtest: NODE-PWD-001 signup creates a real online-verifiable session
ok 2 - NODE-PWD-001 signup creates a real online-verifiable session
  ---
  duration_ms: 161.08814
  type: 'test'
  ...
# Subtest: NODE-PWD-002 wrong password produces no session
ok 3 - NODE-PWD-002 wrong password produces no session
  ---
  duration_ms: 289.733706
  type: 'test'
  ...
# Subtest: NODE-SESSION-001 no token and malformed token rejected
ok 4 - NODE-SESSION-001 no token and malformed token rejected
  ---
  duration_ms: 3.703604
  type: 'test'
  ...
# Subtest: NODE-SESSION-002 refresh rotates and logout blocks online access and refresh
not ok 5 - NODE-SESSION-002 refresh rotates and logout blocks online access and refresh
  ---
  duration_ms: 206.120331
  type: 'test'
  location: '/app/test/live.test.js:44:1'
  failureType: 'testCodeFailure'
  error: |-
    Expected values to be strictly equal:
    
    401 !== 200
    
  code: 'ERR_ASSERTION'
  name: 'AssertionError'
  expected: 200
  actual: 401
  operator: 'strictEqual'
  stack: |-
    TestContext.<anonymous> (file:///app/test/live.test.js:58:10)
    process.processTicksAndRejections (node:internal/process/task_queues:103:5)
    async Test.run (node:internal/test_runner/test:1054:7)
    async Test.processPendingSubtests (node:internal/test_runner/test:744:7)
  ...
# Subtest: NODE-TENANT-001 valid session cannot substitute its tenant
ok 6 - NODE-TENANT-001 valid session cannot substitute its tenant
  ---
  duration_ms: 159.888311
  type: 'test'
  ...
# Subtest: NODE-ORIGIN-001 foreign origin cannot submit authenticated or anonymous calls
ok 7 - NODE-ORIGIN-001 foreign origin cannot submit authenticated or anonymous calls
  ---
  duration_ms: 2.549056
  type: 'test'
  ...
# Subtest: NODE-PRIVATE-001 Core business APIs are not public routes
ok 8 - NODE-PRIVATE-001 Core business APIs are not public routes
  ---
  duration_ms: 4.470046
  type: 'test'
  ...
# Subtest: NODE-COOKIE-001 cookie attributes and refresh CSRF
ok 9 - NODE-COOKIE-001 cookie attributes and refresh CSRF
  ---
  duration_ms: 141.384022
  type: 'test'
  ...
# Subtest: NODE-LIMIT-001 oversized JSON rejected without reflecting payload
ok 10 - NODE-LIMIT-001 oversized JSON rejected without reflecting payload
  ---
  duration_ms: 3.51277
  type: 'test'
  ...
1..10
# tests 10
# suites 0
# pass 9
# fail 1
# cancelled 0
# skipped 0
# todo 0
# duration_ms 1060.907755
