[
    {
        "Id": "sha256:67b8c4bfd2b064e58a7307e2da1fc3881bc03ecc7a57cf61d8b570a02ebfaea2",
        "RepoTags": [
            "gradle:8.13-jdk21"
        ],
        "RepoDigests": [
            "gradle@sha256:67b8c4bfd2b064e58a7307e2da1fc3881bc03ecc7a57cf61d8b570a02ebfaea2"
        ],
        "Comment": "buildkit.dockerfile.v0",
        "Created": "2025-04-15T14:24:24Z",
        "Config": {
            "User": "root",
            "Env": [
                "PATH=/opt/java/openjdk/bin:/usr/local/sbin:/usr/local/bin:/usr/sbin:/usr/bin:/sbin:/bin",
                "JAVA_HOME=/opt/java/openjdk",
                "LANG=en_US.UTF-8",
                "LANGUAGE=en_US:en",
                "LC_ALL=en_US.UTF-8",
                "JAVA_VERSION=jdk-21.0.7+6",
                "GRADLE_HOME=/opt/gradle",
                "GRADLE_VERSION=8.13"
            ],
            "Entrypoint": [
                "/__cacert_entrypoint.sh"
            ],
            "Cmd": [
                "gradle"
            ],
            "Volumes": {
                "/home/gradle/.gradle": {}
            },
            "WorkingDir": "/home/gradle",
            "Labels": {
                "org.opencontainers.image.ref.name": "ubuntu",
                "org.opencontainers.image.version": "24.04"
            }
        },
        "Architecture": "amd64",
        "Os": "linux",
        "Size": 413290460,
        "RootFS": {
            "Type": "layers",
            "Layers": [
                "sha256:3abdd8a5e7a8909e1509f1d36dcc8b85a0f95c68a69e6d86c6e9e3c1059d44b3",
                "sha256:71692ed877e9671e1ab5e3a9988212f874e277041270326a92881966e16cabf9",
                "sha256:0a52207ca5e873ac7f32d05a7645a6c3f10343847a4408962e6de51a48ee0d25",
                "sha256:4ac16bc3307296b7db0a2f81f9b89d7217cdebfb1626fd6331b9026e62174215",
                "sha256:9df20c7cbc861652608f4e3664d78f878bd72de8b023ba85b115649eb86d38ba",
                "sha256:102a86837b959c2a4736de5b6fc83fc8d369a0c4a01623fcb502338dccfcf056",
                "sha256:5f70bf18a086007016e948b04aed3b82103a36bea41755b6cddfaf10ace3c6ef",
                "sha256:1efe2c4353ca2944852d9b31815d28f790a81168b227c7b62f22d0469204a86d",
                "sha256:3af9a636fb75bed358c2154bd4d2d6ae8147814c35e1b0baa954237e82f6a488",
                "sha256:443b41728e065aa83eca7d32a5180deaf7fb5ec0d1d96e5b8881cc0384f54ae0"
            ]
        },
        "Metadata": {
            "LastTagTime": "2026-09-08T21:17:45.921291332Z"
        },
        "Descriptor": {
            "mediaType": "application/vnd.oci.image.index.v1+json",
            "digest": "sha256:67b8c4bfd2b064e58a7307e2da1fc3881bc03ecc7a57cf61d8b570a02ebfaea2",
            "size": 6509
        },
        "Identity": {
            "Pull": [
                {
                    "Repository": "docker.io/library/gradle"
                }
            ]
        }
    }
]
