[
    {
        "Architecture": "amd64",
        "Config": {
            "Cmd": [
                "node",
                "server.js"
            ],
            "Entrypoint": [
                "docker-entrypoint.sh"
            ],
            "Env": [
                "PATH=/usr/local/sbin:/usr/local/bin:/usr/sbin:/usr/bin:/sbin:/bin",
                "NODE_VERSION=22.23.2",
                "YARN_VERSION=1.22.22",
                "NODE_ENV=production"
            ],
            "ExposedPorts": {
                "3000/tcp": {}
            },
            "User": "node",
            "WorkingDir": "/app"
        },
        "Created": "2026-09-08T21:59:36.486832657Z",
        "Descriptor": {
            "digest": "sha256:a0cf7009def4f1fb626e67c2e43103dbc6d654fc2697aab28a4390868d869eaf",
            "mediaType": "application/vnd.oci.image.manifest.v1+json",
            "size": 2710
        },
        "Id": "sha256:a0cf7009def4f1fb626e67c2e43103dbc6d654fc2697aab28a4390868d869eaf",
        "Metadata": {
            "LastTagTime": "2026-09-09T05:43:26.611449256Z"
        },
        "Os": "linux",
        "Parent": "sha256:24086414367a4281d5db6b784dde8975e0c812f7985048a5e58f8562adc20c0a",
        "RepoDigests": [],
        "RepoTags": [],
        "RootFS": {
            "Layers": [
                "sha256:66462cc862fe2053b9863fefa3866e07bb5dfb06f6b3ce3177cc096e4021aabe",
                "sha256:971f4222c89e76e28d9b107cb29729a5abb9fd7adea0d4a1c419ce9b73204feb",
                "sha256:d84f419161f986391e64d28f3e40dd54381ea37495b0a25daef6353bd8df4d92",
                "sha256:a45e8410aa35d5194fcdeb7f7969789ac3cc9431d5b69be8602492a2097909d7",
                "sha256:a8a755e4d6c4443f2aa3d52c6581a3253c71013f240d1a02edd519c317a66c4b",
                "sha256:7657b9de61e4f835763f1afbdb994bda6b1ff9e6c8b8e520f4ac542149ee581c",
                "sha256:d3f5660d3152e45ed9c9a4d72542818fb534de562a771bd88be3b1b351037bb4",
                "sha256:47843d7a104815ecdcc1c55e525a5aa97e67ce0e12ccad8b6fc2887059aac4b7",
                "sha256:e6b715cc7caaaaeb98436e31425a29f7ca854cf7f3e8217605343cfc15b5d562",
                "sha256:bee81eb5a02f59ace022c56c1777a16c27239a98ea7b3c6fb7b8277a2c323074",
                "sha256:f10ad95fd08718442f893d21ae63174e883724bcdd8c102d4efafeb52fbb2c6e"
            ],
            "Type": "layers"
        },
        "Size": 110387234
    }
]
