#0 building with "default" instance using docker driver

#1 [internal] load build definition from Dockerfile
#1 transferring dockerfile: 514B done
#1 DONE 0.1s

#2 [context node_packages] load .dockerignore
#2 transferring node_packages:
#2 transferring node_packages: 2B done
#2 DONE 0.1s

#3 [auth] library/node:pull token for registry-1.docker.io
#3 DONE 0.0s

#4 [auth] library/node:pull token for registry-1.docker.io
#4 DONE 0.0s

#5 [internal] load metadata for docker.io/library/node@sha256:d649c27dae7ba0137b3cef5dd75baa422c08dc3d9e3fc0c23dfb172dc3cc6436
#5 DONE 0.2s

#6 [internal] load .dockerignore
#6 transferring context: 100B done
#6 DONE 0.1s

#7 [auth] library/node:pull token for registry-1.docker.io
#7 DONE 0.0s

#8 [auth] library/node:pull token for registry-1.docker.io
#8 DONE 0.0s

#9 [stage-0 1/7] FROM docker.io/library/node@sha256:d649c27dae7ba0137b3cef5dd75baa422c08dc3d9e3fc0c23dfb172dc3cc6436
#9 resolve docker.io/library/node@sha256:d649c27dae7ba0137b3cef5dd75baa422c08dc3d9e3fc0c23dfb172dc3cc6436 0.0s done
#9 DONE 0.2s

#10 [context node_packages] load from client
#10 ...

#11 [internal] load build context
#11 transferring context: 92.72kB done
#11 DONE 0.2s

#12 [stage-0 2/7] WORKDIR /app
#12 DONE 0.1s

#10 [context node_packages] load from client
#10 ...

#13 [stage-0 3/7] COPY package.json package-lock.json ./
#13 DONE 0.1s

#10 [context node_packages] load from client
#10 transferring node_packages: 14.93MB 1.1s done
#10 DONE 1.2s

#14 [stage-0 4/7] RUN --network=none --mount=type=bind,from=node_packages,target=/npm-cache,rw     npm ci --offline --cache=/npm-cache --ignore-scripts --no-audit --no-fund
#14 1.438 npm warn deprecated scmp@2.1.0: Just use Node.js's crypto.timingSafeEqual()
#14 1.480 npm warn deprecated @simplewebauthn/types@12.0.0: Package no longer supported. Contact Support at https://www.npmjs.com/support for more info.
#14 1.551 npm warn deprecated crypto-js@4.2.0: Active development of CryptoJS has been discontinued. This library is no longer maintained.
#14 3.175 
#14 3.175 added 143 packages in 3s
#14 DONE 3.4s

#15 [stage-0 5/7] COPY server.js email-delivery.js client.jsx build.mjs ./
#15 DONE 0.1s

#16 [stage-0 6/7] COPY public ./public
#16 DONE 0.1s

#17 [stage-0 7/7] RUN --network=none node build.mjs
#17 DONE 0.2s

#18 exporting to image
#18 exporting layers
#18 exporting layers 2.1s done
#18 exporting manifest sha256:2c4ad0be07b8a88f8490c0a8f1baae54b328f8274ea7994ee3fe8e0b07dedd85 0.0s done
#18 exporting config sha256:0afd3f18ec69aedabfab7224463b78ef3762a3965645386e962e999831831709 0.0s done
#18 naming to moby-dangling@sha256:2c4ad0be07b8a88f8490c0a8f1baae54b328f8274ea7994ee3fe8e0b07dedd85 done
#18 unpacking to moby-dangling@sha256:2c4ad0be07b8a88f8490c0a8f1baae54b328f8274ea7994ee3fe8e0b07dedd85
#18 unpacking to moby-dangling@sha256:2c4ad0be07b8a88f8490c0a8f1baae54b328f8274ea7994ee3fe8e0b07dedd85 1.0s done
#18 DONE 3.1s

#19 resolving provenance for metadata file
#19 DONE 0.0s
