[
    {
        "Architecture": "amd64",
        "Config": {
            "Cmd": [
                "java",
                "-Xmx512m",
                "--add-opens=java.base/java.lang=ALL-UNNAMED",
                "--add-opens=java.base/java.util=ALL-UNNAMED",
                "--add-opens=java.base/java.util.concurrent=ALL-UNNAMED",
                "-cp",
                "/opt/expertauth/lib/*",
                "io.supertokens.Main",
                "/opt/expertauth",
                "configFile=/run/expertauth/config.yaml",
                "forceNoInMemDB=true"
            ],
            "Entrypoint": [
                "/__cacert_entrypoint.sh"
            ],
            "Env": [
                "PATH=/opt/java/openjdk/bin:/usr/local/sbin:/usr/local/bin:/usr/sbin:/usr/bin:/sbin:/bin",
                "JAVA_HOME=/opt/java/openjdk",
                "LANG=en_US.UTF-8",
                "LANGUAGE=en_US:en",
                "LC_ALL=en_US.UTF-8",
                "JAVA_VERSION=jdk-21.0.7+6",
                "GRADLE_HOME=/opt/gradle",
                "GRADLE_VERSION=8.13"
            ],
            "ExposedPorts": {
                "3567/tcp": {}
            },
            "Labels": {
                "org.expertauth.project": "expert-auth",
                "org.opencontainers.image.ref.name": "ubuntu",
                "org.opencontainers.image.version": "24.04"
            },
            "User": "gradle",
            "Volumes": {
                "/home/gradle/.gradle": {}
            },
            "WorkingDir": "/opt/expertauth"
        },
        "Created": "2026-09-08T23:16:28.710809804Z",
        "Descriptor": {
            "digest": "sha256:60c7677d0a9152ff4e854ab21e95df0b1aa50ed0e534ed480608d9b84bae0e58",
            "mediaType": "application/vnd.oci.image.manifest.v1+json",
            "size": 3590
        },
        "Id": "sha256:60c7677d0a9152ff4e854ab21e95df0b1aa50ed0e534ed480608d9b84bae0e58",
        "Metadata": {
            "LastTagTime": "2026-09-08T23:16:28.990406001Z"
        },
        "Os": "linux",
        "Parent": "sha256:9a55c7c0b81fe3f2463e50322edbdcd4dfe96f46e2282452937e59289975837b",
        "RepoDigests": [
            "expertauth-oss-core@sha256:60c7677d0a9152ff4e854ab21e95df0b1aa50ed0e534ed480608d9b84bae0e58"
        ],
        "RepoTags": [
            "expertauth-oss-core:12.2.0-probe"
        ],
        "RootFS": {
            "Layers": [
                "sha256:3abdd8a5e7a8909e1509f1d36dcc8b85a0f95c68a69e6d86c6e9e3c1059d44b3",
                "sha256:71692ed877e9671e1ab5e3a9988212f874e277041270326a92881966e16cabf9",
                "sha256:0a52207ca5e873ac7f32d05a7645a6c3f10343847a4408962e6de51a48ee0d25",
                "sha256:4ac16bc3307296b7db0a2f81f9b89d7217cdebfb1626fd6331b9026e62174215",
                "sha256:9df20c7cbc861652608f4e3664d78f878bd72de8b023ba85b115649eb86d38ba",
                "sha256:102a86837b959c2a4736de5b6fc83fc8d369a0c4a01623fcb502338dccfcf056",
                "sha256:5f70bf18a086007016e948b04aed3b82103a36bea41755b6cddfaf10ace3c6ef",
                "sha256:1efe2c4353ca2944852d9b31815d28f790a81168b227c7b62f22d0469204a86d",
                "sha256:3af9a636fb75bed358c2154bd4d2d6ae8147814c35e1b0baa954237e82f6a488",
                "sha256:443b41728e065aa83eca7d32a5180deaf7fb5ec0d1d96e5b8881cc0384f54ae0",
                "sha256:9a71b26605c13c0b8e3e0613166c9dc40d76ca1c2aadfa3d56e1973ef464ba91",
                "sha256:cc9a44c6aab34d5cddb977b21d2183796cca495c49d90873b41f0258fb7d9352",
                "sha256:05a4e04e8a66f09d20e86cb88271ffe11dbbb54198fdf130f01a2fb2b66834b2",
                "sha256:20ef265d216d4af3324811e3ed190da07754744354c9910e0c3927ed539fe36b",
                "sha256:976fb56d3bd9531db1301ce609abd4eca0d943dad41b97c935ec7a7a8b5a9b61"
            ],
            "Type": "layers"
        },
        "Size": 465909604
    }
]
