#0 building with "default" instance using docker driver

#1 [internal] load build definition from Dockerfile
#1 transferring dockerfile:
#1 transferring dockerfile: 852B 0.0s done
#1 DONE 0.2s

#2 [internal] load metadata for docker.io/library/gradle@sha256:67b8c4bfd2b064e58a7307e2da1fc3881bc03ecc7a57cf61d8b570a02ebfaea2
#2 DONE 0.4s

#3 [auth] library/gradle:pull token for registry-1.docker.io
#3 DONE 0.0s

#4 [auth] library/gradle:pull token for registry-1.docker.io
#4 DONE 0.0s

#5 [internal] load .dockerignore
#5 transferring context:
#5 transferring context: 2B done
#5 DONE 0.1s

#6 [internal] load build context
#6 DONE 0.0s

#7 [auth] library/gradle:pull token for registry-1.docker.io
#7 DONE 0.0s

#8 [auth] library/gradle:pull token for registry-1.docker.io
#8 DONE 0.0s

#9 [1/7] FROM docker.io/library/gradle@sha256:67b8c4bfd2b064e58a7307e2da1fc3881bc03ecc7a57cf61d8b570a02ebfaea2
#9 resolve docker.io/library/gradle@sha256:67b8c4bfd2b064e58a7307e2da1fc3881bc03ecc7a57cf61d8b570a02ebfaea2 0.0s done
#9 DONE 0.6s

#10 [2/7] RUN mkdir -p /opt/expertauth/logs /opt/expertauth/.started /run/expertauth && chown -R gradle:gradle /opt/expertauth
#10 DONE 0.2s

#6 [internal] load build context
#6 transferring context: 59.95MB 3.5s done
#6 DONE 3.6s

#11 [3/7] COPY --chown=gradle:gradle lib /opt/expertauth/lib
#11 DONE 0.4s

#12 [4/7] COPY --chown=gradle:gradle plugin /opt/expertauth/plugin
#12 DONE 0.1s

#13 [5/7] COPY --chown=gradle:gradle version.yaml /opt/expertauth/version.yaml
#13 DONE 0.1s

#14 [6/7] COPY --chown=gradle:gradle licenses /opt/expertauth/licenses
#14 DONE 0.3s

#15 [7/7] WORKDIR /opt/expertauth
#15 DONE 0.1s

#16 exporting to image
#16 exporting layers
#16 exporting layers 1.7s done
#16 exporting manifest sha256:c585e65a1e2f527c504e15a079c1ae003b1377da25d9476a844d8b40cfba5df1 0.0s done
#16 exporting config sha256:8afd619a072e1e40d908c15a29d0d713b2222d45fbe41db3886c979f47d0bba3 0.0s done
#16 naming to moby-dangling@sha256:c585e65a1e2f527c504e15a079c1ae003b1377da25d9476a844d8b40cfba5df1 done
#16 unpacking to moby-dangling@sha256:c585e65a1e2f527c504e15a079c1ae003b1377da25d9476a844d8b40cfba5df1
#16 unpacking to moby-dangling@sha256:c585e65a1e2f527c504e15a079c1ae003b1377da25d9476a844d8b40cfba5df1 0.6s done
#16 DONE 2.3s

#17 resolving provenance for metadata file
#17 DONE 0.0s
