[
    {
        "Id": "sha256:7964df6fe51e7ff9164326628144a72bab8d1f310b7db66044ddfe65445e2a6c",
        "RepoTags": [
            "expertauth-node-react:0.0.5"
        ],
        "RepoDigests": [
            "expertauth-node-react@sha256:7964df6fe51e7ff9164326628144a72bab8d1f310b7db66044ddfe65445e2a6c"
        ],
        "Comment": "buildkit.dockerfile.v0",
        "Created": "2026-09-09T10:49:35.104901604Z",
        "Config": {
            "User": "node",
            "ExposedPorts": {
                "3000/tcp": {}
            },
            "Env": [
                "PATH=/usr/local/sbin:/usr/local/bin:/usr/sbin:/usr/bin:/sbin:/bin",
                "NODE_VERSION=22.23.2",
                "YARN_VERSION=1.22.22",
                "NODE_ENV=production"
            ],
            "Entrypoint": [
                "docker-entrypoint.sh"
            ],
            "Cmd": [
                "node",
                "server.js"
            ],
            "WorkingDir": "/app",
            "Labels": {
                "org.expertauth.build-run": "78548ddf6b7c4334992112cff9b55484",
                "org.expertauth.project": "expert-auth",
                "org.expertauth.purpose": "node-foundation"
            },
            "ArgsEscaped": true
        },
        "Architecture": "amd64",
        "Os": "linux",
        "Size": 95759370,
        "RootFS": {
            "Type": "layers",
            "Layers": [
                "sha256:66462cc862fe2053b9863fefa3866e07bb5dfb06f6b3ce3177cc096e4021aabe",
                "sha256:971f4222c89e76e28d9b107cb29729a5abb9fd7adea0d4a1c419ce9b73204feb",
                "sha256:d84f419161f986391e64d28f3e40dd54381ea37495b0a25daef6353bd8df4d92",
                "sha256:a45e8410aa35d5194fcdeb7f7969789ac3cc9431d5b69be8602492a2097909d7",
                "sha256:a8a755e4d6c4443f2aa3d52c6581a3253c71013f240d1a02edd519c317a66c4b",
                "sha256:871cf1e5a799be0a8dca5da16f8f0fcd7aa0a6687a2b1175900426afc84f1d50",
                "sha256:9eb1bdf30cf4fd4d9c136116fb8264cdf58e544ee7d5a3598e394b4dd733ef14",
                "sha256:9480e9ae32b25df7676109f98305d3bd7c05b08f26fc3e761fb2f34417b54122",
                "sha256:bf82235793ae379ec2586f333e199d44cc574873a197b9f55281a4f9fe459b2a",
                "sha256:6335c2876df6af3ad83dc924428368e4754722ffcf33275f917bb3875f61e157",
                "sha256:834e565532717194cdded100b9fd18854765d2004c1f9db77b22d35f71990b44",
                "sha256:fae9095ae43c6aeb67fc48a49ccd16be30143b750c3404b9a73286721f1ac60a"
            ]
        },
        "Metadata": {
            "LastTagTime": "2026-09-09T10:58:39.045230185Z"
        },
        "Descriptor": {
            "mediaType": "application/vnd.oci.image.manifest.v1+json",
            "digest": "sha256:7964df6fe51e7ff9164326628144a72bab8d1f310b7db66044ddfe65445e2a6c",
            "size": 2570,
            "annotations": {
                "config.digest": "sha256:24c3ee3e332bf096cada7120da64a0cf5e80b211e712c04115195dbbd22e0812"
            }
        },
        "Identity": {
            "Build": [
                {
                    "Ref": "kbnokfz1sewmayhj14q5e0mlh",
                    "CreatedAt": "2026-09-09T10:56:04.558059906Z"
                }
            ]
        }
    }
]
