40ed25f0892dfb833aa2b917bd2be1e10cb7c788efb3276b66b19338b80c29f6  lib/opensaml-core-api-5.2.3.jar
f96d13d1db4bf090eeb36d0c4e211e048a1ef48a59d833569b33aae4b4760a77  lib/opentelemetry-context-1.63.0.jar
69e5c9fa35da7a51a5fd2099dfe56a2d8d32cf233e2f6d770e796146440263f4  lib/commons-lang3-3.20.0.jar
f4d85c3e4d411694337cb873abea09b242b664bb013320be6105327c45991537  lib/guava-33.0.0-jre.jar
ace2a10dc8e2d5fd34925ecac03e4988b2c0f851650c94b8cef49ba1bd111478  lib/annotations-13.0.jar
6558a3d233da56a20934b32159f9db5f86ed5816ef098f78a2c223dc6abb79dd  lib/kotlin-stdlib-2.2.21.jar
43f54cb4b10f907b1dec3b3bbfbbc3eb902ad26769da20b1edbb944a589f2407  lib/libphonenumber-8.13.25.jar
ba005f304cef92a3dede24a38ad5ac9b8afccf0d8f75839d6c1338634cf7f6e4  lib/commons-codec-1.18.0.jar
cc67fc1bd9cb435cdbe7483ef04513c83cc9619a3015c04ad41bb6cc0eb6e68e  lib/opensaml-xmlsec-impl-5.2.3.jar
94855942d4992f112946d3de1c334e709237b8126d8130bf07807c018a4a2120  lib/gson-2.13.1.jar
38eeea5f17ad49b708afe11473867a99407f656ae140824ce8d6fc0c19fd4802  lib/aspectjrt-1.9.24.jar
282b65b9fe43647b1459c0df11101f8599a58de5832075acff485c3705ba4894  lib/tomcat-embed-core-11.0.25.jar
d32cc2aad115b27456ce075b2167b3d549aa9ca75439d67f6a60bcc057d7212d  lib/tomcat-annotations-api-11.0.25.jar
b26b00e1dd31dd0e651689c8dc482842b9c96c521e2b5e9df1092d41d1765f3c  lib/plugin-interface-10.0.0.jar
2196b993cd34dbbd919e7e01f57a4781b58bee80f86106163e287c20343a96a7  lib/okio-jvm-3.16.4.jar
5821c0fda70dd188c11a855ed2d76d410ec4fd91d7315299e11e1318e3cb1d58  lib/opentelemetry-exporter-sender-okhttp-1.63.0.jar
941ff029bcdb93e83d209ce516c1a7fb8bbac07d0a2fa122f5bf194b2cd7b4f4  lib/jackson-core-2.22.1.jar
e73de0a8d87557148117e5ca6319af80b0ff34c49803418fe48a092e84ef4a63  lib/core-12.2.0.jar
d8a8f4b735bb9067fc2afd13f8c9ff723a5bad76341a83a4051a998cccff61ab  lib/webauthn4j-core-0.28.6.RELEASE.jar
85da45b7e5e565418963ff8f0dcb184365b0557c15468933f4318dde5c3ce845  lib/jackson-datatype-jsr310-2.22.1.jar
930273cc1c492f25661ea62413a6da3fd7f6e01bf1c4dcc0817fc8696a7b07ac  lib/jna-5.8.0.jar
1557e5dc684b25dd210360ecc5ecc5fcc647e2a5b2a294822ddd3650253c2804  lib/argon2-jvm-nolibs-2.11.jar
b6a38b04741401de8b697ca773f200edb2421347e1eb0aa220355596d5675bf9  lib/opensaml-soap-impl-5.2.3.jar
395eccc3496063ac7b1d6af2422a11670ee5ded807f51542818eccd5fbb5e20c  lib/xmlsec-3.0.6.jar
c9f82b2d4e99c4bbdfccf684e52cc06ea06a0b567bfd0d08f9c5a3f417055996  lib/bcpkix-jdk18on-1.85.jar
46c53c48a6e1930f145add7f65ed51ab9273de9e3dc746b82e5d695d25bb0ba8  lib/shib-security-9.2.3.jar
c7db7026b8e2dea39132b04a6069f6671e2858309b20a146ec5c7dd6ed73a0b6  lib/httpcore5-h2-5.4.3.jar
53e9a343afcdefdfaad4987d63598a2284c1bf98b99761c8baea1a69c2f7ebcd  lib/opensaml-messaging-api-5.2.3.jar
173aab2a30727e5586e13055fb6c4e27112453f5d8cf1136b3369c674cbe011f  lib/java-jwt-4.4.0.jar
21ddb598807d3a51a876704eb979d9296e1c6a6f47ab1826ff88c6d6a127a2d0  lib/jackson-annotations-2.22.jar
c771f48075b763f6c322055e21129a94b7de4c1faf3f8f58ace320b0c9517a30  lib/okhttp-jvm-5.3.2.jar
2f9f245bf68e4259d610894f2406dc1f6363dc639302bd566e8272e4f4541172  lib/checker-qual-3.41.0.jar
f5f5404fa5a60f9e0b15e7bea2ea2d137e255f01babd0bfcb9dafcd2e3bf9cd2  lib/sqlite-jdbc-3.45.1.0.jar
c425cb6db4863480982899092d1d283f84c0f32914a59bf2de479e69daa8fa11  lib/httpclient5-cache-5.6.4.jar
bdef5f8841145cd76c4c605ff301bc840eea0d5292332b7b892a93316c0d8ee1  lib/httpclient5-5.6.4.jar
b372a037d4230aa57fbeffdef30fd6123f9c0c2db85d0aced00c91b974f33f99  lib/listenablefuture-9999.0-empty-to-avoid-conflict-with-guava.jar
5bef5b396aba0607bd972365991f833f7d8f16af506f2ade1f589fe344105123  lib/cryptacular-1.3.0.jar
e183f6f59404fc1e12073cfea4ace7ea103c900463cd21fb609a7c617ecdf624  lib/jbcrypt-0.4.jar
8a8f81cf9b359e3f6dfa691a1e776985c061ef2f223c9b2c80753e1b458e8064  lib/failureaccess-1.0.2.jar
9f04221e172dc426f90fb3873d0148a0744edbf9e7a37de7ee0e6a34f7b74581  lib/opensaml-saml-impl-5.2.3.jar
eb56685bfb9d26b1c95a171b38015747fc3085dd7f63aca26dfd87352ccbbe40  lib/opentelemetry-semconv-1.42.0.jar
766ad2a0783f2687962c8ad74ceecc38a28b9f72a2d085ee438b7813e928d0c7  lib/jsr305-3.0.2.jar
cce72578ec8df5dd18cb71c88bba89bd196c640281c199ce875e2aa44154f93f  lib/opensaml-saml-api-5.2.3.jar
1c19157d1171d560088e485be97c93a7a2f7e9f56e517f0a30273c5c39df6231  lib/velocity-engine-core-2.4.1.jar
3c150e2db1dee689b776c604d601adcc060d0305c6eabffa17f213509f5587f8  lib/opensaml-profile-api-5.2.3.jar
85c4f207f2a437321af7864e45f92637b7ca5e9c9611103e2ff322bc9e6c4bd7  lib/opentelemetry-sdk-logs-1.63.0.jar
8726b15affd61992a4ecd0ed1dc3936782781e7fa0fdc47be04d338f9341dd46  lib/metrics-json-4.2.39.jar
cca1d53b5a5bfab21320ed68ee77c5e0f87af53753d69711a52af87cced94861  lib/shib-networking-9.2.3.jar
af8604462837a7931d4688ccca3404db325ef7abff7a70a36206a9c4dd7fe953  lib/opensaml-core-impl-5.2.3.jar
2053f9ae1f37a87cf94117ea61395080eb3ec71c631aa71dd2a6c386dd8ff3af  lib/opensaml-security-api-5.2.3.jar
7b751d952061954d5abfed7181c1f645d336091b679891591d63329c622eb832  lib/slf4j-api-2.0.17.jar
5c6e49843e46aaeebd3ffc777ad221ac2208f3e36e24c56779ac6fabdfb1d499  lib/jackson-dataformat-cbor-2.22.1.jar
4877e560f0ca03675cfb99ed5457c0d1875e953381e029f198280aca8a1d0f47  lib/opentelemetry-exporter-otlp-1.63.0.jar
afb439c61fa287c9e1925523b13baab03617e724406a389d48b61c2c3e46b700  lib/logback-classic-1.5.38.jar
c430c1039189635e4b6b7daee98b0c56288e459a3b8ec851cb7bcb9918107247  lib/java-otp-0.4.0.jar
a855a0fc97b1d06f4efb1c3bba5ebd0eb508d8b58e68e89e4bbc23a85135c883  lib/logback-core-1.5.38.jar
987fb841ea9c4b13699fc5c1afc842c5e83b38e18222821cdf9e6449c4cd5483  lib/opentelemetry-exporter-otlp-common-1.63.0.jar
ad70dd0c03f7ff7b8515cdc7da3a03f6c970d7a174fcb9347f1c411776b0e80c  lib/webauthn4j-util-0.28.6.RELEASE.jar
590f55ed5d68529239898a4a5c4f730b6e37f45d1cfa3fbe51f8485abe32c42d  lib/bcutil-jdk18on-1.85.jar
6e0ab4fa86b2581848328cc25c00188d6b0826f039055aec85352ebcf64b05df  lib/opentelemetry-common-1.63.0.jar
986b0fb92ec10e0c66b43e036ce0077e6150cfaecd1db9fb92b56672e157afe5  lib/bcprov-jdk18on-1.85.2.jar
75ecc937b6ad84efd838f445ee7f810f123c54d8c57ecbbec9196f009fe18cd6  lib/opentelemetry-sdk-common-1.63.0.jar
f288746055a9118d24a662cd7526cd5eb495ff37e5e4e54798a751b4bbe56e20  lib/opentelemetry-exporter-common-1.63.0.jar
cc7b1352cd8077974b70b3e365c4f13aa93f5786ce1dea538be5451ed23600c9  lib/metrics-core-4.2.39.jar
cc3a0e540791a9a1cbcd7584767b84572ffda0b72823856558f47dea69ae8ed1  lib/jackson-dataformat-yaml-2.22.1.jar
3401e9e309fd170f4b9ea0d8fc68b5b778c2374bf654371378bce21952d6c6b9  lib/opensaml-xmlsec-api-5.2.3.jar
6661d5335090a5fc61dd869d2095bc6c1e2156e3aa47a6e4ababdf64c99a7889  lib/error_prone_annotations-2.38.0.jar
21cc4cc73551f4ded22e8390286b9a4202b48c5054498bcd263f393f30d441a1  lib/opensaml-security-impl-5.2.3.jar
b3ad84c289d421d8ae0062d782043385b84e0394b859f6329dc02dae2485e7c3  lib/opentelemetry-sdk-trace-1.63.0.jar
07402db8880c7da7143c57f1c2ea3cf08e1e80e1470d86409e2db56e1d3fb02a  lib/opensaml-storage-api-5.2.3.jar
c68f5668d23aa30a2a5b672dd03b46882bb0ce1185cf02240c4c99eee9bd94b0  lib/shib-support-9.2.3.jar
e6682acf1ace77508ef13649cbf4f8d09d2cf5457bdb61d25ffb6ac0233d78dd  lib/snakeyaml-2.5.jar
7dcd7e53bec1f56c7ad278bd1ca0840bebcc595d61ce44d6a8439abb75b965b2  lib/jackson-databind-2.22.1.jar
2140ff82be356e0d77a206f5f7f4868d22d49efd4976d00dee2fc52f1d8c670e  lib/opentelemetry-sdk-metrics-1.63.0.jar
6d85a64b76977a60a57204304925ef216445adc7154d4103136caf6e11306307  lib/opentelemetry-exporter-logging-1.63.0.jar
1b503de27e275bbe9014b4d503ce80a8b8dcfcb0c47fff9e48f14b05cb2788ab  lib/opensaml-soap-api-5.2.3.jar
18bfbbabb478dfb67f31aeaf428c387f3c3df654582e1309f708ee1f3086830a  lib/httpcore5-5.4.3.jar
37acf2700ced98f59ac719e0551726d62eb085d659eb9f7c8e61f228c230902e  lib/opentelemetry-sdk-1.63.0.jar
42f0fc3c53eae0b7d241b6e7c5a4c782100c78fe67d3527c1df67ba513a830c8  lib/shib-velocity-9.2.3.jar
07377d6f3fb2ccfb8b8b713290bf48759f9218d4e72467f3ccee55895926ee4b  lib/opentelemetry-api-1.63.0.jar
d3ef575e3e4979678dc01bf1dcce51021493b4d11fb7f1be8ad982877c16a1c0  plugin/slf4j-api-1.7.36.jar
857658c8bdcbff794949a8d9922f88d63ee3751c203c7cd7d21ea97f9e745288  plugin/checker-qual-3.55.1.jar
6e0e4cc2d8cae902084f8a2b18728b073a6fd9d1f87c9d8bff8f298c18185b93  plugin/postgresql-42.7.13.jar
07c6344059af30a135144209c7c8bd666b8823124422ec859864d209d4ab7ca1  plugin/HikariCP-6.3.0.jar
d7a7ae7cefd18724658e3bc24f3351bcacc69439245433429d10879da487624c  plugin/postgresql-plugin-9.8.0.jar
a483ef99599cc5fe2c6105a91e2aa7ac46c1c357b559beb76c7045326dcbd3d1  licenses/org.apache.httpcomponents.core5/httpcore5/5.4.3/maven-pom.xml
2aa0c3f69b379d49b696cc5978fbe15773ecc90a7b39106d7810e554d054778b  licenses/org.apache.httpcomponents.core5/httpcore5/5.4.3/parent-maven-pom.xml
b6f26e9a02dd9cda69bfbfe46307660b595dd33d1572d0da07e5d328bbebb5ec  licenses/org.apache.httpcomponents.core5/httpcore5/5.4.3/binary/ARCHIVE-MANIFEST.MF
94a71d64ef74b0ca85db2d5e538118a4265ff8eed2f978eda58d2cfa5d88a310  licenses/org.apache.httpcomponents.core5/httpcore5/5.4.3/binary/META-INF/NOTICE
cfc7749b96f63bd31c3c42b5c471bf756814053e847c10f3eb003417bc523d30  licenses/org.apache.httpcomponents.core5/httpcore5/5.4.3/binary/META-INF/LICENSE
9c3db390cac2afab5c34e02726a1c82382f00bc2ce0e017388f12c0da15f7782  licenses/org.apache.httpcomponents.core5/httpcore5/5.4.3/source/ARCHIVE-MANIFEST.MF
94a71d64ef74b0ca85db2d5e538118a4265ff8eed2f978eda58d2cfa5d88a310  licenses/org.apache.httpcomponents.core5/httpcore5/5.4.3/source/META-INF/NOTICE
cfc7749b96f63bd31c3c42b5c471bf756814053e847c10f3eb003417bc523d30  licenses/org.apache.httpcomponents.core5/httpcore5/5.4.3/source/META-INF/LICENSE
05a81bab0c695ff79a381e4a1df0a6f582ba556b2d8d60be84c4dc8a9c9f5027  licenses/org.apache.httpcomponents.core5/httpcore5-h2/5.4.3/maven-pom.xml
2aa0c3f69b379d49b696cc5978fbe15773ecc90a7b39106d7810e554d054778b  licenses/org.apache.httpcomponents.core5/httpcore5-h2/5.4.3/parent-maven-pom.xml
821aaaf744718e92328b64ac635513766889e7e6397b92f727cca76157f185fb  licenses/org.apache.httpcomponents.core5/httpcore5-h2/5.4.3/binary/ARCHIVE-MANIFEST.MF
9c9b2e926919e38adf222b3191267806a742ce1adcd1e13dc91d11014b85bd57  licenses/org.apache.httpcomponents.core5/httpcore5-h2/5.4.3/binary/META-INF/NOTICE
cfc7749b96f63bd31c3c42b5c471bf756814053e847c10f3eb003417bc523d30  licenses/org.apache.httpcomponents.core5/httpcore5-h2/5.4.3/binary/META-INF/LICENSE
a6e14cc2a167dff66bc795caebf7ac2723fc1a3fea4b162c5bda84b878596eb6  licenses/org.apache.httpcomponents.core5/httpcore5-h2/5.4.3/source/ARCHIVE-MANIFEST.MF
9c9b2e926919e38adf222b3191267806a742ce1adcd1e13dc91d11014b85bd57  licenses/org.apache.httpcomponents.core5/httpcore5-h2/5.4.3/source/META-INF/NOTICE
cfc7749b96f63bd31c3c42b5c471bf756814053e847c10f3eb003417bc523d30  licenses/org.apache.httpcomponents.core5/httpcore5-h2/5.4.3/source/META-INF/LICENSE
19889dbdf1b254b2601a5ee645b8147a974644882297684c798afe5d63d78dfe  licenses/com.google.code.findbugs/jsr305/3.0.2/maven-pom.xml
9329f6c6942e128348908339b59dbf209642c148dda83f1cf55fc8516a023092  licenses/com.google.code.findbugs/jsr305/3.0.2/binary/ARCHIVE-MANIFEST.MF
d754cd58bbf0ef474fd9a907d8be8e15d73ef7820997378deb3b481448faa96a  licenses/com.google.code.findbugs/jsr305/3.0.2/source/ARCHIVE-MANIFEST.MF
32f8a6b83464e91ecb945123d309a8c77957905d37bf1d7c26c9d08dcf7b9da3  licenses/com.googlecode.libphonenumber/libphonenumber/8.13.25/maven-pom.xml
ae90ce933fc36003fe0d00d38a514aface48f703cf6d99055cef4f7eb2738afb  licenses/com.googlecode.libphonenumber/libphonenumber/8.13.25/parent-maven-pom.xml
f17abe0c2ea6aef683d77bf32a0d7522b70af06573d61377b7c8793b37fc270a  licenses/com.googlecode.libphonenumber/libphonenumber/8.13.25/binary/ARCHIVE-MANIFEST.MF
74c7241effb7d9e7ce80288bcb8d3488de418942395b6d667e40b21930b428a4  licenses/com.googlecode.libphonenumber/libphonenumber/8.13.25/source/ARCHIVE-MANIFEST.MF
74b916da4b0384c619e6dd4c18defe8aa4387f795205253cfb4bbb2f458cddce  licenses/commons-codec/commons-codec/1.18.0/maven-pom.xml
628df30148acd3c491cfcb6b73c7ae4b5989e5526ab13a2f428dea5d4ad10d7a  licenses/commons-codec/commons-codec/1.18.0/parent-maven-pom.xml
cdd14dd0c7e1ba167a65c355ac568c04d7fbce8044064064124504d54b36112d  licenses/commons-codec/commons-codec/1.18.0/binary/ARCHIVE-MANIFEST.MF
cfc7749b96f63bd31c3c42b5c471bf756814053e847c10f3eb003417bc523d30  licenses/commons-codec/commons-codec/1.18.0/binary/META-INF/LICENSE.txt
b64933ee1d36d14659156223a2604edadb60bffdd465d5368ff422d7689db5fb  licenses/commons-codec/commons-codec/1.18.0/binary/META-INF/NOTICE.txt
3bcb035552f541ae8d909a63cf3c4efcf037188c6a288f7b24dfd5fea63b08cb  licenses/commons-codec/commons-codec/1.18.0/source/ARCHIVE-MANIFEST.MF
cfc7749b96f63bd31c3c42b5c471bf756814053e847c10f3eb003417bc523d30  licenses/commons-codec/commons-codec/1.18.0/source/META-INF/LICENSE.txt
b64933ee1d36d14659156223a2604edadb60bffdd465d5368ff422d7689db5fb  licenses/commons-codec/commons-codec/1.18.0/source/META-INF/NOTICE.txt
fd70b14c441986c22e6d22ced2576787756be4918b145a8abd223e3a80b6e32d  licenses/com.google.guava/guava/33.0.0-jre/maven-pom.xml
040cc88c680b413d70ba9fc8371b36093021b10996aa3598621de767d418229a  licenses/com.google.guava/guava/33.0.0-jre/parent-maven-pom.xml
afe0c84c026df7cd37ab412e4037ea5e0b1be5282ac123d3ef256bc5b8d8746d  licenses/com.google.guava/guava/33.0.0-jre/binary/ARCHIVE-MANIFEST.MF
cfc7749b96f63bd31c3c42b5c471bf756814053e847c10f3eb003417bc523d30  licenses/com.google.guava/guava/33.0.0-jre/binary/META-INF/LICENSE
74c7241effb7d9e7ce80288bcb8d3488de418942395b6d667e40b21930b428a4  licenses/com.google.guava/guava/33.0.0-jre/source/ARCHIVE-MANIFEST.MF
cfc7749b96f63bd31c3c42b5c471bf756814053e847c10f3eb003417bc523d30  licenses/com.google.guava/guava/33.0.0-jre/source/META-INF/LICENSE
19ebc6f4bdb4edbb3d07b6ee994f846b54ef295582a9b5634719ffa9f31d03b2  licenses/com.google.guava/failureaccess/1.0.2/maven-pom.xml
f8698ab46ca996ce889c1afc8ca4f25eb8ac6b034dc898d4583742360016cc04  licenses/com.google.guava/failureaccess/1.0.2/parent-maven-pom.xml
8e6824ca865cad41c5437d565e75bc33709fa0f402bad6c77f8d0688aed2905c  licenses/com.google.guava/failureaccess/1.0.2/binary/ARCHIVE-MANIFEST.MF
52d37326e23d5bbc4ed842861b765956d3ac965136c9872147f19226902a670f  licenses/com.google.guava/failureaccess/1.0.2/source/ARCHIVE-MANIFEST.MF
18d4b1db26153d4e55079ce1f76bb1fe05cdb862ef9954a88cbcc4ff38b8679b  licenses/com.google.guava/listenablefuture/9999.0-empty-to-avoid-conflict-with-guava/maven-pom.xml
f8698ab46ca996ce889c1afc8ca4f25eb8ac6b034dc898d4583742360016cc04  licenses/com.google.guava/listenablefuture/9999.0-empty-to-avoid-conflict-with-guava/parent-maven-pom.xml
261de46adefa0b980173ca8de48e924c2068d0f41390d01ff017958f8a2e3c7f  licenses/com.google.guava/listenablefuture/9999.0-empty-to-avoid-conflict-with-guava/binary/ARCHIVE-MANIFEST.MF
aee87197bbfb2d7424b6241d300eb0cbffb1844c9cab0129cae5390408b33fa4  licenses/com.squareup.okhttp3/okhttp-jvm/5.3.2/maven-pom.xml
e64cb842b0f9e63efe9dcb5b91eaed78d56bbf2d6e1c64bb37b141a895ffee29  licenses/com.squareup.okhttp3/okhttp-jvm/5.3.2/binary/ARCHIVE-MANIFEST.MF
566ad1a80220026d05099562645ce968ff0e7c36cde22634332605bb34cc3eff  licenses/com.squareup.okhttp3/okhttp-jvm/5.3.2/source/ARCHIVE-MANIFEST.MF
627d92aa92fd4d6bb8c2b56bcbb38543417f49d38b5a62fbdb4aeff551e7b760  licenses/org.checkerframework/checker-qual/3.55.1/maven-pom.xml
c95c641301e7503c82fc29b24d10101efddb9e4d053bb195a4eefa107b6651bf  licenses/org.checkerframework/checker-qual/3.55.1/binary/ARCHIVE-MANIFEST.MF
e90eaa08dea089df10f2bf7f9dba63a5f6237c01562c4741e2e86773e78582d5  licenses/org.checkerframework/checker-qual/3.55.1/binary/META-INF/LICENSE.txt
c0a3fdda36d75e9e2f51804ee0562d5abf17d6daffbfa1cdebb5a24ae7f3dd42  licenses/org.checkerframework/checker-qual/3.55.1/source/ARCHIVE-MANIFEST.MF
e90eaa08dea089df10f2bf7f9dba63a5f6237c01562c4741e2e86773e78582d5  licenses/org.checkerframework/checker-qual/3.55.1/source/META-INF/LICENSE.txt
5c73b0770540842cf06a01d264bbb89ae5e248669dc9da80e861e8233dd4675b  licenses/org.checkerframework/checker-qual/3.41.0/maven-pom.xml
5b4189c5e26cff470788a457c3eadfe9e65e2fed4672212c755e8d3e6d167d1c  licenses/org.checkerframework/checker-qual/3.41.0/binary/ARCHIVE-MANIFEST.MF
e90eaa08dea089df10f2bf7f9dba63a5f6237c01562c4741e2e86773e78582d5  licenses/org.checkerframework/checker-qual/3.41.0/binary/META-INF/LICENSE.txt
a84583341a4f82dfa618dafd42890bbbc177252d3eba31a520b27f9812c59079  licenses/org.checkerframework/checker-qual/3.41.0/source/ARCHIVE-MANIFEST.MF
e90eaa08dea089df10f2bf7f9dba63a5f6237c01562c4741e2e86773e78582d5  licenses/org.checkerframework/checker-qual/3.41.0/source/META-INF/LICENSE.txt
9126895bab845b222ea793cf32927623c226e9373f01a1502d2518924a0ed9f5  licenses/net.shibboleth/shib-support/9.2.3/maven-pom.xml
a7bb8b718df3ad2e521c6be129663fe28f198fffdc309fe0fbd9072ee70f5c7d  licenses/net.shibboleth/shib-support/9.2.3/parent-maven-pom.xml
e626646bd78291ed5473204f97fd70e6ab98ef327fae1927d0c8e83f1bc11a83  licenses/net.shibboleth/shib-support/9.2.3/binary/ARCHIVE-MANIFEST.MF
31f06c9999bfd523e192864178cfe4a9873d336884cf59a0d698e520895caeaa  licenses/net.shibboleth/shib-support/9.2.3/source/ARCHIVE-MANIFEST.MF
d1a775273674b2d1e2e562d1e4e5804a2017cb86bd39f1fb3d5b950dc55013a3  licenses/net.shibboleth/shib-networking/9.2.3/maven-pom.xml
a7bb8b718df3ad2e521c6be129663fe28f198fffdc309fe0fbd9072ee70f5c7d  licenses/net.shibboleth/shib-networking/9.2.3/parent-maven-pom.xml
6610b8a57d78dd632c1e3237888770b4e1c7bbaa3679d912c0064bc9ba6853db  licenses/net.shibboleth/shib-networking/9.2.3/binary/ARCHIVE-MANIFEST.MF
31f06c9999bfd523e192864178cfe4a9873d336884cf59a0d698e520895caeaa  licenses/net.shibboleth/shib-networking/9.2.3/source/ARCHIVE-MANIFEST.MF
7108efe567f6709cb4c185815cdbe43d0182467cbd565f6e941160dd6a81db21  licenses/net.shibboleth/shib-velocity/9.2.3/maven-pom.xml
a7bb8b718df3ad2e521c6be129663fe28f198fffdc309fe0fbd9072ee70f5c7d  licenses/net.shibboleth/shib-velocity/9.2.3/parent-maven-pom.xml
72d9dd7e29bed49b57cf5771d7cc08b7a024d8ec9680c4a0b83fc9ad26fca374  licenses/net.shibboleth/shib-velocity/9.2.3/binary/ARCHIVE-MANIFEST.MF
31f06c9999bfd523e192864178cfe4a9873d336884cf59a0d698e520895caeaa  licenses/net.shibboleth/shib-velocity/9.2.3/source/ARCHIVE-MANIFEST.MF
ad0681ca47eb5d9d59772d166d8a26d47a2e626719f1c2b7ccc24a0e2f4a5aa0  licenses/net.shibboleth/shib-security/9.2.3/maven-pom.xml
a7bb8b718df3ad2e521c6be129663fe28f198fffdc309fe0fbd9072ee70f5c7d  licenses/net.shibboleth/shib-security/9.2.3/parent-maven-pom.xml
e200cb52a97688e1eb3956f68abc2e1e3d95473d92df4c28f91037b5ec3780d3  licenses/net.shibboleth/shib-security/9.2.3/binary/ARCHIVE-MANIFEST.MF
31f06c9999bfd523e192864178cfe4a9873d336884cf59a0d698e520895caeaa  licenses/net.shibboleth/shib-security/9.2.3/source/ARCHIVE-MANIFEST.MF
1785f52f1838ff585069b79af0e02a2be5dd8a349101d141527e0b48c7d2e8c1  licenses/org.opensaml/opensaml-profile-api/5.2.3/maven-pom.xml
b6ec1d8c9a3ace0eff162c11b11a6e13beb3e058810b2ed7b4817d7f93d9b3ee  licenses/org.opensaml/opensaml-profile-api/5.2.3/parent-maven-pom.xml
e24877f82369d77189e657de8134963af4f7ef33295862b923e8ccbff74251d3  licenses/org.opensaml/opensaml-profile-api/5.2.3/binary/ARCHIVE-MANIFEST.MF
31f06c9999bfd523e192864178cfe4a9873d336884cf59a0d698e520895caeaa  licenses/org.opensaml/opensaml-profile-api/5.2.3/source/ARCHIVE-MANIFEST.MF
698874b4f84d2808266d852c79e5ea9c198dc7b4c53779023987171d5de564d8  licenses/org.opensaml/opensaml-xmlsec-impl/5.2.3/maven-pom.xml
b6ec1d8c9a3ace0eff162c11b11a6e13beb3e058810b2ed7b4817d7f93d9b3ee  licenses/org.opensaml/opensaml-xmlsec-impl/5.2.3/parent-maven-pom.xml
776aa4641c5bc8b833b7ddd3f42f4bdf7c494ecd6bcdd705b51d53a2eeba7cb6  licenses/org.opensaml/opensaml-xmlsec-impl/5.2.3/binary/ARCHIVE-MANIFEST.MF
31f06c9999bfd523e192864178cfe4a9873d336884cf59a0d698e520895caeaa  licenses/org.opensaml/opensaml-xmlsec-impl/5.2.3/source/ARCHIVE-MANIFEST.MF
0a2bb11e734115e126879f5333a367c861047e83c79402e102237b61cabf60e3  licenses/org.opensaml/opensaml-xmlsec-api/5.2.3/maven-pom.xml
b6ec1d8c9a3ace0eff162c11b11a6e13beb3e058810b2ed7b4817d7f93d9b3ee  licenses/org.opensaml/opensaml-xmlsec-api/5.2.3/parent-maven-pom.xml
22645bcbd50c31b8ec8723df6d66a6961cc4486560dfed483c9e8321d88a05d7  licenses/org.opensaml/opensaml-xmlsec-api/5.2.3/binary/ARCHIVE-MANIFEST.MF
31f06c9999bfd523e192864178cfe4a9873d336884cf59a0d698e520895caeaa  licenses/org.opensaml/opensaml-xmlsec-api/5.2.3/source/ARCHIVE-MANIFEST.MF
4f22cef927f6456420a53133a586d13f1b1dc0fb52348cbe5cb15a9c814b25d5  licenses/org.opensaml/opensaml-core-impl/5.2.3/maven-pom.xml
b6ec1d8c9a3ace0eff162c11b11a6e13beb3e058810b2ed7b4817d7f93d9b3ee  licenses/org.opensaml/opensaml-core-impl/5.2.3/parent-maven-pom.xml
6f4e804431f39e93fdf96646c35dce685a68d6a90064cb73d18cee0ef4f02877  licenses/org.opensaml/opensaml-core-impl/5.2.3/binary/ARCHIVE-MANIFEST.MF
31f06c9999bfd523e192864178cfe4a9873d336884cf59a0d698e520895caeaa  licenses/org.opensaml/opensaml-core-impl/5.2.3/source/ARCHIVE-MANIFEST.MF
d06bc5d8c449b247121d85e88f09546311bd1bb0b56d52a12713fa4743deb14a  licenses/org.opensaml/opensaml-soap-api/5.2.3/maven-pom.xml
b6ec1d8c9a3ace0eff162c11b11a6e13beb3e058810b2ed7b4817d7f93d9b3ee  licenses/org.opensaml/opensaml-soap-api/5.2.3/parent-maven-pom.xml
ef517ddb1dfd0dde400081bd925ecc1facdcc56973c41499eca7b5692815294f  licenses/org.opensaml/opensaml-soap-api/5.2.3/binary/ARCHIVE-MANIFEST.MF
31f06c9999bfd523e192864178cfe4a9873d336884cf59a0d698e520895caeaa  licenses/org.opensaml/opensaml-soap-api/5.2.3/source/ARCHIVE-MANIFEST.MF
557a500fc5648001bd861f421dcaa601088d910d60062279d36ee0b8eee55752  licenses/org.opensaml/opensaml-messaging-api/5.2.3/maven-pom.xml
b6ec1d8c9a3ace0eff162c11b11a6e13beb3e058810b2ed7b4817d7f93d9b3ee  licenses/org.opensaml/opensaml-messaging-api/5.2.3/parent-maven-pom.xml
b32af7f7243d0e16c9e2bb249dc273990d6681bf07aa9d3002b99fb50d875e12  licenses/org.opensaml/opensaml-messaging-api/5.2.3/binary/ARCHIVE-MANIFEST.MF
31f06c9999bfd523e192864178cfe4a9873d336884cf59a0d698e520895caeaa  licenses/org.opensaml/opensaml-messaging-api/5.2.3/source/ARCHIVE-MANIFEST.MF
0087aa3c8ddec3dc0a9a20d6689a0a138ce94410f731edcf7b76d46c8cd00bed  licenses/org.opensaml/opensaml-soap-impl/5.2.3/maven-pom.xml
b6ec1d8c9a3ace0eff162c11b11a6e13beb3e058810b2ed7b4817d7f93d9b3ee  licenses/org.opensaml/opensaml-soap-impl/5.2.3/parent-maven-pom.xml
aa23df84c8275d5434c16e13593fefc33a59014eabea305fa3edbe8757c20624  licenses/org.opensaml/opensaml-soap-impl/5.2.3/binary/ARCHIVE-MANIFEST.MF
31f06c9999bfd523e192864178cfe4a9873d336884cf59a0d698e520895caeaa  licenses/org.opensaml/opensaml-soap-impl/5.2.3/source/ARCHIVE-MANIFEST.MF
24e256691d6c179574ae8f063dc10a6ac936d33a51d0217c5051dcabeb26969c  licenses/org.opensaml/opensaml-core-api/5.2.3/maven-pom.xml
b6ec1d8c9a3ace0eff162c11b11a6e13beb3e058810b2ed7b4817d7f93d9b3ee  licenses/org.opensaml/opensaml-core-api/5.2.3/parent-maven-pom.xml
8c5a05e9e79fb318f1483d5d3fb61cb227b5ba55cb6c19356fa5eb74b2fd87fb  licenses/org.opensaml/opensaml-core-api/5.2.3/binary/ARCHIVE-MANIFEST.MF
31f06c9999bfd523e192864178cfe4a9873d336884cf59a0d698e520895caeaa  licenses/org.opensaml/opensaml-core-api/5.2.3/source/ARCHIVE-MANIFEST.MF
437af9f4c4459194a75f6ecfb40a89895526182378f54e71ed915da80900aa09  licenses/org.opensaml/opensaml-saml-api/5.2.3/maven-pom.xml
b6ec1d8c9a3ace0eff162c11b11a6e13beb3e058810b2ed7b4817d7f93d9b3ee  licenses/org.opensaml/opensaml-saml-api/5.2.3/parent-maven-pom.xml
8de1887470463f84c06e5305aa5e061fcfb16bf72e21dd47cea936e01fd8a259  licenses/org.opensaml/opensaml-saml-api/5.2.3/binary/ARCHIVE-MANIFEST.MF
31f06c9999bfd523e192864178cfe4a9873d336884cf59a0d698e520895caeaa  licenses/org.opensaml/opensaml-saml-api/5.2.3/source/ARCHIVE-MANIFEST.MF
7ab511a7ed53b82b0764d2ed12275af11c612a3977555cc6568e55b0c8f42caf  licenses/org.opensaml/opensaml-storage-api/5.2.3/maven-pom.xml
b6ec1d8c9a3ace0eff162c11b11a6e13beb3e058810b2ed7b4817d7f93d9b3ee  licenses/org.opensaml/opensaml-storage-api/5.2.3/parent-maven-pom.xml
0af133845319a4b9b226cfbc87147930553565685052f57636289a9032958d73  licenses/org.opensaml/opensaml-storage-api/5.2.3/binary/ARCHIVE-MANIFEST.MF
31f06c9999bfd523e192864178cfe4a9873d336884cf59a0d698e520895caeaa  licenses/org.opensaml/opensaml-storage-api/5.2.3/source/ARCHIVE-MANIFEST.MF
b7690006df462b40faa52486e8fd65674b1a1da214c8ab1624d0a5690d26e54a  licenses/org.opensaml/opensaml-security-impl/5.2.3/maven-pom.xml
b6ec1d8c9a3ace0eff162c11b11a6e13beb3e058810b2ed7b4817d7f93d9b3ee  licenses/org.opensaml/opensaml-security-impl/5.2.3/parent-maven-pom.xml
96d06bdba9b85317729efc36e83cb4c4df592f53ad28b88acbe6b5c4d4d57b56  licenses/org.opensaml/opensaml-security-impl/5.2.3/binary/ARCHIVE-MANIFEST.MF
31f06c9999bfd523e192864178cfe4a9873d336884cf59a0d698e520895caeaa  licenses/org.opensaml/opensaml-security-impl/5.2.3/source/ARCHIVE-MANIFEST.MF
13f8117496aa2aa2dda2ba8658ee43e1abf621145f5897c15a400ef32063ca17  licenses/org.opensaml/opensaml-security-api/5.2.3/maven-pom.xml
b6ec1d8c9a3ace0eff162c11b11a6e13beb3e058810b2ed7b4817d7f93d9b3ee  licenses/org.opensaml/opensaml-security-api/5.2.3/parent-maven-pom.xml
6b8cde8aab118c60e93d319422a7b2b0a02a00261eaef515cf2c73612ba443ce  licenses/org.opensaml/opensaml-security-api/5.2.3/binary/ARCHIVE-MANIFEST.MF
31f06c9999bfd523e192864178cfe4a9873d336884cf59a0d698e520895caeaa  licenses/org.opensaml/opensaml-security-api/5.2.3/source/ARCHIVE-MANIFEST.MF
4528c572db7c77781c3a7604c0bb9e8f55b7dee7077246963d15f2144f198b9f  licenses/org.opensaml/opensaml-saml-impl/5.2.3/maven-pom.xml
b6ec1d8c9a3ace0eff162c11b11a6e13beb3e058810b2ed7b4817d7f93d9b3ee  licenses/org.opensaml/opensaml-saml-impl/5.2.3/parent-maven-pom.xml
8741c3670b83d7819e058540efde4e448962111e676744f45c5f29c00f562ebd  licenses/org.opensaml/opensaml-saml-impl/5.2.3/binary/ARCHIVE-MANIFEST.MF
31f06c9999bfd523e192864178cfe4a9873d336884cf59a0d698e520895caeaa  licenses/org.opensaml/opensaml-saml-impl/5.2.3/source/ARCHIVE-MANIFEST.MF
cf31f923196c63aedecd0a57c24269bd3702a4e47c0bf0bd64b5ada5de522272  licenses/org.jetbrains.kotlin/kotlin-stdlib/2.2.21/maven-pom.xml
81354a98f490bd2812299f24b9f44a48dc3c23412d58078d719d72796eb8a2db  licenses/org.jetbrains.kotlin/kotlin-stdlib/2.2.21/binary/ARCHIVE-MANIFEST.MF
566ad1a80220026d05099562645ce968ff0e7c36cde22634332605bb34cc3eff  licenses/org.jetbrains.kotlin/kotlin-stdlib/2.2.21/source/ARCHIVE-MANIFEST.MF
2f8c1ec0b9f25574f034aec15b59c0770123208e2b30c5dfcdffdbbdd0646f6d  licenses/THIRD_PARTY_NOTICES.md
38d79e90b1958f4fe6f2f728f63918030f2842164abbcf84623da0f47af96705  licenses/org.cryptacular/cryptacular/1.3.0/maven-pom.xml
766ea126a2fcad417c0ce1bbaf67cd31921310e779e3deefeab8bf37f51d5b65  licenses/org.cryptacular/cryptacular/1.3.0/binary/ARCHIVE-MANIFEST.MF
7421a37d7fb2b795f4e89e6f66b498cfb1ab0e155b878f4514842d49d3dd8498  licenses/org.cryptacular/cryptacular/1.3.0/source/ARCHIVE-MANIFEST.MF
ba01ae7a744cb52fe8ecf3b023cbc32e0ccc8c6beef9f26de77a47808239447d  licenses/org.yaml/snakeyaml/2.5/maven-pom.xml
4d17a929a855b75a54c4745e625d7861c127082576d7e3fc82abd50555bed68f  licenses/org.yaml/snakeyaml/2.5/binary/ARCHIVE-MANIFEST.MF
31f06c9999bfd523e192864178cfe4a9873d336884cf59a0d698e520895caeaa  licenses/org.yaml/snakeyaml/2.5/source/ARCHIVE-MANIFEST.MF
3b26a7793618d48167e726f10ce93d795fd1d4bc299e6d48b8f7aac2b12e926a  licenses/oss-core-runtime.cdx.json
fe19b490bef5c81fd9b9bff8c0f8088747d6f58680ceff4bb228840a33428ca9  licenses/com.fasterxml.jackson.datatype/jackson-datatype-jsr310/2.22.1/maven-pom.xml
a241a21d568fc3aa4ec2c46ec99e3a622b3665d8d8e9d8170992ad1c6931e96f  licenses/com.fasterxml.jackson.datatype/jackson-datatype-jsr310/2.22.1/parent-maven-pom.xml
c6f393e068b5c89be3e65402875e68c6db40fe42f78b5d7acc118027a28d5a69  licenses/com.fasterxml.jackson.datatype/jackson-datatype-jsr310/2.22.1/binary/ARCHIVE-MANIFEST.MF
7347397a0665f6898b32894a1869a514251abef7da7620902b0e57c5026cf1ed  licenses/com.fasterxml.jackson.datatype/jackson-datatype-jsr310/2.22.1/binary/META-INF/NOTICE
66ea9c8987b1674aababbcc24f61c83ab4fb7baf3af1d701caf0a3aaea97fa92  licenses/com.fasterxml.jackson.datatype/jackson-datatype-jsr310/2.22.1/binary/META-INF/LICENSE
59230eb5fc59bdc2f4e5be46f8d02574d783c78389497b8070ce0613e91f0eca  licenses/com.fasterxml.jackson.datatype/jackson-datatype-jsr310/2.22.1/source/ARCHIVE-MANIFEST.MF
7347397a0665f6898b32894a1869a514251abef7da7620902b0e57c5026cf1ed  licenses/com.fasterxml.jackson.datatype/jackson-datatype-jsr310/2.22.1/source/META-INF/NOTICE
66ea9c8987b1674aababbcc24f61c83ab4fb7baf3af1d701caf0a3aaea97fa92  licenses/com.fasterxml.jackson.datatype/jackson-datatype-jsr310/2.22.1/source/META-INF/LICENSE
e428bc2611ed807291b93bd97f5610230fb765122249300f7920e9624dd614ff  licenses/io.opentelemetry.semconv/opentelemetry-semconv/1.42.0/maven-pom.xml
947c94fb4fced42189c7e144627c7860f3be2d2c9aba0b18700c600c5de99d70  licenses/io.opentelemetry.semconv/opentelemetry-semconv/1.42.0/binary/ARCHIVE-MANIFEST.MF
947c94fb4fced42189c7e144627c7860f3be2d2c9aba0b18700c600c5de99d70  licenses/io.opentelemetry.semconv/opentelemetry-semconv/1.42.0/source/ARCHIVE-MANIFEST.MF
dba1707f025202fe344052163c3419a0f03d056777ac5c346175e5523c937d60  licenses/ch.qos.logback/logback-core/1.5.38/maven-pom.xml
2bce3a61a6449adb9a0722e1c0c1e391533880ba02916d3df83208999aea6c66  licenses/ch.qos.logback/logback-core/1.5.38/parent-maven-pom.xml
941368225a9938c10e5187ef5f2f5db62ee68fb939fa7b5734ceda25e6e1d2bf  licenses/ch.qos.logback/logback-core/1.5.38/binary/ARCHIVE-MANIFEST.MF
10bc159fd66a1645406e39ed8cd83c5aa6d8fa5c1559b16b300bf42bc86755fd  licenses/ch.qos.logback/logback-core/1.5.38/source/ARCHIVE-MANIFEST.MF
63313f843b669c60255e66f2c52a9c1d3af3787009d9f389159e35a691b63857  licenses/ch.qos.logback/logback-classic/1.5.38/maven-pom.xml
2bce3a61a6449adb9a0722e1c0c1e391533880ba02916d3df83208999aea6c66  licenses/ch.qos.logback/logback-classic/1.5.38/parent-maven-pom.xml
d313fce42eac112de15e8dd12ad5250407676175a79291157adb4f108948db32  licenses/ch.qos.logback/logback-classic/1.5.38/binary/ARCHIVE-MANIFEST.MF
10bc159fd66a1645406e39ed8cd83c5aa6d8fa5c1559b16b300bf42bc86755fd  licenses/ch.qos.logback/logback-classic/1.5.38/source/ARCHIVE-MANIFEST.MF
fb3e6e2fe31e0d62efff188dee01a0c177b332e82cd7947fbf7e438f922079bf  licenses/com.eatthepath/java-otp/0.4.0/maven-pom.xml
b34b8453c26ec89aa84d883ebbed2ed203fb7433c8f392197b831247803fd881  licenses/com.eatthepath/java-otp/0.4.0/binary/ARCHIVE-MANIFEST.MF
70216a0b473ed6dc77600231ac62612c389ce3c05cb091161548fd5eb4f24e20  licenses/com.eatthepath/java-otp/0.4.0/source/ARCHIVE-MANIFEST.MF
7ca83b2709c1e7a9e03b576cd41422190379489a80866e542f8c8b955411a2aa  licenses/org.apache.commons/commons-lang3/3.20.0/maven-pom.xml
94f6c027b15f6402995dd1b2c7ea35bfe1ebc88b6832b3134368b41998721953  licenses/org.apache.commons/commons-lang3/3.20.0/parent-maven-pom.xml
1877ed9f9cd86cb95f7f1c4dfe3b66da6f2150f2652d2410de405c703d38477e  licenses/org.apache.commons/commons-lang3/3.20.0/binary/ARCHIVE-MANIFEST.MF
b1d2870f1a00e4d7f56576e5f0870cba109e041f8af66866cf5b499478e654e7  licenses/org.apache.commons/commons-lang3/3.20.0/binary/META-INF/LICENSE.txt
64bc8696af3f6c770521412b85d3a733fa44b2ef5b0f4bd739e0c4d02eca492a  licenses/org.apache.commons/commons-lang3/3.20.0/binary/META-INF/NOTICE.txt
42ccb4e25b086c9cc853f7dba8d578b0b44e65b0c11badd063c6dc808541d0e5  licenses/org.apache.commons/commons-lang3/3.20.0/source/ARCHIVE-MANIFEST.MF
b1d2870f1a00e4d7f56576e5f0870cba109e041f8af66866cf5b499478e654e7  licenses/org.apache.commons/commons-lang3/3.20.0/source/META-INF/LICENSE.txt
64bc8696af3f6c770521412b85d3a733fa44b2ef5b0f4bd739e0c4d02eca492a  licenses/org.apache.commons/commons-lang3/3.20.0/source/META-INF/NOTICE.txt
0b0cb81a65ee1737d51286350a9e56489336b8f9908198febd0494243eea2978  licenses/org.bouncycastle/bcutil-jdk18on/1.84/maven-pom.xml
4f33664f53638c44e70c3de58d8dbd01b84feade1a60d306285a4e6e56fdae6e  licenses/org.bouncycastle/bcutil-jdk18on/1.84/binary/ARCHIVE-MANIFEST.MF
566ad1a80220026d05099562645ce968ff0e7c36cde22634332605bb34cc3eff  licenses/org.bouncycastle/bcutil-jdk18on/1.84/source/ARCHIVE-MANIFEST.MF
c1281ed5eaf8f3e405557e7a5205cb6f3cdf753f84de9b1a815c75ebdeb9992a  licenses/org.bouncycastle/bcpkix-jdk18on/1.84/maven-pom.xml
41af922caee8d0e068cfc5d807d7688b9b8358b179fe7b463e2229cf3eb16978  licenses/org.bouncycastle/bcpkix-jdk18on/1.84/binary/ARCHIVE-MANIFEST.MF
566ad1a80220026d05099562645ce968ff0e7c36cde22634332605bb34cc3eff  licenses/org.bouncycastle/bcpkix-jdk18on/1.84/source/ARCHIVE-MANIFEST.MF
ce7abb4a91ba5d2a73fdf17a3df4762e3605a0392cc7983ef2f1ae16cd384cc3  licenses/org.bouncycastle/bcprov-jdk18on/1.84/maven-pom.xml
669c649a1612035f000019047d8462fd54a0a9fb497c48a02487b0a9b0f1e7f0  licenses/org.bouncycastle/bcprov-jdk18on/1.84/binary/ARCHIVE-MANIFEST.MF
4329601171ae4473f51e71c2e7f7ad873085ef3487828845cf760e39d6948715  licenses/org.bouncycastle/bcprov-jdk18on/1.84/source/org/bouncycastle/LICENSE.java
566ad1a80220026d05099562645ce968ff0e7c36cde22634332605bb34cc3eff  licenses/org.bouncycastle/bcprov-jdk18on/1.84/source/ARCHIVE-MANIFEST.MF
fb046a9c229437928bb11c2d27c8b5d773eb8a25e60cbd253d985210dedc2684  licenses/org.slf4j/slf4j-api/1.7.36/maven-pom.xml
bb388d37fbcdd3cde64c3cede21838693218dc451f04040c5df360a78ed7e812  licenses/org.slf4j/slf4j-api/1.7.36/parent-maven-pom.xml
5728474db28d90a0616b589860aedc0f96f4efb8d06e8c9084fc1d110161ffa0  licenses/org.slf4j/slf4j-api/1.7.36/binary/ARCHIVE-MANIFEST.MF
10bc159fd66a1645406e39ed8cd83c5aa6d8fa5c1559b16b300bf42bc86755fd  licenses/org.slf4j/slf4j-api/1.7.36/source/ARCHIVE-MANIFEST.MF
150c40287f7cecdc21b9380caac98e928c4f33c023db6b348df1c5ac977026bf  licenses/org.slf4j/slf4j-api/2.0.17/maven-pom.xml
95cd71e852dfdb29126e58b7b939d57ec2b2e6024391852e0b545dee082bbf3b  licenses/org.slf4j/slf4j-api/2.0.17/parent-maven-pom.xml
c686c7508bee23a8dfa8fc97bc3308123020f1e761dab0377a908fbe407dafc8  licenses/org.slf4j/slf4j-api/2.0.17/binary/ARCHIVE-MANIFEST.MF
4e7f90c86ab51278228bce153122f1d8df30149d13ce9ef524c8444a84c32dcc  licenses/org.slf4j/slf4j-api/2.0.17/binary/META-INF/LICENSE.txt
31f06c9999bfd523e192864178cfe4a9873d336884cf59a0d698e520895caeaa  licenses/org.slf4j/slf4j-api/2.0.17/source/ARCHIVE-MANIFEST.MF
4e7f90c86ab51278228bce153122f1d8df30149d13ce9ef524c8444a84c32dcc  licenses/org.slf4j/slf4j-api/2.0.17/source/META-INF/LICENSE.txt
c0f65722d75c0e58cd1835b3046046f606b5da699904161f8db6b78feb9b401a  licenses/com.google.code.gson/gson/2.13.1/maven-pom.xml
a497c50b738c97fb62c1a5c64db4e187bf12d8023ff05e5d05fc19acf286bac5  licenses/com.google.code.gson/gson/2.13.1/binary/ARCHIVE-MANIFEST.MF
7421a37d7fb2b795f4e89e6f66b498cfb1ab0e155b878f4514842d49d3dd8498  licenses/com.google.code.gson/gson/2.13.1/source/ARCHIVE-MANIFEST.MF
965aeb2bedff369819bdde1bf7a0b3b89b8247dd69c88b86375d76163bb8c397  licenses/org.jetbrains/annotations/13.0/maven-pom.xml
6f899c5ec48c91958fe672e3f4bc951d48e70e9cf97de88f356b6805bd57c03e  licenses/org.jetbrains/annotations/13.0/binary/ARCHIVE-MANIFEST.MF
6f899c5ec48c91958fe672e3f4bc951d48e70e9cf97de88f356b6805bd57c03e  licenses/org.jetbrains/annotations/13.0/source/ARCHIVE-MANIFEST.MF
dbc08440438d5e8a600041a9b61e249f0c7d9d86b998e72a9a03900b4c64aa44  licenses/org.apache.httpcomponents.client5/httpclient5/5.6.4/maven-pom.xml
05305597e8208fdfcc826918db9dad36a42c7b1ddcb366008c2f0975ed2d7192  licenses/org.apache.httpcomponents.client5/httpclient5/5.6.4/parent-maven-pom.xml
5e1b77548a5f848d38e5f20032e7c0bc345449a8f4f376778532f3ce935fd5c3  licenses/org.apache.httpcomponents.client5/httpclient5/5.6.4/binary/ARCHIVE-MANIFEST.MF
4ad1973880c25e0c41fdf45fb47fbb3cb935b322982cca535d4dbf8062cc5a47  licenses/org.apache.httpcomponents.client5/httpclient5/5.6.4/binary/META-INF/NOTICE
cfc7749b96f63bd31c3c42b5c471bf756814053e847c10f3eb003417bc523d30  licenses/org.apache.httpcomponents.client5/httpclient5/5.6.4/binary/META-INF/LICENSE
0db3924de2e199944743582d72b30d3b9366d1c9e9dc2bfa6f43457e88a290cd  licenses/org.apache.httpcomponents.client5/httpclient5/5.6.4/source/ARCHIVE-MANIFEST.MF
4ad1973880c25e0c41fdf45fb47fbb3cb935b322982cca535d4dbf8062cc5a47  licenses/org.apache.httpcomponents.client5/httpclient5/5.6.4/source/META-INF/NOTICE
cfc7749b96f63bd31c3c42b5c471bf756814053e847c10f3eb003417bc523d30  licenses/org.apache.httpcomponents.client5/httpclient5/5.6.4/source/META-INF/LICENSE
ad512ad9cb63fca39ca7c797e47c02c357bb8787ea8c89d2a99d1b5fea2f309d  licenses/org.apache.httpcomponents.client5/httpclient5-cache/5.6.4/maven-pom.xml
05305597e8208fdfcc826918db9dad36a42c7b1ddcb366008c2f0975ed2d7192  licenses/org.apache.httpcomponents.client5/httpclient5-cache/5.6.4/parent-maven-pom.xml
1407f305deb55c184abf3381dc6afaf9ad87139a7a6c1089dfa5d4127690ac01  licenses/org.apache.httpcomponents.client5/httpclient5-cache/5.6.4/binary/ARCHIVE-MANIFEST.MF
d076ef669ce7dc001dd7e95f26fe05ded1e825eb2e52997de4fd2f3fd3129be2  licenses/org.apache.httpcomponents.client5/httpclient5-cache/5.6.4/binary/META-INF/NOTICE
cfc7749b96f63bd31c3c42b5c471bf756814053e847c10f3eb003417bc523d30  licenses/org.apache.httpcomponents.client5/httpclient5-cache/5.6.4/binary/META-INF/LICENSE
25e2c4d4749e3cd55d392743492e15ea42d0afa70cba6b697955c265b6adcec0  licenses/org.apache.httpcomponents.client5/httpclient5-cache/5.6.4/source/ARCHIVE-MANIFEST.MF
d076ef669ce7dc001dd7e95f26fe05ded1e825eb2e52997de4fd2f3fd3129be2  licenses/org.apache.httpcomponents.client5/httpclient5-cache/5.6.4/source/META-INF/NOTICE
cfc7749b96f63bd31c3c42b5c471bf756814053e847c10f3eb003417bc523d30  licenses/org.apache.httpcomponents.client5/httpclient5-cache/5.6.4/source/META-INF/LICENSE
94016926c00b86dec569d8eeaa419ca1c7726eedcc47e42060897740d6943353  licenses/runtime-source-archives.lock.json
6b24f9e7bb62550241e286287f527a7dc463669a0b7cf5acde599e99842de721  licenses/com.lambdaworks/scrypt/1.4.0/maven-pom.xml
1cd6d6612632200fc786ebd276cee58d66c80eacdab32daa694725fb73aa9593  licenses/com.lambdaworks/scrypt/1.4.0/binary/ARCHIVE-MANIFEST.MF
cdf4541a5ba39ed35100a8a92ac4cbc26163ca950afeeabcbfbaf4bda22d7cdf  licenses/com.lambdaworks/scrypt/1.4.0/source/ARCHIVE-MANIFEST.MF
42b7599d796893f0ea6f3fb892fcd2eefa6f637330578dd92ecaf8dcedc4dee8  licenses/com.lambdaworks/scrypt/1.4.0/supplemental/scrypt__src__main__c__crypto_scrypt-nosse.c.notice.txt
1d5a2048f30137293e7b5629f647b25f984f30931cb925afb661bc2996597618  licenses/com.lambdaworks/scrypt/1.4.0/supplemental/sysendian.h.NOTICE
0d542e0c8804e39aa7f37eb00da5a762149dc682d7829451287e11b938e94594  licenses/com.lambdaworks/scrypt/1.4.0/supplemental/scrypt__LICENSE
9d58252d00b39208738bfcc510ef5b24b3f6e7b54b42c307c6185c71a473cf25  licenses/com.lambdaworks/scrypt/1.4.0/supplemental/sha256.h.NOTICE
42b7599d796893f0ea6f3fb892fcd2eefa6f637330578dd92ecaf8dcedc4dee8  licenses/com.lambdaworks/scrypt/1.4.0/supplemental/crypto_scrypt.h.NOTICE
a341ec72b05646a3ffa490381b0ba622b7088ae37c5f4e9d86a3062d15cbb908  licenses/com.lambdaworks/scrypt/1.4.0/supplemental/scrypt__src__main__c__sha256.c.notice.txt
42b7599d796893f0ea6f3fb892fcd2eefa6f637330578dd92ecaf8dcedc4dee8  licenses/com.lambdaworks/scrypt/1.4.0/supplemental/scrypt__src__main__c__crypto_scrypt-sse.c.notice.txt
fc7962cd116701a5a781f3a0c73533b86b0b7eabff8049411c51f243a2a68358  licenses/org.apache.tomcat/tomcat-annotations-api/11.0.25/maven-pom.xml
23ba34eb88880c483c6e510e803e7318557e62be7d8893ba6d61b1fa5ea312dc  licenses/org.apache.tomcat/tomcat-annotations-api/11.0.25/binary/ARCHIVE-MANIFEST.MF
0317acaa42a5e48bec061cf009cb5c8b4b8ff845f3c6ba548f67c5c22c29fc96  licenses/org.apache.tomcat/tomcat-annotations-api/11.0.25/binary/META-INF/NOTICE
cfc7749b96f63bd31c3c42b5c471bf756814053e847c10f3eb003417bc523d30  licenses/org.apache.tomcat/tomcat-annotations-api/11.0.25/binary/META-INF/LICENSE
af3e69271a7d12bb5619bb216c7ee8f16c003cedad39f34f42694d086c68f950  licenses/org.apache.tomcat/tomcat-annotations-api/11.0.25/source/ARCHIVE-MANIFEST.MF
0317acaa42a5e48bec061cf009cb5c8b4b8ff845f3c6ba548f67c5c22c29fc96  licenses/org.apache.tomcat/tomcat-annotations-api/11.0.25/source/META-INF/NOTICE
cfc7749b96f63bd31c3c42b5c471bf756814053e847c10f3eb003417bc523d30  licenses/org.apache.tomcat/tomcat-annotations-api/11.0.25/source/META-INF/LICENSE
48345abc9f63837e73ef0af83193b268e05d1c0e63e2934fdcbd78e26e8932ff  licenses/com.fasterxml.jackson.dataformat/jackson-dataformat-yaml/2.22.1/maven-pom.xml
8168041b51313716c4fdaaa046376b0efee78b1c42ce73a2a5d1c4af8a1ba0b6  licenses/com.fasterxml.jackson.dataformat/jackson-dataformat-yaml/2.22.1/parent-maven-pom.xml
43b3f18c176d522654ea2ec856d5c6454e895368356219cb7ae24e6410b66c3f  licenses/com.fasterxml.jackson.dataformat/jackson-dataformat-yaml/2.22.1/binary/ARCHIVE-MANIFEST.MF
5828ffe74ea0ee4bf896654026f05fed1ead1d22acd577cc1eec9be0bc0de1ed  licenses/com.fasterxml.jackson.dataformat/jackson-dataformat-yaml/2.22.1/binary/META-INF/NOTICE
9e255394eb9f8cfdcdf599dd150d9ca3e922ab4d31cb5e83519479a91e1d3072  licenses/com.fasterxml.jackson.dataformat/jackson-dataformat-yaml/2.22.1/binary/META-INF/LICENSE
563103a46650c916d2d1f07e2be9108ec92eb6be65019bc14c3c070c31fc4f59  licenses/com.fasterxml.jackson.dataformat/jackson-dataformat-yaml/2.22.1/source/ARCHIVE-MANIFEST.MF
5828ffe74ea0ee4bf896654026f05fed1ead1d22acd577cc1eec9be0bc0de1ed  licenses/com.fasterxml.jackson.dataformat/jackson-dataformat-yaml/2.22.1/source/META-INF/NOTICE
9e255394eb9f8cfdcdf599dd150d9ca3e922ab4d31cb5e83519479a91e1d3072  licenses/com.fasterxml.jackson.dataformat/jackson-dataformat-yaml/2.22.1/source/META-INF/LICENSE
1824886105e1edc0026461d8e01de67bf406c9f43c857dbccf525b71a4c39c2b  licenses/com.fasterxml.jackson.dataformat/jackson-dataformat-cbor/2.22.1/maven-pom.xml
f9a19dd37cd95effd3bf02474f263c2435992893beb3851bd6a701e0570d7cdd  licenses/com.fasterxml.jackson.dataformat/jackson-dataformat-cbor/2.22.1/binary/ARCHIVE-MANIFEST.MF
5828ffe74ea0ee4bf896654026f05fed1ead1d22acd577cc1eec9be0bc0de1ed  licenses/com.fasterxml.jackson.dataformat/jackson-dataformat-cbor/2.22.1/binary/META-INF/NOTICE
3b7ec3d73de1ac4eee9af17fd70239e8c226209713b7bc761821e5384acf0a9d  licenses/com.fasterxml.jackson.dataformat/jackson-dataformat-cbor/2.22.1/binary/META-INF/LICENSE
c5e8b220c64599c4dffd5e28a98ba4498dfa5440283a61065481e19c5e9f6966  licenses/com.fasterxml.jackson.dataformat/jackson-dataformat-cbor/2.22.1/source/ARCHIVE-MANIFEST.MF
5828ffe74ea0ee4bf896654026f05fed1ead1d22acd577cc1eec9be0bc0de1ed  licenses/com.fasterxml.jackson.dataformat/jackson-dataformat-cbor/2.22.1/source/META-INF/NOTICE
3b7ec3d73de1ac4eee9af17fd70239e8c226209713b7bc761821e5384acf0a9d  licenses/com.fasterxml.jackson.dataformat/jackson-dataformat-cbor/2.22.1/source/META-INF/LICENSE
66778f4d0597bce63f91ec000c575cc029b3201f7dd092cb808875155b3e86a1  licenses/com.squareup.okio/okio-jvm/3.16.4/maven-pom.xml
6d0a2ffac1dc4f3c755dbad93fa525002770a315b4d00704f7e6fb31a033e2a2  licenses/com.squareup.okio/okio-jvm/3.16.4/binary/ARCHIVE-MANIFEST.MF
566ad1a80220026d05099562645ce968ff0e7c36cde22634332605bb34cc3eff  licenses/com.squareup.okio/okio-jvm/3.16.4/source/ARCHIVE-MANIFEST.MF
53b879224c62a45505bb2dc2f4c93e30943a0bcdfb0ce1a18f43d38db3b358c0  licenses/org.apache.santuario/xmlsec/3.0.6/maven-pom.xml
918dfc1dc02e4919173a3675f1b9546b5ed17e5ee06724f00ccbd33ae9a334be  licenses/org.apache.santuario/xmlsec/3.0.6/binary/ARCHIVE-MANIFEST.MF
a8bda3d26dee65a7d781915538ec4462f11937bc72a14973e28af37c50653f4e  licenses/org.apache.santuario/xmlsec/3.0.6/binary/META-INF/NOTICE
cfc7749b96f63bd31c3c42b5c471bf756814053e847c10f3eb003417bc523d30  licenses/org.apache.santuario/xmlsec/3.0.6/binary/META-INF/LICENSE
7421a37d7fb2b795f4e89e6f66b498cfb1ab0e155b878f4514842d49d3dd8498  licenses/org.apache.santuario/xmlsec/3.0.6/source/ARCHIVE-MANIFEST.MF
a8bda3d26dee65a7d781915538ec4462f11937bc72a14973e28af37c50653f4e  licenses/org.apache.santuario/xmlsec/3.0.6/source/META-INF/NOTICE
cfc7749b96f63bd31c3c42b5c471bf756814053e847c10f3eb003417bc523d30  licenses/org.apache.santuario/xmlsec/3.0.6/source/META-INF/LICENSE
d92258eca14a1a95ca864be37ee411a801a5864a924b6ff6327563be1b053569  licenses/org.xerial/sqlite-jdbc/3.45.1.0/maven-pom.xml
a908ca037cb379581a38473ff869fe2b94ad6db0bf6a2dc9d94b2a3c92623d56  licenses/org.xerial/sqlite-jdbc/3.45.1.0/binary/ARCHIVE-MANIFEST.MF
89167dab92289c7e5e2b65b044f0856b703d05e5d5e35c3548e73d9c7d2f5048  licenses/org.xerial/sqlite-jdbc/3.45.1.0/binary/META-INF/maven/org.xerial/sqlite-jdbc/LICENSE.zentus
3ddf9be5c28fe27dad143a5dc76eea25222ad1dd68934a047064e56ed2fa40c5  licenses/org.xerial/sqlite-jdbc/3.45.1.0/binary/META-INF/maven/org.xerial/sqlite-jdbc/LICENSE
74c7241effb7d9e7ce80288bcb8d3488de418942395b6d667e40b21930b428a4  licenses/org.xerial/sqlite-jdbc/3.45.1.0/source/ARCHIVE-MANIFEST.MF
89167dab92289c7e5e2b65b044f0856b703d05e5d5e35c3548e73d9c7d2f5048  licenses/org.xerial/sqlite-jdbc/3.45.1.0/source/META-INF/maven/org.xerial/sqlite-jdbc/LICENSE.zentus
3ddf9be5c28fe27dad143a5dc76eea25222ad1dd68934a047064e56ed2fa40c5  licenses/org.xerial/sqlite-jdbc/3.45.1.0/source/META-INF/maven/org.xerial/sqlite-jdbc/LICENSE
9eb64850d66d5648dc600a8983fc79332b0871ec90ed77d65e96db30eb813db1  licenses/org.mindrot/jbcrypt/0.4/maven-pom.xml
76413554c38496049767e01d863c587916ea347629f1d89043556160152b9353  licenses/org.mindrot/jbcrypt/0.4/binary/ARCHIVE-MANIFEST.MF
d81f56df6a7a356493cfbf936bb185eb4add6ce7af5f3c1f428445f6d42e8c85  licenses/org.mindrot/jbcrypt/0.4/source/ARCHIVE-MANIFEST.MF
87f14685f16a58f583ce9d9b7470da70bfaa9a497936ccb6947655c043946e6a  licenses/io.opentelemetry/opentelemetry-api/1.63.0/maven-pom.xml
336741081d7fa74b0cf1f0f4ed1eaaae73035b7a7e5d265f4f21fd809299fad1  licenses/io.opentelemetry/opentelemetry-api/1.63.0/binary/ARCHIVE-MANIFEST.MF
daac4c2bff4a2bc98f3595d3877fc1234de4d1e6554bef518027e5f2db1867d6  licenses/io.opentelemetry/opentelemetry-api/1.63.0/source/ARCHIVE-MANIFEST.MF
498c571a78c27ba4bd784d75f1397f331addbee1ed4770fd0c611c8f87176ae4  licenses/io.opentelemetry/opentelemetry-context/1.63.0/maven-pom.xml
dd885e34bcd7ec7654f23e03f5f87229de99ec3314d96a5a96f891a60885b50e  licenses/io.opentelemetry/opentelemetry-context/1.63.0/binary/ARCHIVE-MANIFEST.MF
fc79c06d95e105336f4ae908ca75fdd44b832c65053db35345208ce8b8c0ff79  licenses/io.opentelemetry/opentelemetry-context/1.63.0/source/ARCHIVE-MANIFEST.MF
1e577af3d8625e926781ad50711fc4f4a2ce044a5bdfd0329c92c84ca0e965bd  licenses/io.opentelemetry/opentelemetry-common/1.63.0/maven-pom.xml
d34a245a85a33e54d9eeeb0a6fc5ed830524565dd94b5ce5393d5a096a224876  licenses/io.opentelemetry/opentelemetry-common/1.63.0/binary/ARCHIVE-MANIFEST.MF
c6048e20a1add263829e83739450d98fdf4ed02478b4433436f0fc5d786da010  licenses/io.opentelemetry/opentelemetry-common/1.63.0/source/ARCHIVE-MANIFEST.MF
8284977e9491a0a7bbd092ea0723d4d5aeea86943d9549da6eac88bed073ce70  licenses/io.opentelemetry/opentelemetry-exporter-common/1.63.0/maven-pom.xml
1d04914bca7096570030f055f94cb74afb878e1ef54f73cebcff329b43ce752e  licenses/io.opentelemetry/opentelemetry-exporter-common/1.63.0/binary/ARCHIVE-MANIFEST.MF
95b9db0c91ad7767a5504e201f07c1981f59fcb9cf40e55efab32357fb1b1f44  licenses/io.opentelemetry/opentelemetry-exporter-common/1.63.0/source/ARCHIVE-MANIFEST.MF
89cb99b7a14a65390d0f1d7d9f7f058294b3da987c31a24b874821f08e515b6d  licenses/io.opentelemetry/opentelemetry-exporter-otlp-common/1.63.0/maven-pom.xml
9cb1be56ced086fcd43432c41ef12ac72ba2fe8774dac04eb3912d80866843f3  licenses/io.opentelemetry/opentelemetry-exporter-otlp-common/1.63.0/binary/ARCHIVE-MANIFEST.MF
3084b86677ccf0afe2cea255f3c133e87eb3f564ff2a2bc187cd27b1ab857b01  licenses/io.opentelemetry/opentelemetry-exporter-otlp-common/1.63.0/source/ARCHIVE-MANIFEST.MF
a4e580ebc93ae77c9cfe5653a8ce2404ff5883c40c81ee143794eca50f56dc5c  licenses/io.opentelemetry/opentelemetry-exporter-logging/1.63.0/maven-pom.xml
bd39b3dc2d445ff318de2a3ef91754e1fb34112efc6f4331962e4dc6caf47251  licenses/io.opentelemetry/opentelemetry-exporter-logging/1.63.0/binary/ARCHIVE-MANIFEST.MF
2d291e9a177f951a4ff9509b1881ff71bb94290df64590153a1f743e4528cef7  licenses/io.opentelemetry/opentelemetry-exporter-logging/1.63.0/source/ARCHIVE-MANIFEST.MF
fd5a229bd30fe828ebd0279941b4e5ebcce708d49278a2431407a845f808253c  licenses/io.opentelemetry/opentelemetry-exporter-otlp/1.63.0/maven-pom.xml
d80ecb333bda6011122e94481e9e01f64d8dbd885c1aa249939762c33ee4677d  licenses/io.opentelemetry/opentelemetry-exporter-otlp/1.63.0/binary/ARCHIVE-MANIFEST.MF
305fb83a60bc2bd4e8b304459e09c1c82d4cf3f1641ce13ed38167e07922065d  licenses/io.opentelemetry/opentelemetry-exporter-otlp/1.63.0/source/ARCHIVE-MANIFEST.MF
35cef4b90cfa2893753438dddab1e332a9e54603660c1c1c35f3de810a10b396  licenses/io.opentelemetry/opentelemetry-sdk-trace/1.63.0/maven-pom.xml
d3dd5d86a596e300a3f6b8f9041a25a3931358becfb7a2e18cee5599744dc803  licenses/io.opentelemetry/opentelemetry-sdk-trace/1.63.0/binary/ARCHIVE-MANIFEST.MF
480c3da590ef8396469822227153a23632d53551eca0cfcb071b59e9eeb119d9  licenses/io.opentelemetry/opentelemetry-sdk-trace/1.63.0/source/ARCHIVE-MANIFEST.MF
20ea26d3cfefec10c47541bb57bfcb5e3df664c145ce9169bf8f033a00126b5b  licenses/io.opentelemetry/opentelemetry-sdk/1.63.0/maven-pom.xml
619449c1e668c1b95e3184f4afd892c0c0b8e4dc0949808c643f5b8cc4b7aa2b  licenses/io.opentelemetry/opentelemetry-sdk/1.63.0/binary/ARCHIVE-MANIFEST.MF
70db313c959a51b5cf0568fc815ebca625a7426bd84dbe3196691051d686cf9e  licenses/io.opentelemetry/opentelemetry-sdk/1.63.0/source/ARCHIVE-MANIFEST.MF
ca6d52d26ebc07b1b51cb40c9b50158902232b575b1f7aca0172c0820cfdecc5  licenses/io.opentelemetry/opentelemetry-sdk-logs/1.63.0/maven-pom.xml
1097309c18168094af185f55efb9a28514fff82b30fa533faa7226213584065b  licenses/io.opentelemetry/opentelemetry-sdk-logs/1.63.0/binary/ARCHIVE-MANIFEST.MF
3e2fdc62dd7dba74dec586300417b3f5821ec462f5a865407aa49d93a5276628  licenses/io.opentelemetry/opentelemetry-sdk-logs/1.63.0/source/ARCHIVE-MANIFEST.MF
6c5c44a387855191b0bfad74530b8ba2c0882a9153d35f0fca2555f9cc8e3cee  licenses/io.opentelemetry/opentelemetry-sdk-metrics/1.63.0/maven-pom.xml
54fd27ecf574376a154d618fb339f576e024c57a989666fead22bdc1a0039c4f  licenses/io.opentelemetry/opentelemetry-sdk-metrics/1.63.0/binary/ARCHIVE-MANIFEST.MF
77bd504b1709746f478e14065211ff8ece0c775732c5b4b5a3b9a723a7057d11  licenses/io.opentelemetry/opentelemetry-sdk-metrics/1.63.0/source/ARCHIVE-MANIFEST.MF
c303921ee72d5a3df9a9a979d474077b28eaa0caad690d9a0ab1fa1d853aa02e  licenses/io.opentelemetry/opentelemetry-exporter-sender-okhttp/1.63.0/maven-pom.xml
75c80965432ee7c9d557eaa4deac831bf32f00ce1eaa13ddf05a357ad913ec66  licenses/io.opentelemetry/opentelemetry-exporter-sender-okhttp/1.63.0/binary/ARCHIVE-MANIFEST.MF
36f4c118f583ad8264c7f5e83d5c47d51bea5ba7fd18be46abc192ae54507c1b  licenses/io.opentelemetry/opentelemetry-exporter-sender-okhttp/1.63.0/source/ARCHIVE-MANIFEST.MF
69e27cfaab06f07523ee5f361e3a098c8bbc3279026cb7d4b24c1e388008a5c4  licenses/io.opentelemetry/opentelemetry-sdk-common/1.63.0/maven-pom.xml
a72449a346b511286f8ff7a0dda943c2bb62b41dc901c56a8964bdfcf4aec834  licenses/io.opentelemetry/opentelemetry-sdk-common/1.63.0/binary/ARCHIVE-MANIFEST.MF
15a39eb6ddc5da940c1a1093d31231721b4681eadf1f507ca37dfcebe63d60bf  licenses/io.opentelemetry/opentelemetry-sdk-common/1.63.0/source/ARCHIVE-MANIFEST.MF
9ac42abfd94cef083b09acc397a6c714d27eaf410685294f539bdbbd57bbd005  licenses/expertauth/atomic/LICENSE.txt
f1b4af93f67505e94f7c1a56efcdd07c098370bcce6a38a3b0bd387a23f1254b  licenses/expertauth/atomic/NOTICE.txt
48376574a4049e86eb18c3643a09c89737ccad3dc418ecc23b2c1cc97142fceb  licenses/expertauth/atomic/source-map.json
8fbd08c7fee5122a051209b3fd1f19217a2181bbfe27628a28f961e15d64aa3c  licenses/expertauth/atomic/runtime.cdx.json
9b052b0cb85cb7d8bb0956afcc74f31c814f1c67e03498e1ca74f8fe8611d957  licenses/expertauth/bouncycastle/bcpkix-jdk18on-1.85.pom
4329601171ae4473f51e71c2e7f7ad873085ef3487828845cf760e39d6948715  licenses/expertauth/bouncycastle/source/org/bouncycastle/LICENSE.java
dc57ea99c91d3e275cc755bbe429be7e89bc415ee21437f020e1488bd57868ab  licenses/expertauth/bouncycastle/source/org/bouncycastle/crypto/generators/SCrypt.java
774ffb514ef342d7e7543805944fec32e4da2c4292ba5d7d8560f05a65a7c2dd  licenses/expertauth/bouncycastle/bcprov-jdk18on-1.85.2.pom
9f1c79a12a7c03d78860e05750dcc44e855e20205c7af7cffbf29a69448d85ea  licenses/expertauth/bouncycastle/bcutil-jdk18on-1.85.pom
002362be56c632567e4bbfa12c08a0ac99879de7c0a0544370e943ff775fce31  licenses/expertauth/bouncycastle/source-map.json
8ec1e8e442fe713338f37affb6f645750a81da649463c199198390e970e120fb  licenses/expertauth/native-argon2/source/man/argon2.1
1b513eb6524f0a3ac5e182bf2713618ddd8f2616ebe6e090d647c49b3e7eb2ec  licenses/expertauth/native-argon2/source/CHANGELOG.md
05637aa38f7648cda0cc8a46f7081bb38630d3d06d7f27965485011b7dfb7478  licenses/expertauth/native-argon2/source/Makefile
4aa2df3435c6c684889eaeee5ab703c5f066ea8df329da6b9a553c3740d695ba  licenses/expertauth/native-argon2/source/README.md
8b58a0c4b0588073540140f65f89b3d2f4f0307810bc7c648d98e57aaa030558  licenses/expertauth/native-argon2/source/.travis.yml
e20124ec0f780f88527e79cf00825e839624ed1f469c7e231596bf070f8c7b14  licenses/expertauth/native-argon2/source/src/encoding.c
9eab7f9ff356862a00a3075478dd0059344953ed79daab8b29185be2010efe78  licenses/expertauth/native-argon2/source/src/thread.h
cbebf3245500fd19461cbd475ba6d44b3145538866bdf74091114af471faef74  licenses/expertauth/native-argon2/source/src/opt.c
c9665623cb3d306f63b6a3effd87bcfab971c28253c77e111445e42c1523235e  licenses/expertauth/native-argon2/source/src/core.h
6a8eb32be02dcb8dc9651fd74e5bc2e0e3ce69cf11f7dc6cea78638aaffbeb05  licenses/expertauth/native-argon2/source/src/test.c
7d8101cb5a16b3ba7794b2c7472ba6936ca6e259dd13658ca16a385517bc5e65  licenses/expertauth/native-argon2/source/src/run.c
d3a2861d057d5cf19cbb11911d61724b2803fd997f2600bb17c9399f52a8fdf6  licenses/expertauth/native-argon2/source/src/genkat.h
1402085e2f54b021ea31b0d301f4b689a8b300832e2d11901502e62835185e3e  licenses/expertauth/native-argon2/source/src/thread.c
42f283d12ec445cfb423ac2f1f5a5d1a7f152ce2b9363f6ec3e1d5b61cd4ee6d  licenses/expertauth/native-argon2/source/src/encoding.h
4ec47b080c22f4ee416b9dbcfae70ee6007fcfba427f870d7b84395846fa1bc7  licenses/expertauth/native-argon2/source/src/ref.c
72a93deebc5fd76bec0c6d300a2d92b500fb354b26babbddbc6d8b88681e663d  licenses/expertauth/native-argon2/source/src/argon2.c
0f53eb2370f8971f04fcf043b8083bf81d1530c48b2ead71c0b6c4e22a01aeec  licenses/expertauth/native-argon2/source/src/core.c
c4a4e90ceca31b921be4c863c2457c38325ee67fd9e063cd61ce90f66a78e3f1  licenses/expertauth/native-argon2/source/src/bench.c
1a92cbf87ba1390f562ffb2e945a1132130c6ea682beaaa817177618166bd3ab  licenses/expertauth/native-argon2/source/src/genkat.c
bcfdcf785218cf897f05b144e80b659e611188fee3887d533bdcb7a6aa4c336b  licenses/expertauth/native-argon2/source/src/blake2/blamka-round-ref.h
8ac91f1f57d94235f8de0069b7809be1deb365c3b37adb8e30423cd364aff09a  licenses/expertauth/native-argon2/source/src/blake2/blake2-impl.h
3c2de197dd23179f78c57deac7b73a6049778bf651c5db57e508b2cfce5e7559  licenses/expertauth/native-argon2/source/src/blake2/blake2.h
ba5a9c1fef492cc6ce8d5b5217d6e7cd7983de10f16762f84e284d0ed9972e3b  licenses/expertauth/native-argon2/source/src/blake2/blamka-round-opt.h
52519ccbc1e48f489ff444091f630d05dadcc8f1ee61c5b7361e3a9618299c9a  licenses/expertauth/native-argon2/source/src/blake2/blake2b.c
d5413357b85e3042c930f6c5797950351f5ca284e1db1e9b974523af13b67e15  licenses/expertauth/native-argon2/source/kats/argon2id_v16.shasum
25975f6cdfe21559c87f16f212e4348398b1f1344a179a6cecade37abf092ae3  licenses/expertauth/native-argon2/source/kats/argon2d_v16.shasum
ba05643e504fc5778dda99e2d9f42ebe7d22ebb3923cc719fd591b1b14a8d28d  licenses/expertauth/native-argon2/source/kats/argon2id
40a3aeafb092d10cf457a8ee0139c114c911ecf97bd5accf5a99c7ddd6917061  licenses/expertauth/native-argon2/source/kats/argon2i
8575444528055281ac1b7ca6d95dabea69138fe7411dd299aa8bc0536a2a5fb8  licenses/expertauth/native-argon2/source/kats/argon2d.shasum
93f538293b8a907ffacef01d2a1ece1c307614d4a7f8531db624284f86f437de  licenses/expertauth/native-argon2/source/kats/argon2id.shasum
23cdf44c0d46299283aad7e8e421cb092aa6cbf0414da1c62fabca39560e8e97  licenses/expertauth/native-argon2/source/kats/argon2i.shasum
73619cfe0f35e52fdd1ca2595ffaa359879467407f98b61f4969c2861cc329ce  licenses/expertauth/native-argon2/source/kats/argon2d
fbbdc0f37f9dfec148a6d300fa56cfadcbb468bd9d5f31a613fbda96a9c6a1c9  licenses/expertauth/native-argon2/source/kats/test.sh
d2e3a16867b015ff91ceff5cd36bc3891f2e4439a2fcf9235353973d393bb8f9  licenses/expertauth/native-argon2/source/kats/check-sums.sh
680774be1d3ad2e74bbc56ee715dd6eb97a58279bf22edc57d00e840ca1ae469  licenses/expertauth/native-argon2/source/kats/argon2id_v16
ec8dcebfbc0b8a49b8874b215a7017fbb3fa926727e9ef971d646c1634702413  licenses/expertauth/native-argon2/source/kats/check-sums.ps1
be47099260c638847ad8097d4fd0748b6d041e2ede323522de97de0985b9a06c  licenses/expertauth/native-argon2/source/kats/argon2i_v16.shasum
334f03e627afb67b946a530b90d2e11fb2e6abb44df992c0fb3198c7bacf5930  licenses/expertauth/native-argon2/source/kats/argon2i_v16
4ec4569a016c3accc6a25a34252b03a6135939b3c452389917a3f3b65878165b  licenses/expertauth/native-argon2/source/kats/argon2d_v16
74280ae789f6ee3551b5eee70a03263bb4cdff276de6cda72cb8b55c8d415672  licenses/expertauth/native-argon2/source/kats/test.ps1
438029e55fd0740730cde30641f68dfa6a31cd71d78d203b339a42934434de88  licenses/expertauth/native-argon2/source/.gitignore
864b0f5fea9b51615fbc6954e1ce11408bdc9936c6ad2c0f925e4d008ac23f71  licenses/expertauth/native-argon2/source/appveyor.yml
c482744c90c0f0372fc87239a50fd7d22ecf036c7f95aa47de29c530f65c07ed  licenses/expertauth/native-argon2/source/export.sh
1bc1d1c01fa14a6faa90d5ea921fec86ae80146d9d99c647bd591687803d7435  licenses/expertauth/native-argon2/source/Argon2.sln
aa1d6606cd9dcdd9ebe96462ebadfd36bf0d40ac008f9a9973473e537e617606  licenses/expertauth/native-argon2/source/.gitattributes
e59054e527283780fa399692be9b3dff61cb4cd3d34e5cd8ff95b5d1183a3153  licenses/expertauth/native-argon2/source/libargon2.pc.in
1dd7d0b70a97831f5891dc47eb37b79a8ec40e2913ba100c46800c6661ff2983  licenses/expertauth/native-argon2/source/vs2015/Argon2Opt/Argon2Opt.vcxproj
c12dd1d7280d7084a414f18ac40d4c5b681ce3afa15feba099cd99b0a6698d38  licenses/expertauth/native-argon2/source/vs2015/Argon2Opt/Argon2Opt.vcxproj.filters
4a8d94e9a701b2104df0b8100b1f011d88116286e7ae2d8dc5f4ede53e6bbba7  licenses/expertauth/native-argon2/source/vs2015/Argon2OptDll/Argon2OptDll.vcxproj.filters
9fb8f5c59cff4151a0a312b06b6db95c77888c9c0ce9921cbe36e6827dc8f33b  licenses/expertauth/native-argon2/source/vs2015/Argon2OptDll/Argon2OptDll.vcxproj
981a20e798af5beace547e437cec09df3070451954dfae0c72ff2b6a9aabcd85  licenses/expertauth/native-argon2/source/vs2015/Argon2RefGenKAT/Argon2RefGenKAT.vcxproj
9724684d540096fd4f34a606fe665238ab5d841e905648b80a6ca52eee7815f5  licenses/expertauth/native-argon2/source/vs2015/Argon2RefGenKAT/Argon2RefGenKAT.vcxproj.filters
4329957094daf2df2ed6058c02a4521b12e1e3254713ead5b920057a575ce0b1  licenses/expertauth/native-argon2/source/vs2015/Argon2OptBench/Argon2OptBench.vcxproj.filters
d9c0afa1f3dc85354d1423d9da8678053e489600f450c7db2cd4458c8ffc4329  licenses/expertauth/native-argon2/source/vs2015/Argon2OptBench/Argon2OptBench.vcxproj
84fb855f04844c8ccc55c00f4f6b664cdb1fefa66a70a2bf8740e71d6113bf2c  licenses/expertauth/native-argon2/source/vs2015/Argon2Ref/Argon2Ref.vcxproj
60415a0892980c7cb6f54d7e99cf20d7e88450a48defcc5b3f2f10ba85c900cc  licenses/expertauth/native-argon2/source/vs2015/Argon2Ref/Argon2Ref.vcxproj.filters
38d671e8e38059f6b34229751f2833de2432303f0e31ad0ab3d981dc76c69471  licenses/expertauth/native-argon2/source/vs2015/Argon2RefTestCI/Argon2RefTestCI.vcxproj
d911d61c7f5b0946165a0841a58219977999664dfd257e234ef8df21eac8aabd  licenses/expertauth/native-argon2/source/vs2015/Argon2RefTestCI/Argon2RefTestCI.vcxproj.filters
c07baf000df4f79d9c6a90acb153faf7e8d92c106335427cd1fc044ddca6cb44  licenses/expertauth/native-argon2/source/vs2015/Argon2RefDll/Argon2RefDll.vcxproj.filters
f98236d7c32e2d29815ad62b8ec7a169c0ef436b6247f8ca9749722bdf7b9d12  licenses/expertauth/native-argon2/source/vs2015/Argon2RefDll/Argon2RefDll.vcxproj
957aecd61226043bfe753ac09e23add10bd2b28efd560431d3ba070bcbbf5d34  licenses/expertauth/native-argon2/source/vs2015/Argon2RefBench/Argon2RefBench.vcxproj.filters
4c7f0aaabc7a3b45e7419d34d65060ff020c528d302a3c241e008cdb8f4e425a  licenses/expertauth/native-argon2/source/vs2015/Argon2RefBench/Argon2RefBench.vcxproj
b4f57615c17f63ce9614426d1c879dfbd98de4322fac8864ac7160a70a308757  licenses/expertauth/native-argon2/source/vs2015/Argon2OptGenKAT/Argon2OptGenKAT.vcxproj.filters
938a531cc421079883f301b1647798b166f5396ae1bd976bafd542933bedbd60  licenses/expertauth/native-argon2/source/vs2015/Argon2OptGenKAT/Argon2OptGenKAT.vcxproj
c2992e31c0f83a3b774e37cc9bb6050591edd9b4896b4630d0e159e6abb0b405  licenses/expertauth/native-argon2/source/vs2015/Argon2OptTestCI/Argon2OptTestCI.vcxproj
ada8e97db0fdb258f3ba37d8f2e18e15327cfc2afe25208ba6f461fe4af8889f  licenses/expertauth/native-argon2/source/vs2015/Argon2OptTestCI/Argon2OptTestCI.vcxproj.filters
df20cb726a2fe6bccc736b81ea0d86219766a0d17f1794c19e048a34830ca1cc  licenses/expertauth/native-argon2/source/include/argon2.h
220f8736a89ff51c92ef3d497f413b48e6cf1df3d6278bc909c6308c78e1718e  licenses/expertauth/native-argon2/source/LICENSE
e146a1431360f489db82a749b91e5e77652c27c95e50e072f44499c305bd18d0  licenses/expertauth/native-argon2/source-map.json
3957417ecaee342521b61310fdc21bd37fcb8bba3f7547ece9b78fd03cd53f26  licenses/org.postgresql/postgresql/42.7.13/maven-pom.xml
dbb0c0c950e200e84c8960428531f01560877d1261d34ee576554cfe2d4ca205  licenses/org.postgresql/postgresql/42.7.13/binary/ARCHIVE-MANIFEST.MF
7c89807167a03a92d2fbfc936aff4f87d8ce31434637381c89e38282c8c99198  licenses/org.postgresql/postgresql/42.7.13/binary/META-INF/licenses/com.ongres.scram/scram-common-3.2/META-INF/LICENSE
7c89807167a03a92d2fbfc936aff4f87d8ce31434637381c89e38282c8c99198  licenses/org.postgresql/postgresql/42.7.13/binary/META-INF/licenses/com.ongres.scram/scram-client-3.2/META-INF/LICENSE
5c49fc155ebccd206277e0d1f424aadbf365f0a9ccfb54d400d728a375d523f9  licenses/org.postgresql/postgresql/42.7.13/binary/META-INF/licenses/com.ongres.stringprep/saslprep-2.2/META-INF/LICENSE
5c49fc155ebccd206277e0d1f424aadbf365f0a9ccfb54d400d728a375d523f9  licenses/org.postgresql/postgresql/42.7.13/binary/META-INF/licenses/com.ongres.stringprep/stringprep-2.2/META-INF/LICENSE
08bb580d3cb8f9a4a05f008466a294fdb019e0e177d03a035d46f1eb94077de5  licenses/org.postgresql/postgresql/42.7.13/binary/META-INF/LICENSE
dd49a780b7cafa368fa76669c827a820ef5ff0cb0e4a2dd6a8f02b7ded2707bc  licenses/org.postgresql/postgresql/42.7.13/source/ARCHIVE-MANIFEST.MF
5be1f67a4d62692cc2fc8b81a71088943fc4c1462bd76fd2f04bc0e965ca6d53  licenses/org.postgresql/postgresql/42.7.13/source/META-INF/LICENSE
3007bef8aff3ae8ea12d81c3feacb4f15979b2cf5c3e38fc9189a98dea141167  licenses/com.google.errorprone/error_prone_annotations/2.38.0/maven-pom.xml
cfc2480b7cd19050662eb0402e03ded82e950630226159dff872de077f4013a6  licenses/com.google.errorprone/error_prone_annotations/2.38.0/binary/ARCHIVE-MANIFEST.MF
31f06c9999bfd523e192864178cfe4a9873d336884cf59a0d698e520895caeaa  licenses/com.google.errorprone/error_prone_annotations/2.38.0/source/ARCHIVE-MANIFEST.MF
1dcba0b0070ad6a999dc07c82f2b692f449c29d47a05d77813ab5a72283ddf52  licenses/org.apache.tomcat.embed/tomcat-embed-core/11.0.25/maven-pom.xml
b309fc6d4660994449f2469815803d8bc28cbba2372dc1efeaecc01a6da47870  licenses/org.apache.tomcat.embed/tomcat-embed-core/11.0.25/binary/ARCHIVE-MANIFEST.MF
234d3234bb332895157270092fa2a11e80aa0b3d70d59e13de0eed4c2adb1790  licenses/org.apache.tomcat.embed/tomcat-embed-core/11.0.25/binary/META-INF/NOTICE
8c39166d578175fb936229613e48de47d9e494b8c7c2fda6da717a1be29c8724  licenses/org.apache.tomcat.embed/tomcat-embed-core/11.0.25/binary/META-INF/LICENSE
5b66eed7c36a05544c679ef4398ecbbd2b3a9bb60f7696bbc122bc0e42ece8da  licenses/org.apache.tomcat.embed/tomcat-embed-core/11.0.25/source/ARCHIVE-MANIFEST.MF
234d3234bb332895157270092fa2a11e80aa0b3d70d59e13de0eed4c2adb1790  licenses/org.apache.tomcat.embed/tomcat-embed-core/11.0.25/source/META-INF/NOTICE
8c39166d578175fb936229613e48de47d9e494b8c7c2fda6da717a1be29c8724  licenses/org.apache.tomcat.embed/tomcat-embed-core/11.0.25/source/META-INF/LICENSE
ae8427514de37f4317b559483efd4c63eac26315072c8aab9c058c0c0d719d7d  licenses/de.mkammerer/argon2-jvm-nolibs/2.11/maven-pom.xml
4089448e67a8df426956171c6a41378e2d0323d6fbe50c4e20083c68d9a59320  licenses/de.mkammerer/argon2-jvm-nolibs/2.11/binary/ARCHIVE-MANIFEST.MF
566ad1a80220026d05099562645ce968ff0e7c36cde22634332605bb34cc3eff  licenses/de.mkammerer/argon2-jvm-nolibs/2.11/source/ARCHIVE-MANIFEST.MF
36ed6655d93fffc51cac23cc6d9a176db30ce8dd70f76670e10331aba846abc2  licenses/de.mkammerer/argon2-jvm/2.11/maven-pom.xml
232126976b4109befc9cba3add981509aa182c445f14c5e0136e572cb488a017  licenses/de.mkammerer/argon2-jvm/2.11/binary/ARCHIVE-MANIFEST.MF
566ad1a80220026d05099562645ce968ff0e7c36cde22634332605bb34cc3eff  licenses/de.mkammerer/argon2-jvm/2.11/source/ARCHIVE-MANIFEST.MF
332ffdf5e6b574460f1d389e2bfca4e6bd9e0b07f80878ff968c8ccfc439bcf7  licenses/com.auth0/java-jwt/4.4.0/maven-pom.xml
ce29284eebaf5d337a158d90ea36644f02d63dcd25cf4474182343805a48c1f6  licenses/com.auth0/java-jwt/4.4.0/binary/ARCHIVE-MANIFEST.MF
f6a0d65b2032d53025172f8d38dbb40cd1bf755bce0f106b6fe4b78b219dc7fc  licenses/com.auth0/java-jwt/4.4.0/source/ARCHIVE-MANIFEST.MF
0bc8f98c7bd7232bc90324fc63c2f56f7ae92dee2bf0dc303669f4e2de8c1f69  licenses/com.fasterxml.jackson.core/jackson-databind/2.22.1/maven-pom.xml
1ab6bcafd728e42e1406062b6154f40f87657999c470aecfb622b4397a8b6796  licenses/com.fasterxml.jackson.core/jackson-databind/2.22.1/binary/ARCHIVE-MANIFEST.MF
612b14bc77c944ce229cbba0d14919162cfea8ed802cbf06a8e865e032d03201  licenses/com.fasterxml.jackson.core/jackson-databind/2.22.1/binary/META-INF/NOTICE
cfc7749b96f63bd31c3c42b5c471bf756814053e847c10f3eb003417bc523d30  licenses/com.fasterxml.jackson.core/jackson-databind/2.22.1/binary/META-INF/LICENSE
b38f7ff888b2930c281535c00faf2b7d32a85fa72a568c0b6bb6a7a935de06d6  licenses/com.fasterxml.jackson.core/jackson-databind/2.22.1/source/ARCHIVE-MANIFEST.MF
612b14bc77c944ce229cbba0d14919162cfea8ed802cbf06a8e865e032d03201  licenses/com.fasterxml.jackson.core/jackson-databind/2.22.1/source/META-INF/NOTICE
cfc7749b96f63bd31c3c42b5c471bf756814053e847c10f3eb003417bc523d30  licenses/com.fasterxml.jackson.core/jackson-databind/2.22.1/source/META-INF/LICENSE
38c3ba52a0eade3e3eacc5b13499d56e1038ccbad8ec4bb79426dc21432b46d0  licenses/com.fasterxml.jackson.core/jackson-annotations/2.22/maven-pom.xml
1f49fe8af2dd7fc3d5567f36e8ead584bc372e1e4e97baa8967f7491bc8ac08f  licenses/com.fasterxml.jackson.core/jackson-annotations/2.22/binary/ARCHIVE-MANIFEST.MF
612b14bc77c944ce229cbba0d14919162cfea8ed802cbf06a8e865e032d03201  licenses/com.fasterxml.jackson.core/jackson-annotations/2.22/binary/META-INF/NOTICE
cfc7749b96f63bd31c3c42b5c471bf756814053e847c10f3eb003417bc523d30  licenses/com.fasterxml.jackson.core/jackson-annotations/2.22/binary/META-INF/LICENSE
c11e5c8df7a9afd249f3a629de832a87387e6a6c4eb3487023771bb7c2e6ce2e  licenses/com.fasterxml.jackson.core/jackson-annotations/2.22/source/ARCHIVE-MANIFEST.MF
612b14bc77c944ce229cbba0d14919162cfea8ed802cbf06a8e865e032d03201  licenses/com.fasterxml.jackson.core/jackson-annotations/2.22/source/META-INF/NOTICE
cfc7749b96f63bd31c3c42b5c471bf756814053e847c10f3eb003417bc523d30  licenses/com.fasterxml.jackson.core/jackson-annotations/2.22/source/META-INF/LICENSE
34551c6c8d72a4a2215fd05fdcf2f4e693eff99e6e54632bd57cf2674478e293  licenses/com.fasterxml.jackson.core/jackson-core/2.22.1/maven-pom.xml
ba39d021470c81c06c696e73be5187550c7f58e94a2fef18fdf51535b79dec9f  licenses/com.fasterxml.jackson.core/jackson-core/2.22.1/binary/ARCHIVE-MANIFEST.MF
e6aef1c0f4cf5b0f802c16b31fce309b3c3737450b93c40d6291bf6540aae3d1  licenses/com.fasterxml.jackson.core/jackson-core/2.22.1/binary/META-INF/NOTICE
cfc7749b96f63bd31c3c42b5c471bf756814053e847c10f3eb003417bc523d30  licenses/com.fasterxml.jackson.core/jackson-core/2.22.1/binary/META-INF/LICENSE
7bbc51a8beeee1014986316f73a09c1bd9b092d486385874b5557eb20c0b05bc  licenses/com.fasterxml.jackson.core/jackson-core/2.22.1/source/ARCHIVE-MANIFEST.MF
cfc7749b96f63bd31c3c42b5c471bf756814053e847c10f3eb003417bc523d30  licenses/com.fasterxml.jackson.core/jackson-core/2.22.1/source/META-INF/LICENSE
984f8e2f7975a3f1eba67b7d752aab1faa2e5a702f7f52fa465a78e1503e358e  licenses/org.aspectj/aspectjrt/1.9.24/maven-pom.xml
4e2c7d9f5cc62bfe8ca3461be6fd659f744f508af1207bf5d633fd5f4270bb98  licenses/org.aspectj/aspectjrt/1.9.24/binary/LICENSE-AspectJ.adoc
a6149179818785e47a713f5ea51376c2701945fbf5fcb7ef5655ee74c96a7dbb  licenses/org.aspectj/aspectjrt/1.9.24/binary/ARCHIVE-MANIFEST.MF
0becf16567beb77fa252b7664631dd177c8f9a1889e48995b45379c7130e5303  licenses/org.aspectj/aspectjrt/1.9.24/binary/licenses/LICENSE-EPL-2.0.txt
4e2c7d9f5cc62bfe8ca3461be6fd659f744f508af1207bf5d633fd5f4270bb98  licenses/org.aspectj/aspectjrt/1.9.24/source/LICENSE-AspectJ.adoc
c75b49db39bc4e7fe059eaad9832464ab6ecdb2a122fdac0d73e33c75ee66bd8  licenses/org.aspectj/aspectjrt/1.9.24/source/ARCHIVE-MANIFEST.MF
0becf16567beb77fa252b7664631dd177c8f9a1889e48995b45379c7130e5303  licenses/org.aspectj/aspectjrt/1.9.24/source/licenses/LICENSE-EPL-2.0.txt
9ac42abfd94cef083b09acc397a6c714d27eaf410685294f539bdbbd57bbd005  licenses/own-source/supertokens-core/LICENSE.md
0c41d8440a1b31045cbb170c14fdb814a897151b4560f94ee4e421d850f6728c  licenses/own-source/supertokens-plugin-interface/LICENSE.md
0c41d8440a1b31045cbb170c14fdb814a897151b4560f94ee4e421d850f6728c  licenses/own-source/supertokens-postgresql-plugin/LICENSE.md
71dd67915b0509dbf5b3af3c1d3a4ac507bc45cf4f81a52eccfac69851ec5346  licenses/com.webauthn4j/webauthn4j-util/0.28.6.RELEASE/maven-pom.xml
566ad1a80220026d05099562645ce968ff0e7c36cde22634332605bb34cc3eff  licenses/com.webauthn4j/webauthn4j-util/0.28.6.RELEASE/binary/ARCHIVE-MANIFEST.MF
566ad1a80220026d05099562645ce968ff0e7c36cde22634332605bb34cc3eff  licenses/com.webauthn4j/webauthn4j-util/0.28.6.RELEASE/source/ARCHIVE-MANIFEST.MF
44803db732b1f9381f44d0e6f5af12b917be4a1787c7acba4f5cd63191102746  licenses/com.webauthn4j/webauthn4j-core/0.28.6.RELEASE/maven-pom.xml
566ad1a80220026d05099562645ce968ff0e7c36cde22634332605bb34cc3eff  licenses/com.webauthn4j/webauthn4j-core/0.28.6.RELEASE/binary/ARCHIVE-MANIFEST.MF
566ad1a80220026d05099562645ce968ff0e7c36cde22634332605bb34cc3eff  licenses/com.webauthn4j/webauthn4j-core/0.28.6.RELEASE/source/ARCHIVE-MANIFEST.MF
5e53d8e637f93b83014e2302fb7e63fd7b83ab000a7f794aa340020ffb880d4a  licenses/net.java.dev.jna/jna/5.8.0/maven-pom.xml
02ca3689eb79c1f5094f27db4b3aecbf89843a53aa544d78ef063f8ce5d082a4  licenses/net.java.dev.jna/jna/5.8.0/binary/ARCHIVE-MANIFEST.MF
eea173a556abac0370461e57e12aab266894ea6be3874c2be05fd87871f75449  licenses/net.java.dev.jna/jna/5.8.0/binary/META-INF/LGPL2.1
0d542e0c8804e39aa7f37eb00da5a762149dc682d7829451287e11b938e94594  licenses/net.java.dev.jna/jna/5.8.0/binary/META-INF/AL2.0
521bb271ac56e0e29a1b1b688b94af17d00d378fc8e63478d8c8b2a7c4a229d0  licenses/net.java.dev.jna/jna/5.8.0/binary/META-INF/LICENSE
25d56871423a870487edee68000ef66b1a7ec44a7ab84838ceeb3ce07f734b74  licenses/net.java.dev.jna/jna/5.8.0/supplemental/jna__native__libffi__LICENSE
9b00bd5572780f1ee8cd424b1a940dc02211b110bbb10ebb8904fa6ae80e37db  licenses/io.dropwizard.metrics/metrics-json/4.2.39/maven-pom.xml
c4d1f48b5aa9247cbd0209b74a4476679b6537141af78ab7ccec9ae1a88a5f26  licenses/io.dropwizard.metrics/metrics-json/4.2.39/parent-maven-pom.xml
2dca8e68f186d7d8abffdde0420c981e4bccea073323e0b50d85c47e70d0470a  licenses/io.dropwizard.metrics/metrics-json/4.2.39/binary/ARCHIVE-MANIFEST.MF
eaa76da5bfba1b55f352e7bf373a3cf041afc04581ef3f7691f4b9a1376bb7cf  licenses/io.dropwizard.metrics/metrics-json/4.2.39/source/ARCHIVE-MANIFEST.MF
ff0ff65fd91f9de9798cf7d2a4340d7d206e27d428697b9f30d9298a0c2d24f6  licenses/io.dropwizard.metrics/metrics-core/4.2.39/maven-pom.xml
c4d1f48b5aa9247cbd0209b74a4476679b6537141af78ab7ccec9ae1a88a5f26  licenses/io.dropwizard.metrics/metrics-core/4.2.39/parent-maven-pom.xml
0a26adbd3971938b6233dd69e1e9e6cedf355047e538cf065eb31d26840fc14f  licenses/io.dropwizard.metrics/metrics-core/4.2.39/binary/ARCHIVE-MANIFEST.MF
eaa76da5bfba1b55f352e7bf373a3cf041afc04581ef3f7691f4b9a1376bb7cf  licenses/io.dropwizard.metrics/metrics-core/4.2.39/source/ARCHIVE-MANIFEST.MF
4fa409205b6c871486d87f4641f7132d042e9310261040fd3f3dc43cedb4032d  licenses/runtime-image-notices.md
add2ee0d5132cfbf1e492637c1d38f68040077aa9be437c8b3c148aa1b9f024c  licenses/manifest.json
ac7cd94f0d9fb39bcba3b28287c4c40005dc0f53a986fb587e4f67a4ccb3e5b6  licenses/org.apache.velocity/velocity-engine-core/2.4.1/maven-pom.xml
8efb661b7e1b44b7a056f23650ab2b43b8fcdb09bbe2ec3d3d02185d5658fd4a  licenses/org.apache.velocity/velocity-engine-core/2.4.1/parent-maven-pom.xml
bf227320f98f8e44f760c06b57994983eef8dea7c2fb3faf2d1ccde64c0cfac4  licenses/org.apache.velocity/velocity-engine-core/2.4.1/binary/ARCHIVE-MANIFEST.MF
6629f89c1aa74f11f7eddd9aee475038d4018f2661c76cd0f8b78c529a5cb1e2  licenses/org.apache.velocity/velocity-engine-core/2.4.1/binary/META-INF/NOTICE
cfc7749b96f63bd31c3c42b5c471bf756814053e847c10f3eb003417bc523d30  licenses/org.apache.velocity/velocity-engine-core/2.4.1/binary/META-INF/LICENSE
7421a37d7fb2b795f4e89e6f66b498cfb1ab0e155b878f4514842d49d3dd8498  licenses/org.apache.velocity/velocity-engine-core/2.4.1/source/ARCHIVE-MANIFEST.MF
6629f89c1aa74f11f7eddd9aee475038d4018f2661c76cd0f8b78c529a5cb1e2  licenses/org.apache.velocity/velocity-engine-core/2.4.1/source/META-INF/NOTICE
cfc7749b96f63bd31c3c42b5c471bf756814053e847c10f3eb003417bc523d30  licenses/org.apache.velocity/velocity-engine-core/2.4.1/source/META-INF/LICENSE
17cf9939d25333469fd7f62893a7f7eed9ea0c89b9516b0499f40eeb1cc04df4  licenses/com.zaxxer/HikariCP/6.3.0/maven-pom.xml
ccc85a1294a7383fc5ee9dff62c3d638fe54952a2b68bad71150cf47c420265c  licenses/com.zaxxer/HikariCP/6.3.0/binary/ARCHIVE-MANIFEST.MF
74c7241effb7d9e7ce80288bcb8d3488de418942395b6d667e40b21930b428a4  licenses/com.zaxxer/HikariCP/6.3.0/source/ARCHIVE-MANIFEST.MF
9945cb574a56392a89ca3f8db6db7d1077f1fe5036c55ddcfa6855e10f9a0996  version.yaml
c52474b3e8fdfecb73abb40753ca464353e3210cee60628c93c4b28c915c3018  native/NativeArgon2Check.java
277fdf0004fba2a152ba2bba0b460df67f16f6e39b7116e7f231a3c4af017d92  native/start.sh
45aa95d580e734630f1120b808a27f65aa0c13dddf3f52f865f6be3f4d417065  native/libargon2.so
