#0 building with "default" instance using docker driver

#1 [internal] load build definition from Dockerfile
#1 transferring dockerfile: 1.23kB done
#1 DONE 0.1s

#2 [internal] load metadata for docker.io/library/gradle@sha256:67b8c4bfd2b064e58a7307e2da1fc3881bc03ecc7a57cf61d8b570a02ebfaea2
#2 DONE 0.2s

#3 [auth] library/gradle:pull token for registry-1.docker.io
#3 DONE 0.0s

#4 [auth] library/gradle:pull token for registry-1.docker.io
#4 DONE 0.0s

#5 [internal] load .dockerignore
#5 transferring context: 2B done
#5 DONE 0.1s

#6 [auth] library/gradle:pull token for registry-1.docker.io
#6 DONE 0.0s

#7 [auth] library/gradle:pull token for registry-1.docker.io
#7 DONE 0.0s

#8 [1/9] FROM docker.io/library/gradle@sha256:67b8c4bfd2b064e58a7307e2da1fc3881bc03ecc7a57cf61d8b570a02ebfaea2
#8 resolve docker.io/library/gradle@sha256:67b8c4bfd2b064e58a7307e2da1fc3881bc03ecc7a57cf61d8b570a02ebfaea2 0.0s done
#8 DONE 0.0s

#9 [internal] load build context
#9 transferring context: 64.43MB 4.8s done
#9 DONE 4.9s

#10 [2/9] RUN mkdir -p /opt/expertauth/logs /opt/expertauth/.started /run/expertauth && chown -R gradle:gradle /opt/expertauth
#10 CACHED

#11 [3/9] COPY --chown=gradle:gradle lib /opt/expertauth/lib
#11 DONE 0.3s

#12 [4/9] COPY --chown=gradle:gradle plugin /opt/expertauth/plugin
#12 DONE 0.1s

#13 [5/9] COPY --chown=gradle:gradle version.yaml /opt/expertauth/version.yaml
#13 DONE 0.1s

#14 [6/9] COPY --chown=gradle:gradle licenses /opt/expertauth/licenses
#14 DONE 0.2s

#15 [7/9] COPY --chown=root:root native /opt/expertauth/native
#15 DONE 0.1s

#16 [8/9] RUN mkdir -p /opt/expertauth/.native-tmp && chown gradle:gradle /opt/expertauth/.native-tmp && chmod 0700 /opt/expertauth/.native-tmp && chmod 0644 /opt/expertauth/native/*
#16 DONE 0.1s

#17 [9/9] WORKDIR /opt/expertauth
#17 DONE 0.1s

#18 exporting to image
#18 exporting layers
#18 exporting layers 1.5s done
#18 exporting manifest sha256:b4a5f18fb78223e72f83ec17ea08487ce1e476fff25a74c388c7726f3db9a8f9 0.0s done
#18 exporting config sha256:69f3fa032794a0b304144ce52b7c950b4da9e3c147bf993dd998ec91686d997b 0.0s done
#18 naming to moby-dangling@sha256:b4a5f18fb78223e72f83ec17ea08487ce1e476fff25a74c388c7726f3db9a8f9 done
#18 unpacking to moby-dangling@sha256:b4a5f18fb78223e72f83ec17ea08487ce1e476fff25a74c388c7726f3db9a8f9
#18 unpacking to moby-dangling@sha256:b4a5f18fb78223e72f83ec17ea08487ce1e476fff25a74c388c7726f3db9a8f9 0.5s done
#18 DONE 2.1s

#19 resolving provenance for metadata file
#19 DONE 0.0s
