#0 building with "default" instance using docker driver

#1 [internal] load build definition from Dockerfile
#1 transferring dockerfile: 615B done
#1 DONE 0.0s

#2 [context node_packages] load .dockerignore
#2 transferring node_packages: 2B done
#2 DONE 0.0s

#3 [auth] library/node:pull token for registry-1.docker.io
#3 DONE 0.0s

#4 [auth] library/node:pull token for registry-1.docker.io
#4 DONE 0.0s

#5 [internal] load metadata for docker.io/library/node@sha256:d649c27dae7ba0137b3cef5dd75baa422c08dc3d9e3fc0c23dfb172dc3cc6436
#5 DONE 0.1s

#6 [internal] load .dockerignore
#6 transferring context: 100B done
#6 DONE 0.0s

#7 [auth] library/node:pull token for registry-1.docker.io
#7 DONE 0.0s

#8 [auth] library/node:pull token for registry-1.docker.io
#8 DONE 0.0s

#9 [stage-0 1/8] FROM docker.io/library/node@sha256:d649c27dae7ba0137b3cef5dd75baa422c08dc3d9e3fc0c23dfb172dc3cc6436
#9 resolve docker.io/library/node@sha256:d649c27dae7ba0137b3cef5dd75baa422c08dc3d9e3fc0c23dfb172dc3cc6436 0.0s done
#9 DONE 0.0s

#10 [internal] load build context
#10 transferring context: 91.53kB done
#10 DONE 0.1s

#11 [context node_packages] load from client
#11 transferring node_packages: 14.93MB 1.0s done
#11 DONE 1.1s

#12 [stage-0 2/8] WORKDIR /app
#12 CACHED

#13 [stage-0 3/8] COPY --chmod=0644 package.json package-lock.json ./
#13 CACHED

#14 [stage-0 4/8] RUN --network=none --mount=type=bind,from=node_packages,target=/npm-cache,rw     npm ci --offline --cache=/npm-cache --ignore-scripts --no-audit --no-fund
#14 CACHED

#15 [stage-0 5/8] COPY --chmod=0644 server.js email-delivery.js client.jsx build.mjs ./
#15 CACHED

#16 [stage-0 6/8] RUN --network=none mkdir -m 0755 public
#16 DONE 0.1s

#17 [stage-0 7/8] COPY --chmod=0644 public/index.html ./public/index.html
#17 DONE 0.1s

#18 [stage-0 8/8] RUN --network=none node build.mjs
#18 DONE 0.7s

#19 exporting to image
#19 exporting layers
#19 exporting layers 0.3s done
#19 exporting manifest sha256:4c03d7306e1e7f64732f58f5c12b56f7f44ca30eb09f4813409eb3d12f3cbb24 0.0s done
#19 exporting config sha256:5666409830b6af007f0c30daab2df5d196824be62471243cb28d56d87402860e 0.0s done
#19 naming to moby-dangling@sha256:4c03d7306e1e7f64732f58f5c12b56f7f44ca30eb09f4813409eb3d12f3cbb24 done
#19 unpacking to moby-dangling@sha256:4c03d7306e1e7f64732f58f5c12b56f7f44ca30eb09f4813409eb3d12f3cbb24
#19 unpacking to moby-dangling@sha256:4c03d7306e1e7f64732f58f5c12b56f7f44ca30eb09f4813409eb3d12f3cbb24 0.9s done
#19 DONE 1.3s

#20 resolving provenance for metadata file
#20 DONE 0.0s
