Updating the configuration and installing your custom providers, if any. Please wait.
2026-09-08 21:24:48,511 WARN  [org.keycloak.common.Profile] (build-30) Deprecated features identity-brokering-api:v1, twitter-broker:v1 enabled by default. Check the upgrading guide for steps to use later versions if available.
2026-09-08 21:24:55,648 INFO  [io.quarkus.deployment.QuarkusAugmentor] (main) Quarkus augmentation completed in 10029ms
Running the server in development mode. DO NOT use this configuration in production.
2026-09-08 21:24:59,353 INFO  [org.infinispan.CONTAINER] (main) ISPN000974: Virtual threads support: enabled
2026-09-08 21:25:00,342 INFO  [org.hibernate.orm.jdbc.batch] (JPA Startup Thread) HHH100501: Automatic JDBC statement batching enabled (maximum batch size 32)
2026-09-08 21:25:00,374 WARN  [org.keycloak.common.Profile] (main) Deprecated features identity-brokering-api:v1, twitter-broker:v1 enabled by default. Check the upgrading guide for steps to use later versions if available.
2026-09-08 21:25:01,323 INFO  [org.keycloak.quarkus.runtime.storage.database.liquibase.QuarkusJpaUpdaterProvider] (main) Initializing database schema. Using changelog META-INF/jpa-changelog-master.xml
2026-09-08 21:25:04,596 INFO  [org.infinispan.CONTAINER] (main) ISPN000556: Starting user marshaller 'org.infinispan.commons.marshall.ImmutableProtoStreamMarshaller'
2026-09-08 21:25:05,014 INFO  [org.keycloak.connections.infinispan.DefaultInfinispanConnectionProviderFactory] (main) Node name: node_497270, Site name: null, Cluster name: ISPN
2026-09-08 21:25:05,222 INFO  [org.keycloak.quarkus.runtime.storage.database.jpa.DatabaseIndexChecker] (db-index-checker) Running database index checker
2026-09-08 21:25:05,260 INFO  [org.keycloak.models.workflow.WorkflowsEventListenerFactory] (main) Workflow runner task scheduled: next execution at 09:25:05, then every PT12H
2026-09-08 21:25:05,356 INFO  [org.keycloak.services] (main) KC-SERVICES0050: Initializing master realm
2026-09-08 21:25:06,818 INFO  [org.keycloak.services] (main) KC-SERVICES0078: Created temporary admin service account with client id expertauth-probe
2026-09-08 21:25:06,975 INFO  [org.keycloak.services.resources.KeycloakApplication] (main) Bootstrap completed in 6.603000 seconds
2026-09-08 21:25:07,095 INFO  [io.quarkus] (main) Keycloak 26.7.3 on JVM (powered by Quarkus 3.33.3.1) started in 11.292s. Listening on: http://0.0.0.0:8080. Management interface listening on http://0.0.0.0:9000.
2026-09-08 21:25:07,095 INFO  [io.quarkus] (main) Profile dev activated. 
2026-09-08 21:25:07,095 INFO  [io.quarkus] (main) Installed features: [agroal, cdi, hibernate-orm, jdbc-h2, keycloak, narayana-jta, opentelemetry, rest, rest-jackson, smallrye-context-propagation, smallrye-health, vertx]
2026-09-08 21:25:10,113 WARN  [org.keycloak.cookie.DefaultCookieProvider] (executor-thread-1) Non-secure context detected; cookies are not secured, and will not be available in cross-origin POST requests. Please review whether this direct HTTP usage is expected.
2026-09-08 21:25:10,553 WARN  [org.keycloak.cookie.DefaultCookieProvider] (executor-thread-1) Non-secure context detected; cookies are not secured, and will not be available in cross-origin POST requests. Please review whether this direct HTTP usage is expected.
2026-09-08 21:25:10,660 WARN  [org.keycloak.cookie.DefaultCookieProvider] (executor-thread-1) Non-secure context detected; cookies are not secured, and will not be available in cross-origin POST requests. Please review whether this direct HTTP usage is expected.
2026-09-08 21:25:10,857 WARN  [org.keycloak.cookie.DefaultCookieProvider] (executor-thread-1) Non-secure context detected; cookies are not secured, and will not be available in cross-origin POST requests. Please review whether this direct HTTP usage is expected.
2026-09-08 21:25:11,019 WARN  [org.keycloak.cookie.DefaultCookieProvider] (executor-thread-1) Non-secure context detected; cookies are not secured, and will not be available in cross-origin POST requests. Please review whether this direct HTTP usage is expected.
2026-09-08 21:25:11,076 WARN  [org.keycloak.cookie.DefaultCookieProvider] (executor-thread-1) Non-secure context detected; cookies are not secured, and will not be available in cross-origin POST requests. Please review whether this direct HTTP usage is expected.
2026-09-08 21:25:11,208 WARN  [org.keycloak.cookie.DefaultCookieProvider] (executor-thread-1) Non-secure context detected; cookies are not secured, and will not be available in cross-origin POST requests. Please review whether this direct HTTP usage is expected.
2026-09-08 21:25:11,249 WARN  [org.keycloak.cookie.DefaultCookieProvider] (executor-thread-1) Non-secure context detected; cookies are not secured, and will not be available in cross-origin POST requests. Please review whether this direct HTTP usage is expected.
2026-09-08 21:25:11,340 WARN  [org.keycloak.cookie.DefaultCookieProvider] (executor-thread-1) Non-secure context detected; cookies are not secured, and will not be available in cross-origin POST requests. Please review whether this direct HTTP usage is expected.
2026-09-08 21:25:11,405 WARN  [org.keycloak.events] (executor-thread-2) type="REFRESH_TOKEN_ERROR", realmId="9f834cf8-5c8c-467b-80f3-57759f72209d", realmName="ea-app-a", clientId="alpha", userId="null", sessionId="Re6ag697OldwplX-Gk1KL3mA", ipAddress="192.168.112.3", error="invalid_token", reason="Maximum allowed refresh token reuse exceeded", grant_type="refresh_token", refresh_token_type="Refresh", refresh_token_id="d71dda56-a6ce-18d2-e234-c7a50a573643", refresh_token_sub="5b4e4e05-f1f8-4547-ba5d-e86cfe8d731b", client_auth_method="client-secret"
2026-09-08 21:25:11,455 WARN  [org.keycloak.events] (executor-thread-2) type="REFRESH_TOKEN_ERROR", realmId="9f834cf8-5c8c-467b-80f3-57759f72209d", realmName="ea-app-a", clientId="alpha", userId="null", sessionId="Re6ag697OldwplX-Gk1KL3mA", ipAddress="192.168.112.3", error="invalid_token", reason="Session not active", grant_type="refresh_token", refresh_token_type="Refresh", refresh_token_id="5da01beb-63ea-2e1d-5e18-3e6719826132", refresh_token_sub="5b4e4e05-f1f8-4547-ba5d-e86cfe8d731b", client_auth_method="client-secret"
