openjdk 21.0.7 2025-04-15 LTS
OpenJDK Runtime Environment Temurin-21.0.7+6 (build 21.0.7+6-LTS)
OpenJDK 64-Bit Server VM Temurin-21.0.7+6 (build 21.0.7+6-LTS, mixed mode, sharing)
javac 21.0.7
d16e9d760ace7e9c5cd9b888df1e67bcfdad730b25a5c56a50f52e1b2229c539  /opt/expertauth/lib/core-12.2.0.jar
Compiled from "Webserver.java"
public class io.supertokens.webserver.Webserver extends io.supertokens.ResourceDistributor$SingletonResource {
  private static final java.lang.String RESOURCE_KEY;
  private static final java.lang.Object addLoggingHandlerLock;
  private final java.lang.String TEMP_FOLDER;
  private java.lang.String CONTEXT_PATH;
  private final io.supertokens.Main main;
  final io.supertokens.webserver.PathRouter pathRouter;
  private final io.supertokens.webserver.WebServerLogging logging;
  private io.supertokens.webserver.Webserver$TomcatReference tomcatReference;
  static {};
  private io.supertokens.webserver.Webserver(io.supertokens.Main);
  public static io.supertokens.webserver.Webserver getInstance(io.supertokens.Main);
  public void start();
  private java.lang.String decideTempDirLocation();
  private void setupRoutes();
  public void addAPI(io.supertokens.webserver.WebserverAPI);
  public void stop();
  private void setupLogging();
  public void closeLogger();
  public io.supertokens.webserver.Webserver$TomcatReference getTomcatReference();
}
Note: /out/Webserver.java uses or overrides a deprecated API.
Note: Recompile with -Xlint:deprecation for details.
