✔ SMTP-UNIT-001 absent settings disable the adapter without reading a file (1.2312ms)
✔ SMTP-UNIT-002 defaults construct the maintained SMTPService without sending email (7.2645ms)
✔ SMTP-UNIT-003 original plain-text template preserves the supplied SDK link and recipient (2.1141ms)
✔ SMTP-UNIT-CONFIG rejects missing host (0.3697ms)
✔ SMTP-UNIT-CONFIG rejects empty host (0.1557ms)
✔ SMTP-UNIT-CONFIG rejects host header injection (0.0785ms)
✔ SMTP-UNIT-CONFIG rejects host URL (0.1271ms)
✔ SMTP-UNIT-CONFIG rejects host label (0.0728ms)
✔ SMTP-UNIT-CONFIG rejects host oversized (0.2287ms)
✔ SMTP-UNIT-CONFIG rejects invalid IP (0.2739ms)
✔ SMTP-UNIT-CONFIG rejects zero port (0.1307ms)
✔ SMTP-UNIT-CONFIG rejects port overflow (0.1199ms)
✔ SMTP-UNIT-CONFIG rejects nonnumeric port (0.0588ms)
✔ SMTP-UNIT-CONFIG rejects port whitespace (0.0484ms)
✔ SMTP-UNIT-CONFIG rejects missing sender (0.0392ms)
✔ SMTP-UNIT-CONFIG rejects recipient list sender (0.0404ms)
✔ SMTP-UNIT-CONFIG rejects invalid sender (0.0457ms)
✔ SMTP-UNIT-CONFIG rejects sender header injection (0.0405ms)
✔ SMTP-UNIT-CONFIG rejects sender oversized (0.0519ms)
✔ SMTP-UNIT-CONFIG rejects sender name injection (0.0522ms)
✔ SMTP-UNIT-CONFIG rejects sender name newline (0.0471ms)
✔ SMTP-UNIT-CONFIG rejects sender name oversized (0.0453ms)
✔ SMTP-UNIT-CONFIG rejects username newline (0.0414ms)
✔ SMTP-UNIT-CONFIG rejects username oversized (0.0378ms)
✔ SMTP-UNIT-CONFIG rejects missing password file (0.0823ms)
✔ SMTP-UNIT-CONFIG rejects relative password file (0.2276ms)
✔ SMTP-UNIT-CONFIG rejects nonexistent password file (0.3497ms)
✔ SMTP-UNIT-CONFIG rejects directory password file (0.4407ms)
✔ SMTP-UNIT-CONFIG rejects disabled TLS verification (1.2204ms)
✔ SMTP-UNIT-004 any partial SMTP setting requires the complete configuration (0.2661ms)
✔ SMTP-UNIT-005 password file accepts exactly one terminal newline and preserves spaces (6.9315ms)
✔ SMTP-UNIT-006 malformed password files fail without exposing content or path (6.8317ms)
✔ SMTP-UNIT-ORIGIN rejects a non-origin public URL (0.1833ms)
✔ SMTP-UNIT-ORIGIN rejects a non-origin public URL (0.0599ms)
✔ SMTP-UNIT-ORIGIN rejects a non-origin public URL (0.052ms)
✔ SMTP-UNIT-ORIGIN rejects a non-origin public URL (0.056ms)
✔ SMTP-UNIT-ORIGIN rejects a non-origin public URL (0.0426ms)
✔ SMTP-UNIT-ORIGIN rejects a non-origin public URL (0.0391ms)
✔ SMTP-UNIT-ORIGIN rejects a non-origin public URL (0.0568ms)
✔ SMTP-UNIT-LINK rejects an untrusted reset link without contacting SMTP (1.7782ms)
✔ SMTP-UNIT-LINK rejects an untrusted reset link without contacting SMTP (0.9589ms)
✔ SMTP-UNIT-LINK rejects an untrusted reset link without contacting SMTP (0.7881ms)
✔ SMTP-UNIT-LINK rejects an untrusted reset link without contacting SMTP (0.6971ms)
✔ SMTP-UNIT-LINK rejects an untrusted reset link without contacting SMTP (0.7324ms)
✔ SMTP-UNIT-LINK rejects an untrusted reset link without contacting SMTP (0.7328ms)
✔ SMTP-UNIT-LINK rejects an untrusted reset link without contacting SMTP (0.8571ms)
✔ SMTP-UNIT-LINK rejects an untrusted reset link without contacting SMTP (0.7455ms)
✔ SMTP-UNIT-LINK rejects an untrusted reset link without contacting SMTP (0.6785ms)
✔ SMTP-UNIT-LINK rejects an untrusted reset link without contacting SMTP (0.7268ms)
✔ SMTP-UNIT-LINK rejects an untrusted reset link without contacting SMTP (0.6542ms)
✔ SMTP-UNIT-LINK rejects an untrusted reset link without contacting SMTP (0.6385ms)
✔ SMTP-UNIT-LINK rejects an untrusted reset link without contacting SMTP (0.6593ms)
✔ SMTP-UNIT-007 rejects unrelated email types and malformed recipients (2.8512ms)
✔ SMTP-UNIT-008 negative error injection tests sanitization only, not SMTP delivery (1.0335ms)
✔ SMTP-UNIT-009 process-level insecure TLS is rejected even with an isolated config object (0.1912ms)
ℹ tests 55
ℹ suites 0
ℹ pass 55
ℹ fail 0
ℹ cancelled 0
ℹ skipped 0
ℹ todo 0
ℹ duration_ms 292.7853
