#0 building with "default" instance using docker driver

#1 [internal] load build definition from Dockerfile
#1 transferring dockerfile: 615B done
#1 DONE 0.0s

#2 [context node_packages] load .dockerignore
#2 transferring node_packages: 2B done
#2 DONE 0.0s

#3 [auth] library/node:pull token for registry-1.docker.io
#3 DONE 0.0s

#4 [auth] library/node:pull token for registry-1.docker.io
#4 DONE 0.0s

#5 [internal] load metadata for docker.io/library/node@sha256:d649c27dae7ba0137b3cef5dd75baa422c08dc3d9e3fc0c23dfb172dc3cc6436
#5 DONE 0.1s

#6 [internal] load .dockerignore
#6 transferring context: 100B done
#6 DONE 0.0s

#7 [auth] library/node:pull token for registry-1.docker.io
#7 DONE 0.0s

#8 [auth] library/node:pull token for registry-1.docker.io
#8 DONE 0.0s

#9 [stage-0 1/8] FROM docker.io/library/node@sha256:d649c27dae7ba0137b3cef5dd75baa422c08dc3d9e3fc0c23dfb172dc3cc6436
#9 resolve docker.io/library/node@sha256:d649c27dae7ba0137b3cef5dd75baa422c08dc3d9e3fc0c23dfb172dc3cc6436 0.0s done
#9 DONE 0.0s

#10 [internal] load build context
#10 transferring context: 260B done
#10 DONE 0.0s

#11 [context node_packages] load from client
#11 transferring node_packages: 38.29kB 0.0s done
#11 DONE 0.1s

#12 [stage-0 4/8] RUN --network=none --mount=type=bind,from=node_packages,target=/npm-cache,rw     npm ci --offline --cache=/npm-cache --ignore-scripts --no-audit --no-fund
#12 CACHED

#13 [stage-0 3/8] COPY --chmod=0644 package.json package-lock.json ./
#13 CACHED

#14 [stage-0 5/8] COPY --chmod=0644 server.js email-delivery.js client.jsx build.mjs ./
#14 CACHED

#15 [stage-0 6/8] RUN --network=none mkdir -m 0755 public
#15 CACHED

#16 [stage-0 7/8] COPY --chmod=0644 public/index.html ./public/index.html
#16 CACHED

#17 [stage-0 2/8] WORKDIR /app
#17 CACHED

#18 [stage-0 8/8] RUN --network=none node build.mjs
#18 CACHED

#19 exporting to image
#19 exporting layers done
#19 exporting manifest sha256:9375a5bc093d7210da4daa7a06c55e39c1401df56b0dec2b78d5f4816470442f 0.0s done
#19 exporting config sha256:f4e5801f8527de0f1f45e8e549fb7d9f3c203d754fbb9a43329863a9aee4488e 0.0s done
#19 naming to moby-dangling@sha256:9375a5bc093d7210da4daa7a06c55e39c1401df56b0dec2b78d5f4816470442f
#19 naming to moby-dangling@sha256:9375a5bc093d7210da4daa7a06c55e39c1401df56b0dec2b78d5f4816470442f done
#19 unpacking to moby-dangling@sha256:9375a5bc093d7210da4daa7a06c55e39c1401df56b0dec2b78d5f4816470442f 0.1s done
#19 DONE 0.2s

#20 resolving provenance for metadata file
#20 DONE 0.0s
