[
    {
        "Id": "sha256:229a2c5bfa27522db7815ea81f9bed70af17ccb9de9fc7ad142b1877b5830d36",
        "RepoTags": [
            "python:3.12-slim"
        ],
        "RepoDigests": [
            "python@sha256:229a2c5bfa27522db7815ea81f9bed70af17ccb9de9fc7ad142b1877b5830d36"
        ],
        "Comment": "buildkit.dockerfile.v0",
        "Created": "2026-08-05T01:12:35.187867635Z",
        "Config": {
            "Env": [
                "PATH=/usr/local/bin:/usr/local/sbin:/usr/local/bin:/usr/sbin:/usr/bin:/sbin:/bin",
                "LANG=C.UTF-8",
                "GPG_KEY=7169605F62C751356D054A26A821E680E5FA6305",
                "PYTHON_VERSION=3.12.13",
                "PYTHON_SHA256=c08bc65a81971c1dd5783182826503369466c7e67374d1646519adf05207b684"
            ],
            "Cmd": [
                "python3"
            ]
        },
        "Architecture": "amd64",
        "Os": "linux",
        "Size": 43205786,
        "RootFS": {
            "Type": "layers",
            "Layers": [
                "sha256:6f94328331290cbd81edab450664d42da7b64c191416c9346cd5d28c84f76035",
                "sha256:eeece50a9eae41fbec657a77c3360a561685b2fc638dbb59c4f59be2e9deb502",
                "sha256:4bdf3c4a59c868d57940d8a761f38ce2a7269959ff6d1fd5a0157a86f6dac082",
                "sha256:02bea5b709fab77889748c8fe2fed5a41e60e418e70d6a91b5a4f9c85475b043"
            ]
        },
        "Metadata": {
            "LastTagTime": "2026-08-07T18:48:58.440389268Z"
        },
        "Descriptor": {
            "mediaType": "application/vnd.oci.image.index.v1+json",
            "digest": "sha256:229a2c5bfa27522db7815ea81f9bed70af17ccb9de9fc7ad142b1877b5830d36",
            "size": 10373
        },
        "Identity": {
            "Pull": [
                {
                    "Repository": "docker.io/library/python"
                }
            ]
        }
    }
]
