[
    {
        "Architecture": "amd64",
        "Config": {
            "Cmd": [
                "uvicorn",
                "app:app",
                "--host",
                "0.0.0.0",
                "--port",
                "8300",
                "--no-access-log"
            ],
            "Env": [
                "PATH=/usr/local/bin:/usr/local/sbin:/usr/local/bin:/usr/sbin:/usr/bin:/sbin:/bin",
                "LANG=C.UTF-8",
                "GPG_KEY=7169605F62C751356D054A26A821E680E5FA6305",
                "PYTHON_VERSION=3.12.13",
                "PYTHON_SHA256=c08bc65a81971c1dd5783182826503369466c7e67374d1646519adf05207b684",
                "PYTHONDONTWRITEBYTECODE=1",
                "PYTHONUNBUFFERED=1",
                "PIP_DISABLE_PIP_VERSION_CHECK=1"
            ],
            "ExposedPorts": {
                "8300/tcp": {}
            },
            "Labels": {
                "org.expertauth.project": "expert-auth",
                "org.expertauth.purpose": "python-foundation"
            },
            "User": "65532:65532",
            "WorkingDir": "/app"
        },
        "Created": "2026-09-09T00:36:27.489812794Z",
        "Descriptor": {
            "digest": "sha256:7a4bb6dcfd634a98f603d65bc2c1219fef5b3a46a00be705631201c4f78802f1",
            "mediaType": "application/vnd.oci.image.manifest.v1+json",
            "size": 2057
        },
        "Id": "sha256:7a4bb6dcfd634a98f603d65bc2c1219fef5b3a46a00be705631201c4f78802f1",
        "Metadata": {
            "LastTagTime": "2026-09-09T01:05:21.684449522Z"
        },
        "Os": "linux",
        "Parent": "sha256:b6bc50314f3598fe92e1140905648e0b8078b39703e70ffcb7d2870c19170916",
        "RepoDigests": [
            "expertauth-python-app@sha256:7a4bb6dcfd634a98f603d65bc2c1219fef5b3a46a00be705631201c4f78802f1"
        ],
        "RepoTags": [
            "expertauth-python-app:0.1.0"
        ],
        "RootFS": {
            "Layers": [
                "sha256:6f94328331290cbd81edab450664d42da7b64c191416c9346cd5d28c84f76035",
                "sha256:eeece50a9eae41fbec657a77c3360a561685b2fc638dbb59c4f59be2e9deb502",
                "sha256:4bdf3c4a59c868d57940d8a761f38ce2a7269959ff6d1fd5a0157a86f6dac082",
                "sha256:02bea5b709fab77889748c8fe2fed5a41e60e418e70d6a91b5a4f9c85475b043",
                "sha256:f992c3c124fa4e1b30f2250fd605498f66eb8bfc3bc9f0958a085a317f7b7b2a",
                "sha256:c4a8bef8824f8657ab8b256a1e3e89d8e2f13f0797427af2c9d675f7ebfa258c",
                "sha256:5b377c8563e20fb2c7d21d2155544db7b7258774906619037fac6c00558e7b9a",
                "sha256:4e8d2faafb5ee9ae164e4b616a24a00aed81515625c04272ca88a112e74875da"
            ],
            "Type": "layers"
        },
        "Size": 77947883
    }
]
