#0 building with "default" instance using docker driver

#1 [internal] load build definition from Dockerfile
#1 transferring dockerfile: 632B done
#1 DONE 0.0s

#2 [context python_wheels] load .dockerignore
#2 transferring python_wheels: 2B done
#2 DONE 0.0s

#3 [auth] library/python:pull token for registry-1.docker.io
#3 DONE 0.0s

#4 [auth] library/python:pull token for registry-1.docker.io
#4 DONE 0.0s

#5 [internal] load metadata for docker.io/library/python@sha256:229a2c5bfa27522db7815ea81f9bed70af17ccb9de9fc7ad142b1877b5830d36
#5 DONE 0.1s

#6 [internal] load .dockerignore
#6 transferring context: 81B done
#6 DONE 0.0s

#7 [auth] library/python:pull token for registry-1.docker.io
#7 DONE 0.0s

#8 [auth] library/python:pull token for registry-1.docker.io
#8 DONE 0.0s

#9 [internal] load build context
#9 transferring context: 65B done
#9 DONE 0.0s

#10 [stage-0 1/5] FROM docker.io/library/python@sha256:229a2c5bfa27522db7815ea81f9bed70af17ccb9de9fc7ad142b1877b5830d36
#10 resolve docker.io/library/python@sha256:229a2c5bfa27522db7815ea81f9bed70af17ccb9de9fc7ad142b1877b5830d36 0.0s done
#10 DONE 0.1s

#11 [context python_wheels] load from client
#11 transferring python_wheels: 3.23kB done
#11 DONE 0.0s

#12 [stage-0 2/5] WORKDIR /app
#12 CACHED

#13 [stage-0 3/5] COPY requirements.lock /app/requirements.lock
#13 CACHED

#14 [stage-0 4/5] RUN --network=none --mount=type=bind,from=python_wheels,target=/wheels     pip install --no-index --find-links=/wheels --no-cache-dir --no-compile --require-hashes --only-binary=:all: -r /app/requirements.lock     && pip check
#14 CACHED

#15 [stage-0 5/5] COPY app.py /app/app.py
#15 CACHED

#16 exporting to image
#16 exporting layers done
#16 exporting manifest sha256:5bffadb83aa3127f8339e6dcd3e8bc6a04dcbcabf3b66b7dcddfab81369e78fd 0.0s done
#16 exporting config sha256:692a7592479e3374d1cc942c07c38043cfc3e3b7e11d65a50afcd82b7cb97f1a 0.0s done
#16 naming to moby-dangling@sha256:5bffadb83aa3127f8339e6dcd3e8bc6a04dcbcabf3b66b7dcddfab81369e78fd done
#16 unpacking to moby-dangling@sha256:5bffadb83aa3127f8339e6dcd3e8bc6a04dcbcabf3b66b7dcddfab81369e78fd
#16 unpacking to moby-dangling@sha256:5bffadb83aa3127f8339e6dcd3e8bc6a04dcbcabf3b66b7dcddfab81369e78fd 0.6s done
#16 DONE 0.7s

#17 resolving provenance for metadata file
#17 DONE 0.0s
