PY-READY-CORE-CDI54: passed
PY-NO-SESSION-DENIED: passed
PY-MALFORMED-TOKEN-DENIED: passed
PY-HEADER-SIGNUP: passed
PY-HEADER-ONLINE-PROTECTED: passed
PY-WRONG-PASSWORD-DENIED: passed
PY-DUPLICATE-SIGNUP-DENIED: passed
PY-HEADER-SIGNIN: passed
PY-HEADER-REFRESH: passed
PY-HEADER-LOGOUT: passed
PY-LOGOUT-ONLINE-ACCESS-DENIED: passed
PY-LOGOUT-REFRESH-DENIED: passed
PY-RESET-DELIVERY-DISABLED: passed
PY-COOKIE-SIGNUP-ATTRIBUTES: passed
PY-COOKIE-ONLINE-PROTECTED: passed
PY-COOKIE-CSRF-MISSING-HEADER-DENIED: passed
PY-COOKIE-CSRF-HEADER-ACCEPTED: passed
PY-COOKIE-REFRESH: passed
PY-COOKIE-LOGOUT-CLEAR-AND-DENY: passed
{
  "executed": 19,
  "passed": 19,
  "failed": 0,
  "unexecuted": 0,
  "exit_code": 0
}
