Sending build context to Docker daemon  13.82kB
Step 1/9 : FROM python@sha256:[REDACTED_LONG_VALUE]
 ---> 229a2c5bfa27
Step 2/9 : ENV PYTHONDONTWRITEBYTECODE=1 PYTHONUNBUFFERED=1 PIP_DISABLE_PIP_VERSION_CHECK=1
 ---> Running in d141662d50f0
 ---> Removed intermediate container d141662d50f0
 ---> 15c77a03b531
Step 3/9 : WORKDIR /app
 ---> Running in 9292367c92db
 ---> Removed intermediate container 9292367c92db
 ---> ae6a018e08e8
Step 4/9 : COPY requirements.lock /app/requirements.lock
 ---> b3c02d08c213
Step 5/9 : RUN pip install --no-cache-dir --require-hashes --only-binary=:all: -r /app/requirements.lock
 ---> Running in 66deaa311959
Collecting aiohappyeyeballs==2.7.1 (from -r /app/requirements.lock (line 2))
  Downloading aiohappyeyeballs-2.7.1-py3-none-any.whl (15 kB)
Collecting aiohttp==3.14.3 (from -r /app/requirements.lock (line 3))
  Downloading [REDACTED_LONG_VALUE] (1.8 MB)
     ━━━━━━━━━━━━━━━━━━━━━━━━━━━━━━━━━━━━━━━━ 1.8/1.8 MB 12.6 MB/s eta 0:00:00
Collecting aiohttp-retry==2.9.1 (from -r /app/requirements.lock (line 4))
  Downloading aiohttp_retry-2.9.1-py3-none-any.whl (10.0 kB)
Collecting aiosignal==1.4.0 (from -r /app/requirements.lock (line 5))
  Downloading aiosignal-1.4.0-py3-none-any.whl (7.5 kB)
Collecting aiosmtplib==5.1.3 (from -r /app/requirements.lock (line 6))
  Downloading aiosmtplib-5.1.3-py3-none-any.whl (30 kB)
Collecting annotated-doc==0.0.5 (from -r /app/requirements.lock (line 7))
  Downloading annotated_doc-0.0.5-py3-none-any.whl (5.3 kB)
Collecting annotated-types==0.8.0 (from -r /app/requirements.lock (line 8))
  Downloading annotated_types-0.8.0-py3-none-any.whl (13 kB)
Collecting anyio==4.15.1 (from -r /app/requirements.lock (line 9))
  Downloading anyio-4.15.1-py3-none-any.whl (132 kB)
Collecting asgiref==3.12.1 (from -r /app/requirements.lock (line 10))
  Downloading asgiref-3.12.1-py3-none-any.whl (25 kB)
Collecting attrs==26.1.0 (from -r /app/requirements.lock (line 11))
  Downloading attrs-26.1.0-py3-none-any.whl (67 kB)
Collecting certifi==2026.7.22 (from -r /app/requirements.lock (line 12))
  Downloading certifi-2026.7.22-py3-none-any.whl (136 kB)
Collecting cffi==2.1.1 (from -r /app/requirements.lock (line 13))
  Downloading [REDACTED_LONG_VALUE] (221 kB)
Collecting charset-normalizer==3.5.1 (from -r /app/requirements.lock (line 14))
  Downloading [REDACTED_LONG_VALUE] (248 kB)
Collecting click==8.5.0 (from -r /app/requirements.lock (line 15))
  Downloading click-8.5.0-py3-none-any.whl (125 kB)
Collecting cryptography==50.0.1 (from -r /app/requirements.lock (line 16))
  Downloading cryptography-50.0.1-cp311-abi3-manylinux_2_34_x86_64.whl (4.7 MB)
     ━━━━━━━━━━━━━━━━━━━━━━━━━━━━━━━━━━━━━━━━ 4.7/4.7 MB 13.6 MB/s eta 0:00:00
Collecting Deprecated==1.2.18 (from -r /app/requirements.lock (line 17))
  Downloading Deprecated-1.2.18-py2.py3-none-any.whl (10.0 kB)
Collecting fastapi==0.141.1 (from -r /app/requirements.lock (line 18))
  Downloading fastapi-0.141.1-py3-none-any.whl (131 kB)
Collecting filelock==3.32.5 (from -r /app/requirements.lock (line 19))
  Downloading filelock-3.32.5-py3-none-any.whl (100 kB)
Collecting frozenlist==1.8.0 (from -r /app/requirements.lock (line 20))
  Downloading [REDACTED_LONG_VALUE] (242 kB)
Collecting h11==0.16.0 (from -r /app/requirements.lock (line 21))
  Downloading h11-0.16.0-py3-none-any.whl (37 kB)
Collecting httpcore==1.0.9 (from -r /app/requirements.lock (line 22))
  Downloading httpcore-1.0.9-py3-none-any.whl (78 kB)
Collecting httpx==0.28.1 (from -r /app/requirements.lock (line 23))
  Downloading httpx-0.28.1-py3-none-any.whl (73 kB)
Collecting idna==3.19 (from -r /app/requirements.lock (line 24))
  Downloading idna-3.19-py3-none-any.whl (68 kB)
Collecting multidict==6.7.1 (from -r /app/requirements.lock (line 25))
  Downloading [REDACTED_LONG_VALUE] (256 kB)
Collecting packaging==25.0 (from -r /app/requirements.lock (line 26))
  Downloading packaging-25.0-py3-none-any.whl (66 kB)
Collecting phonenumbers==9.0.38 (from -r /app/requirements.lock (line 27))
  Downloading phonenumbers-9.0.38-py2.py3-none-any.whl (2.6 MB)
     ━━━━━━━━━━━━━━━━━━━━━━━━━━━━━━━━━━━━━━━━ 2.6/2.6 MB 14.2 MB/s eta 0:00:00
Collecting pkce==1.0.3 (from -r /app/requirements.lock (line 28))
  Downloading pkce-1.0.3-py3-none-any.whl (3.2 kB)
Collecting propcache==0.5.2 (from -r /app/requirements.lock (line 29))
  Downloading [REDACTED_LONG_VALUE] (61 kB)
Collecting pycparser==3.0 (from -r /app/requirements.lock (line 30))
  Downloading pycparser-3.0-py3-none-any.whl (48 kB)
Collecting pycryptodome==3.20.0 (from -r /app/requirements.lock (line 31))
  Downloading [REDACTED_LONG_VALUE] (2.1 MB)
     ━━━━━━━━━━━━━━━━━━━━━━━━━━━━━━━━━━━━━━━━ 2.1/2.1 MB 13.8 MB/s eta 0:00:00
Collecting pydantic==2.13.5 (from -r /app/requirements.lock (line 32))
  Downloading pydantic-2.13.5-py3-none-any.whl (472 kB)
Collecting pydantic_core==2.46.5 (from -r /app/requirements.lock (line 33))
  Downloading [REDACTED_LONG_VALUE] (2.1 MB)
     ━━━━━━━━━━━━━━━━━━━━━━━━━━━━━━━━━━━━━━━━ 2.1/2.1 MB 14.1 MB/s eta 0:00:00
Collecting PyJWT==2.13.0 (from -r /app/requirements.lock (line 34))
  Downloading pyjwt-2.13.0-py3-none-any.whl (31 kB)
Collecting PyOTP==2.10.0 (from -r /app/requirements.lock (line 35))
  Downloading pyotp-2.10.0-py3-none-any.whl (13 kB)
Collecting python-dateutil==2.9.0.post0 (from -r /app/requirements.lock (line 36))
  Downloading python_dateutil-2.9.0.post0-py2.py3-none-any.whl (229 kB)
Collecting requests==2.34.2 (from -r /app/requirements.lock (line 37))
  Downloading requests-2.34.2-py3-none-any.whl (73 kB)
Collecting requests-file==3.0.1 (from -r /app/requirements.lock (line 38))
  Downloading requests_file-3.0.1-py2.py3-none-any.whl (4.5 kB)
Collecting six==1.17.0 (from -r /app/requirements.lock (line 39))
  Downloading six-1.17.0-py2.py3-none-any.whl (11 kB)
Collecting sniffio==1.3.1 (from -r /app/requirements.lock (line 40))
  Downloading sniffio-1.3.1-py3-none-any.whl (10 kB)
Collecting starlette==1.6.0 (from -r /app/requirements.lock (line 41))
  Downloading starlette-1.6.0-py3-none-any.whl (75 kB)
Collecting supertokens_python==0.31.3 (from -r /app/requirements.lock (line 42))
  Downloading supertokens_python-0.31.3-py3-none-any.whl (861 kB)
     ━━━━━━━━━━━━━━━━━━━━━━━━━━━━━━━━━━━━━━ 861.2/861.2 kB 15.7 MB/s eta 0:00:00
Collecting tldextract==5.3.2 (from -r /app/requirements.lock (line 43))
  Downloading tldextract-5.3.2-py3-none-any.whl (106 kB)
Collecting twilio==9.11.0 (from -r /app/requirements.lock (line 44))
  Downloading twilio-9.11.0-py2.py3-none-any.whl (2.5 MB)
     ━━━━━━━━━━━━━━━━━━━━━━━━━━━━━━━━━━━━━━━━ 2.5/2.5 MB 15.2 MB/s eta 0:00:00
Collecting typing-inspection==0.4.4 (from -r /app/requirements.lock (line 45))
  Downloading typing_inspection-0.4.4-py3-none-any.whl (14 kB)
Collecting typing_extensions==4.16.0 (from -r /app/requirements.lock (line 46))
  Downloading typing_extensions-4.16.0-py3-none-any.whl (45 kB)
Collecting urllib3==2.7.0 (from -r /app/requirements.lock (line 47))
  Downloading urllib3-2.7.0-py3-none-any.whl (131 kB)
Collecting uvicorn==0.52.4 (from -r /app/requirements.lock (line 48))
  Downloading uvicorn-0.52.4-py3-none-any.whl (79 kB)
Collecting wrapt==1.17.3 (from -r /app/requirements.lock (line 49))
  Downloading [REDACTED_LONG_VALUE] (88 kB)
Collecting yarl==1.24.5 (from -r /app/requirements.lock (line 50))
  Downloading [REDACTED_LONG_VALUE] (109 kB)
Installing collected packages: wrapt, urllib3, typing_extensions, sniffio, six, PyOTP, PyJWT, pycryptodome, pycparser, propcache, pkce, phonenumbers, packaging, multidict, idna, h11, frozenlist, filelock, click, charset-normalizer, certifi, attrs, asgiref, annotated-types, annotated-doc, aiosmtplib, aiohappyeyeballs, yarl, uvicorn, typing-inspection, requests, python-dateutil, pydantic_core, httpcore, Deprecated, cffi, anyio, aiosignal, starlette, requests-file, pydantic, httpx, cryptography, aiohttp, tldextract, fastapi, aiohttp-retry, twilio, supertokens_python
Successfully installed Deprecated-1.2.18 PyJWT-2.13.0 PyOTP-2.10.0 aiohappyeyeballs-2.7.1 aiohttp-3.14.3 aiohttp-retry-2.9.1 aiosignal-1.4.0 aiosmtplib-5.1.3 annotated-doc-0.0.5 annotated-types-0.8.0 anyio-4.15.1 asgiref-3.12.1 attrs-26.1.0 certifi-2026.7.22 cffi-2.1.1 charset-normalizer-3.5.1 click-8.5.0 cryptography-50.0.1 fastapi-0.141.1 filelock-3.32.5 frozenlist-1.8.0 h11-0.16.0 httpcore-1.0.9 httpx-0.28.1 idna-3.19 multidict-6.7.1 packaging-25.0 phonenumbers-9.0.38 pkce-1.0.3 propcache-0.5.2 pycparser-3.0 pycryptodome-3.20.0 pydantic-2.13.5 pydantic_core-2.46.5 python-dateutil-2.9.0.post0 requests-2.34.2 requests-file-3.0.1 six-1.17.0 sniffio-1.3.1 starlette-1.6.0 supertokens_python-0.31.3 tldextract-5.3.2 twilio-9.11.0 typing-inspection-0.4.4 typing_extensions-4.16.0 urllib3-2.7.0 uvicorn-0.52.4 wrapt-1.17.3 yarl-1.24.5
[91mWARNING: Running pip as the 'root' user can result in broken permissions and conflicting behaviour with the system package manager, possibly rendering your system unusable. It is recommended to use a virtual environment instead: https://pip.pypa.io/warnings/venv. Use the --root-user-action option if you know what you are doing and want to suppress this warning.
[0m ---> Removed intermediate container 66deaa311959
 ---> 6b594da4bc75
Step 6/9 : COPY app.py /app/app.py
 ---> 39b616611621
Step 7/9 : USER 65532:65532
 ---> Running in d43380159d51
 ---> Removed intermediate container d43380159d51
 ---> 681f50312ca3
Step 8/9 : EXPOSE 8300
 ---> Running in 17a7f2ba23f7
 ---> Removed intermediate container 17a7f2ba23f7
 ---> 883358bc54c9
Step 9/9 : CMD ["uvicorn", "app:app", "--host", "0.0.0.0", "--port", "8300", "--no-access-log"]
 ---> Running in 61842c3fb0a4
 ---> Removed intermediate container 61842c3fb0a4
 ---> cdd25eaf7eb5
Successfully built cdd25eaf7eb5
Successfully tagged expertauth-extracted-20260908t222920z-23f3d2-python:proof
DEPRECATED: The legacy builder is deprecated and will be removed in a future release.
            Install the buildx component to build images with BuildKit:
            https://docs.docker.com/go/buildx/

