40ed25f0892dfb833aa2b917bd2be1e10cb7c788efb3276b66b19338b80c29f6  lib/opensaml-core-api-5.2.3.jar
f96d13d1db4bf090eeb36d0c4e211e048a1ef48a59d833569b33aae4b4760a77  lib/opentelemetry-context-1.63.0.jar
69e5c9fa35da7a51a5fd2099dfe56a2d8d32cf233e2f6d770e796146440263f4  lib/commons-lang3-3.20.0.jar
f4d85c3e4d411694337cb873abea09b242b664bb013320be6105327c45991537  lib/guava-33.0.0-jre.jar
ace2a10dc8e2d5fd34925ecac03e4988b2c0f851650c94b8cef49ba1bd111478  lib/annotations-13.0.jar
6558a3d233da56a20934b32159f9db5f86ed5816ef098f78a2c223dc6abb79dd  lib/kotlin-stdlib-2.2.21.jar
43f54cb4b10f907b1dec3b3bbfbbc3eb902ad26769da20b1edbb944a589f2407  lib/libphonenumber-8.13.25.jar
ba005f304cef92a3dede24a38ad5ac9b8afccf0d8f75839d6c1338634cf7f6e4  lib/commons-codec-1.18.0.jar
cc67fc1bd9cb435cdbe7483ef04513c83cc9619a3015c04ad41bb6cc0eb6e68e  lib/opensaml-xmlsec-impl-5.2.3.jar
94855942d4992f112946d3de1c334e709237b8126d8130bf07807c018a4a2120  lib/gson-2.13.1.jar
38eeea5f17ad49b708afe11473867a99407f656ae140824ce8d6fc0c19fd4802  lib/aspectjrt-1.9.24.jar
282b65b9fe43647b1459c0df11101f8599a58de5832075acff485c3705ba4894  lib/tomcat-embed-core-11.0.25.jar
d32cc2aad115b27456ce075b2167b3d549aa9ca75439d67f6a60bcc057d7212d  lib/tomcat-annotations-api-11.0.25.jar
b26b00e1dd31dd0e651689c8dc482842b9c96c521e2b5e9df1092d41d1765f3c  lib/plugin-interface-10.0.0.jar
2196b993cd34dbbd919e7e01f57a4781b58bee80f86106163e287c20343a96a7  lib/okio-jvm-3.16.4.jar
5821c0fda70dd188c11a855ed2d76d410ec4fd91d7315299e11e1318e3cb1d58  lib/opentelemetry-exporter-sender-okhttp-1.63.0.jar
941ff029bcdb93e83d209ce516c1a7fb8bbac07d0a2fa122f5bf194b2cd7b4f4  lib/jackson-core-2.22.1.jar
d16e9d760ace7e9c5cd9b888df1e67bcfdad730b25a5c56a50f52e1b2229c539  lib/core-12.2.0.jar
d8a8f4b735bb9067fc2afd13f8c9ff723a5bad76341a83a4051a998cccff61ab  lib/webauthn4j-core-0.28.6.RELEASE.jar
85da45b7e5e565418963ff8f0dcb184365b0557c15468933f4318dde5c3ce845  lib/jackson-datatype-jsr310-2.22.1.jar
930273cc1c492f25661ea62413a6da3fd7f6e01bf1c4dcc0817fc8696a7b07ac  lib/jna-5.8.0.jar
1557e5dc684b25dd210360ecc5ecc5fcc647e2a5b2a294822ddd3650253c2804  lib/argon2-jvm-nolibs-2.11.jar
b6a38b04741401de8b697ca773f200edb2421347e1eb0aa220355596d5675bf9  lib/opensaml-soap-impl-5.2.3.jar
395eccc3496063ac7b1d6af2422a11670ee5ded807f51542818eccd5fbb5e20c  lib/xmlsec-3.0.6.jar
46c53c48a6e1930f145add7f65ed51ab9273de9e3dc746b82e5d695d25bb0ba8  lib/shib-security-9.2.3.jar
c7db7026b8e2dea39132b04a6069f6671e2858309b20a146ec5c7dd6ed73a0b6  lib/httpcore5-h2-5.4.3.jar
53e9a343afcdefdfaad4987d63598a2284c1bf98b99761c8baea1a69c2f7ebcd  lib/opensaml-messaging-api-5.2.3.jar
173aab2a30727e5586e13055fb6c4e27112453f5d8cf1136b3369c674cbe011f  lib/java-jwt-4.4.0.jar
21ddb598807d3a51a876704eb979d9296e1c6a6f47ab1826ff88c6d6a127a2d0  lib/jackson-annotations-2.22.jar
c771f48075b763f6c322055e21129a94b7de4c1faf3f8f58ace320b0c9517a30  lib/okhttp-jvm-5.3.2.jar
b374e16963421fb9cfb01cc20d7ad8fd2f8b8188e3eef0ec0a8965e245f7619a  lib/bcutil-jdk18on-1.84.jar
2f9f245bf68e4259d610894f2406dc1f6363dc639302bd566e8272e4f4541172  lib/checker-qual-3.41.0.jar
f5f5404fa5a60f9e0b15e7bea2ea2d137e255f01babd0bfcb9dafcd2e3bf9cd2  lib/sqlite-jdbc-3.45.1.0.jar
c425cb6db4863480982899092d1d283f84c0f32914a59bf2de479e69daa8fa11  lib/httpclient5-cache-5.6.4.jar
c1bb374c93c7f0a989530372c11b286a0b542fdd2b6efbcf9708368a70763eb1  lib/argon2-jvm-2.11.jar
bdef5f8841145cd76c4c605ff301bc840eea0d5292332b7b892a93316c0d8ee1  lib/httpclient5-5.6.4.jar
b372a037d4230aa57fbeffdef30fd6123f9c0c2db85d0aced00c91b974f33f99  lib/listenablefuture-9999.0-empty-to-avoid-conflict-with-guava.jar
9a82d218099fb14c10c0e86e7eefeebd8c104de920acdc47b8b4b7a686fb73b4  lib/scrypt-1.4.0.jar
5bef5b396aba0607bd972365991f833f7d8f16af506f2ade1f589fe344105123  lib/cryptacular-1.3.0.jar
e183f6f59404fc1e12073cfea4ace7ea103c900463cd21fb609a7c617ecdf624  lib/jbcrypt-0.4.jar
8a8f81cf9b359e3f6dfa691a1e776985c061ef2f223c9b2c80753e1b458e8064  lib/failureaccess-1.0.2.jar
9f04221e172dc426f90fb3873d0148a0744edbf9e7a37de7ee0e6a34f7b74581  lib/opensaml-saml-impl-5.2.3.jar
eb56685bfb9d26b1c95a171b38015747fc3085dd7f63aca26dfd87352ccbbe40  lib/opentelemetry-semconv-1.42.0.jar
766ad2a0783f2687962c8ad74ceecc38a28b9f72a2d085ee438b7813e928d0c7  lib/jsr305-3.0.2.jar
cce72578ec8df5dd18cb71c88bba89bd196c640281c199ce875e2aa44154f93f  lib/opensaml-saml-api-5.2.3.jar
64d6c5a6121fcd927152dd182cbed39afe0fda641a970d9bcc0c9cb1858b2731  lib/bcprov-jdk18on-1.84.jar
1c19157d1171d560088e485be97c93a7a2f7e9f56e517f0a30273c5c39df6231  lib/velocity-engine-core-2.4.1.jar
3c150e2db1dee689b776c604d601adcc060d0305c6eabffa17f213509f5587f8  lib/opensaml-profile-api-5.2.3.jar
85c4f207f2a437321af7864e45f92637b7ca5e9c9611103e2ff322bc9e6c4bd7  lib/opentelemetry-sdk-logs-1.63.0.jar
8726b15affd61992a4ecd0ed1dc3936782781e7fa0fdc47be04d338f9341dd46  lib/metrics-json-4.2.39.jar
cca1d53b5a5bfab21320ed68ee77c5e0f87af53753d69711a52af87cced94861  lib/shib-networking-9.2.3.jar
af8604462837a7931d4688ccca3404db325ef7abff7a70a36206a9c4dd7fe953  lib/opensaml-core-impl-5.2.3.jar
c87f16ed9e5ec61bc94151e9f3646ac44e50cd448121ce84367fa4b7ec7ec1bb  lib/bcpkix-jdk18on-1.84.jar
2053f9ae1f37a87cf94117ea61395080eb3ec71c631aa71dd2a6c386dd8ff3af  lib/opensaml-security-api-5.2.3.jar
7b751d952061954d5abfed7181c1f645d336091b679891591d63329c622eb832  lib/slf4j-api-2.0.17.jar
5c6e49843e46aaeebd3ffc777ad221ac2208f3e36e24c56779ac6fabdfb1d499  lib/jackson-dataformat-cbor-2.22.1.jar
4877e560f0ca03675cfb99ed5457c0d1875e953381e029f198280aca8a1d0f47  lib/opentelemetry-exporter-otlp-1.63.0.jar
afb439c61fa287c9e1925523b13baab03617e724406a389d48b61c2c3e46b700  lib/logback-classic-1.5.38.jar
c430c1039189635e4b6b7daee98b0c56288e459a3b8ec851cb7bcb9918107247  lib/java-otp-0.4.0.jar
a855a0fc97b1d06f4efb1c3bba5ebd0eb508d8b58e68e89e4bbc23a85135c883  lib/logback-core-1.5.38.jar
987fb841ea9c4b13699fc5c1afc842c5e83b38e18222821cdf9e6449c4cd5483  lib/opentelemetry-exporter-otlp-common-1.63.0.jar
ad70dd0c03f7ff7b8515cdc7da3a03f6c970d7a174fcb9347f1c411776b0e80c  lib/webauthn4j-util-0.28.6.RELEASE.jar
6e0ab4fa86b2581848328cc25c00188d6b0826f039055aec85352ebcf64b05df  lib/opentelemetry-common-1.63.0.jar
75ecc937b6ad84efd838f445ee7f810f123c54d8c57ecbbec9196f009fe18cd6  lib/opentelemetry-sdk-common-1.63.0.jar
f288746055a9118d24a662cd7526cd5eb495ff37e5e4e54798a751b4bbe56e20  lib/opentelemetry-exporter-common-1.63.0.jar
cc7b1352cd8077974b70b3e365c4f13aa93f5786ce1dea538be5451ed23600c9  lib/metrics-core-4.2.39.jar
cc3a0e540791a9a1cbcd7584767b84572ffda0b72823856558f47dea69ae8ed1  lib/jackson-dataformat-yaml-2.22.1.jar
3401e9e309fd170f4b9ea0d8fc68b5b778c2374bf654371378bce21952d6c6b9  lib/opensaml-xmlsec-api-5.2.3.jar
6661d5335090a5fc61dd869d2095bc6c1e2156e3aa47a6e4ababdf64c99a7889  lib/error_prone_annotations-2.38.0.jar
21cc4cc73551f4ded22e8390286b9a4202b48c5054498bcd263f393f30d441a1  lib/opensaml-security-impl-5.2.3.jar
b3ad84c289d421d8ae0062d782043385b84e0394b859f6329dc02dae2485e7c3  lib/opentelemetry-sdk-trace-1.63.0.jar
07402db8880c7da7143c57f1c2ea3cf08e1e80e1470d86409e2db56e1d3fb02a  lib/opensaml-storage-api-5.2.3.jar
c68f5668d23aa30a2a5b672dd03b46882bb0ce1185cf02240c4c99eee9bd94b0  lib/shib-support-9.2.3.jar
e6682acf1ace77508ef13649cbf4f8d09d2cf5457bdb61d25ffb6ac0233d78dd  lib/snakeyaml-2.5.jar
7dcd7e53bec1f56c7ad278bd1ca0840bebcc595d61ce44d6a8439abb75b965b2  lib/jackson-databind-2.22.1.jar
2140ff82be356e0d77a206f5f7f4868d22d49efd4976d00dee2fc52f1d8c670e  lib/opentelemetry-sdk-metrics-1.63.0.jar
6d85a64b76977a60a57204304925ef216445adc7154d4103136caf6e11306307  lib/opentelemetry-exporter-logging-1.63.0.jar
1b503de27e275bbe9014b4d503ce80a8b8dcfcb0c47fff9e48f14b05cb2788ab  lib/opensaml-soap-api-5.2.3.jar
18bfbbabb478dfb67f31aeaf428c387f3c3df654582e1309f708ee1f3086830a  lib/httpcore5-5.4.3.jar
37acf2700ced98f59ac719e0551726d62eb085d659eb9f7c8e61f228c230902e  lib/opentelemetry-sdk-1.63.0.jar
42f0fc3c53eae0b7d241b6e7c5a4c782100c78fe67d3527c1df67ba513a830c8  lib/shib-velocity-9.2.3.jar
07377d6f3fb2ccfb8b8b713290bf48759f9218d4e72467f3ccee55895926ee4b  lib/opentelemetry-api-1.63.0.jar
d3ef575e3e4979678dc01bf1dcce51021493b4d11fb7f1be8ad982877c16a1c0  plugin/slf4j-api-1.7.36.jar
857658c8bdcbff794949a8d9922f88d63ee3751c203c7cd7d21ea97f9e745288  plugin/checker-qual-3.55.1.jar
6e0e4cc2d8cae902084f8a2b18728b073a6fd9d1f87c9d8bff8f298c18185b93  plugin/postgresql-42.7.13.jar
07c6344059af30a135144209c7c8bd666b8823124422ec859864d209d4ab7ca1  plugin/HikariCP-6.3.0.jar
c118181b8cfbcf874f031f23abc291a6655049d8aa9fe2275ae03596129f9705  plugin/postgresql-plugin-9.8.0.jar
