test_ai_security_review_does_not_satisfy_independent_review (test_release_gate.ReleaseGateTests.test_ai_security_review_does_not_satisfy_independent_review) ... ok
test_api_contract_must_be_current_hashed_source (test_release_gate.ReleaseGateTests.test_api_contract_must_be_current_hashed_source) ... ok
test_api_placeholder_values_are_unfilled (test_release_gate.ReleaseGateTests.test_api_placeholder_values_are_unfilled) ... ok
test_api_route_presence_without_complete_contract_fails (test_release_gate.ReleaseGateTests.test_api_route_presence_without_complete_contract_fails) ... ok
test_baseline_wording_tamper_fails_even_with_rehashed_ledger_reference (test_release_gate.ReleaseGateTests.test_baseline_wording_tamper_fails_even_with_rehashed_ledger_reference) ... ok
test_changed_dependency_evidence_fails_even_when_source_hash_is_corrected (test_release_gate.ReleaseGateTests.test_changed_dependency_evidence_fails_even_when_source_hash_is_corrected) ... ok
test_changed_dependency_lock_invalidates_run (test_release_gate.ReleaseGateTests.test_changed_dependency_lock_invalidates_run) ... ok
test_changed_implementation_and_new_source_file_invalidate_evidence (test_release_gate.ReleaseGateTests.test_changed_implementation_and_new_source_file_invalidate_evidence) ... ok
test_changed_logs_and_report_hashes_are_rejected (test_release_gate.ReleaseGateTests.test_changed_logs_and_report_hashes_are_rejected) ... ok
test_critical_security_findings_block_review (test_release_gate.ReleaseGateTests.test_critical_security_findings_block_review) ... ok
test_deprecated_business_api_cannot_be_excused_as_vendor_licensing (test_release_gate.ReleaseGateTests.test_deprecated_business_api_cannot_be_excused_as_vendor_licensing) ... ok
test_duplicate_json_keys_are_rejected (test_release_gate.ReleaseGateTests.test_duplicate_json_keys_are_rejected) ... ok
test_evidence_recorder_refuses_overwrite (test_release_gate.ReleaseGateTests.test_evidence_recorder_refuses_overwrite) ... ok
test_executed_positive_and_negative_fixture_can_support_claim_validation_only (test_release_gate.ReleaseGateTests.test_executed_positive_and_negative_fixture_can_support_claim_validation_only) ... ok
test_integrity_test_profile_cannot_qualify_authentication (test_release_gate.ReleaseGateTests.test_integrity_test_profile_cannot_qualify_authentication) ... ok
test_missing_substituted_and_duplicated_ids_fail (test_release_gate.ReleaseGateTests.test_missing_substituted_and_duplicated_ids_fail) ... ok
test_modified_manifest_cannot_rebaseline_scope (test_release_gate.ReleaseGateTests.test_modified_manifest_cannot_rebaseline_scope) ... ok
test_native_source_without_build_and_execution_is_unqualified (test_release_gate.ReleaseGateTests.test_native_source_without_build_and_execution_is_unqualified) ... ok
test_original_inventory_and_wording_are_anchored (test_release_gate.ReleaseGateTests.test_original_inventory_and_wording_are_anchored) ... ok
test_original_wording_reference_cannot_be_substituted (test_release_gate.ReleaseGateTests.test_original_wording_reference_cannot_be_substituted) ... ok
test_path_traversal_cannot_read_external_evidence (test_release_gate.ReleaseGateTests.test_path_traversal_cannot_read_external_evidence) ... ok
test_planned_inventory_cannot_pass_release (test_release_gate.ReleaseGateTests.test_planned_inventory_cannot_pass_release) ... ok
test_private_core_exposure_is_required (test_release_gate.ReleaseGateTests.test_private_core_exposure_is_required) ... ok
test_review_hash_changes_when_evidence_claims_change (test_release_gate.ReleaseGateTests.test_review_hash_changes_when_evidence_claims_change) ... ok
test_run_with_missing_tests_or_duplicate_ids_fails (test_release_gate.ReleaseGateTests.test_run_with_missing_tests_or_duplicate_ids_fails) ... ok
test_runtime_secret_and_output_files_do_not_enter_source_evidence (test_release_gate.ReleaseGateTests.test_runtime_secret_and_output_files_do_not_enter_source_evidence) ... ok
test_skipped_tests_fail_runner_and_release_even_if_exit_is_forged (test_release_gate.ReleaseGateTests.test_skipped_tests_fail_runner_and_release_even_if_exit_is_forged) ... ok
test_status_schema_and_blocker_details_are_enforced (test_release_gate.ReleaseGateTests.test_status_schema_and_blocker_details_are_enforced) ... ok
test_unexecuted_or_same_positive_negative_ids_fail (test_release_gate.ReleaseGateTests.test_unexecuted_or_same_positive_negative_ids_fail) ... ok
test_unsupported_verified_claim_is_rejected (test_release_gate.ReleaseGateTests.test_unsupported_verified_claim_is_rejected) ... ok
test_verified_milestone_cannot_ignore_its_required_items (test_release_gate.ReleaseGateTests.test_verified_milestone_cannot_ignore_its_required_items) ... ok
test_verified_milestone_with_unverified_dependency_fails (test_release_gate.ReleaseGateTests.test_verified_milestone_with_unverified_dependency_fails) ... ok

----------------------------------------------------------------------
Ran 32 tests in 46.493s

OK
