test_all_205_original_ids_are_preserved (test_capture_contracts.ArtifactContractTests.test_all_205_original_ids_are_preserved) ... ok
test_blockers_cannot_be_removed (test_capture_contracts.ArtifactContractTests.test_blockers_cannot_be_removed) ... ok
test_bulk_entries_have_explicit_supplemental_branch_blocker (test_capture_contracts.ArtifactContractTests.test_bulk_entries_have_explicit_supplemental_branch_blocker) ... ok
test_duplicate_id_cannot_replace_a_missing_id (test_capture_contracts.ArtifactContractTests.test_duplicate_id_cannot_replace_a_missing_id) ... ok
test_fabricated_capture_complete_is_rejected (test_capture_contracts.ArtifactContractTests.test_fabricated_capture_complete_is_rejected) ... ok
test_fabricated_implementation_verified_is_rejected (test_capture_contracts.ArtifactContractTests.test_fabricated_implementation_verified_is_rejected) ... ok
test_fake_schema_license_permission_is_rejected (test_capture_contracts.ArtifactContractTests.test_fake_schema_license_permission_is_rejected) ... ok
test_misleading_oauth_start_continue_swap_is_rejected (test_capture_contracts.ArtifactContractTests.test_misleading_oauth_start_continue_swap_is_rejected) ... ok
test_missing_id_is_rejected (test_capture_contracts.ArtifactContractTests.test_missing_id_is_rejected) ... ok
test_only_five_vendor_control_entries_are_non_equivalences (test_capture_contracts.ArtifactContractTests.test_only_five_vendor_control_entries_are_non_equivalences) ... ok
test_original_wording_cannot_be_weakened (test_capture_contracts.ArtifactContractTests.test_original_wording_cannot_be_weakened) ... ok
test_raw_specs_descriptions_and_examples_are_not_persisted (test_capture_contracts.ArtifactContractTests.test_raw_specs_descriptions_and_examples_are_not_persisted) ... ok
test_refresh_header_and_cookie_names_are_captured_without_false_attributes (test_capture_contracts.ArtifactContractTests.test_refresh_header_and_cookie_names_are_captured_without_false_attributes) ... ok
test_required_header_field_cannot_disappear (test_capture_contracts.ArtifactContractTests.test_required_header_field_cannot_disappear) ... ok
test_session_tenant_and_app_variants_are_both_preserved (test_capture_contracts.ArtifactContractTests.test_session_tenant_and_app_variants_are_both_preserved) ... ok
test_source_revision_tampering_is_rejected (test_capture_contracts.ArtifactContractTests.test_source_revision_tampering_is_rejected) ... ok
test_top_level_completion_is_rejected (test_capture_contracts.ArtifactContractTests.test_top_level_completion_is_rejected) ... ok
test_unicode_route_artifacts_are_preserved_and_blocked (test_capture_contracts.ArtifactContractTests.test_unicode_route_artifacts_are_preserved_and_blocked) ... ok
test_upstream_additions_do_not_expand_or_remove_frozen_ids (test_capture_contracts.ArtifactContractTests.test_upstream_additions_do_not_expand_or_remove_frozen_ids) ... ok
test_webauthn_recovery_get_is_preserved_and_uncharacterized (test_capture_contracts.ArtifactContractTests.test_webauthn_recovery_get_is_preserved_and_uncharacterized) ... ok
test_external_reference_cannot_trigger_network_access (test_capture_contracts.ExtractorSecurityTests.test_external_reference_cannot_trigger_network_access) ... ok
test_local_reference_resolves_constraints (test_capture_contracts.ExtractorSecurityTests.test_local_reference_resolves_constraints) ... ok
test_missing_and_nullable_are_distinct (test_capture_contracts.ExtractorSecurityTests.test_missing_and_nullable_are_distinct) ... ok
test_mutable_revision_is_rejected_before_network_access (test_capture_contracts.ExtractorSecurityTests.test_mutable_revision_is_rejected_before_network_access) ... ok
test_recursive_object_schema_is_bounded_and_retains_reference (test_capture_contracts.ExtractorSecurityTests.test_recursive_object_schema_is_bounded_and_retains_reference) ... ok
test_reference_cycles_fail_explicitly (test_capture_contracts.ExtractorSecurityTests.test_reference_cycles_fail_explicitly) ... ok
test_source_digest_mismatch_fails_before_parsing (test_capture_contracts.ExtractorSecurityTests.test_source_digest_mismatch_fails_before_parsing) ... ok
test_yaml_numeric_http_keys_normalize_without_overwrite (test_capture_contracts.ExtractorSecurityTests.test_yaml_numeric_http_keys_normalize_without_overwrite) ... ok
test_yaml_object_constructors_are_not_executed (test_capture_contracts.ExtractorSecurityTests.test_yaml_object_constructors_are_not_executed) ... ok

----------------------------------------------------------------------
Ran 29 tests in 0.602s

OK
