[
    {
        "Id": "sha256:b5f9dc32a0bf51f4796067a1a42dcdad029bf1fe74a97522568c278b890dc46a",
        "RepoTags": [],
        "RepoDigests": [],
        "Comment": "buildkit.dockerfile.v0",
        "Created": "2026-09-09T06:35:43.079755382Z",
        "Config": {
            "User": "node",
            "ExposedPorts": {
                "3000/tcp": {}
            },
            "Env": [
                "PATH=/usr/local/sbin:/usr/local/bin:/usr/sbin:/usr/bin:/sbin:/bin",
                "NODE_VERSION=22.23.2",
                "YARN_VERSION=1.22.22",
                "NODE_ENV=production"
            ],
            "Entrypoint": [
                "docker-entrypoint.sh"
            ],
            "Cmd": [
                "node",
                "server.js"
            ],
            "WorkingDir": "/app",
            "Labels": {
                "org.expertauth.build-run": "4db41ecb2f384aceb6e5177a7cdaa2e6",
                "org.expertauth.project": "expert-auth",
                "org.expertauth.purpose": "node-foundation"
            },
            "ArgsEscaped": true
        },
        "Architecture": "amd64",
        "Os": "linux",
        "Size": 95756116,
        "RootFS": {
            "Type": "layers",
            "Layers": [
                "sha256:66462cc862fe2053b9863fefa3866e07bb5dfb06f6b3ce3177cc096e4021aabe",
                "sha256:971f4222c89e76e28d9b107cb29729a5abb9fd7adea0d4a1c419ce9b73204feb",
                "sha256:d84f419161f986391e64d28f3e40dd54381ea37495b0a25daef6353bd8df4d92",
                "sha256:a45e8410aa35d5194fcdeb7f7969789ac3cc9431d5b69be8602492a2097909d7",
                "sha256:a8a755e4d6c4443f2aa3d52c6581a3253c71013f240d1a02edd519c317a66c4b",
                "sha256:871cf1e5a799be0a8dca5da16f8f0fcd7aa0a6687a2b1175900426afc84f1d50",
                "sha256:9eb1bdf30cf4fd4d9c136116fb8264cdf58e544ee7d5a3598e394b4dd733ef14",
                "sha256:9480e9ae32b25df7676109f98305d3bd7c05b08f26fc3e761fb2f34417b54122",
                "sha256:66176f3dc65cdeba3646915f07fbbf437ca7881a973b813a02d92bff7a1b71a7",
                "sha256:5a11bce82604c18a77eb972b8e25172a2ce78fe8d33108da6e36185064df92a8",
                "sha256:3044cc2a04124b5d532b20148d6964b89ecfbfd785f3e1b573412ba50ebdc00b"
            ]
        },
        "Metadata": {
            "LastTagTime": "2026-09-09T06:35:45.100421206Z"
        },
        "Descriptor": {
            "mediaType": "application/vnd.oci.image.manifest.v1+json",
            "digest": "sha256:b5f9dc32a0bf51f4796067a1a42dcdad029bf1fe74a97522568c278b890dc46a",
            "size": 2382,
            "annotations": {
                "config.digest": "sha256:4d6152cb0805797577dbe00faa309c69a9f50601ea740a120bd730d3adc44092"
            }
        },
        "Identity": {
            "Build": [
                {
                    "Ref": "j4h40z5u1gfujpy9qix64x80u",
                    "CreatedAt": "2026-09-09T06:35:45.968875449Z"
                }
            ]
        }
    }
]
